Using CPython 3.11.9 interpreter at: /opt/conda/bin/python
Creating virtual environment at: envs/pi0
Activate with: source envs/pi0/bin/activate
Using Python 3.11.9 environment at: envs/pi0
Resolved 73 packages in 1.77s
Downloading numpy (17.4MiB)
Downloading pygments (1.2MiB)
Downloading nvidia-cuda-cupti-cu12 (8.5MiB)
Downloading ml-dtypes (4.8MiB)
Downloading nvidia-cufile-cu12 (1.1MiB)
Downloading scipy (33.7MiB)
Downloading torchvision (7.1MiB)
Downloading nvidia-cufft-cu12 (190.9MiB)
Downloading nvidia-cusparse-cu12 (206.5MiB)
Downloading nvidia-cublas-cu12 (374.9MiB)
Downloading nvidia-nccl-cu12 (192.0MiB)
Downloading pillow (6.6MiB)
Downloading nvidia-curand-cu12 (53.7MiB)
Downloading tokenizers (3.0MiB)
Downloading networkx (2.0MiB)
Downloading sympy (6.0MiB)
Downloading nvidia-nvjitlink-cu12 (18.8MiB)
Downloading nvidia-cusolver-cu12 (150.9MiB)
Downloading nvidia-cusparselt-cu12 (149.5MiB)
Downloading nvidia-cuda-nvrtc-cu12 (22.6MiB)
Downloading nvidia-cudnn-cu12 (544.5MiB)
Downloading sentencepiece (1.3MiB)
Downloading torch (783.1MiB)
Downloading triton (148.5MiB)
Downloading av (37.7MiB)
Downloading tensorstore (20.6MiB)
Downloading pyarrow (40.8MiB)
Downloading jaxlib (100.2MiB)
Downloading jax (2.3MiB)
Downloading transformers (10.3MiB)
 Downloaded nvidia-cufile-cu12
 Downloaded pygments
 Downloaded sentencepiece
 Downloaded networkx
 Downloaded jax
 Downloaded tokenizers
 Downloaded ml-dtypes
Terminated
Using Python 3.11.9 environment at: envs/pi0
Resolved 73 packages in 42ms
Downloading numpy (17.4MiB)
Downloading pyarrow (40.8MiB)
Downloading torchvision (7.1MiB)
Downloading av (37.7MiB)
 Downloaded torchvision
 Downloaded numpy
 Downloaded av
 Downloaded pyarrow
Prepared 4 packages in 12.41s
Installed 10 packages in 10.28s
 + augmax==0.3.4
 + av==15.1.0
 + filelock==4.0.3
 + iniconfig==2.3.0
 + ml-dtypes==0.5.4
 + numpy==1.26.4
 + pyarrow==21.0.0
 + pytest==9.1.1
 + setuptools==84.0.0
 + torchvision==0.22.1
π0 runtime imports and transformers patch verified; weights and dataset are checked separately.
