absl-py 2.5.0 31 483040
beartype 0.19.0 335 3603424
certifi 2026.7.22 13 249281
charset-normalizer 3.5.1 23 747691
einops 0.8.2 33 234152
etils 1.14.0 103 422586
flax 0.10.2 129 1521615
fsspec 2026.9.0 63 813913
hf-xet 1.6.0 8 12509043
huggingface-hub 0.36.2 174 2268595
humanize 4.16.0 83 432206
idna 3.20 18 342942
jax 0.5.3 526 8935818
jaxlib 0.5.3 112 396939259
jaxtyping 0.2.36 22 182212
jinja2 3.1.6 32 498175
markdown-it-py 4.2.0 76 249230
markupsafe 3.0.3 12 67248
mdurl 0.1.2 12 23676
mpmath 1.3.0 93 1955210
msgpack 1.2.2 11 1440681
nest-asyncio 1.6.0 7 12359
networkx 3.6.1 602 7080946
nvidia-cublas-cu12 12.6.4.1 19 600763979
nvidia-cuda-cupti-cu12 12.6.80 52 34856174
nvidia-cuda-nvrtc-cu12 12.6.77 13 64148008
nvidia-cuda-runtime-cu12 12.6.77 102 4667381
nvidia-cudnn-cu12 9.5.1.17 32 875245942
nvidia-cufft-cu12 11.3.0.4 16 281139359
nvidia-cufile-cu12 1.11.1.6 13 3179539
nvidia-curand-cu12 10.3.7.77 28 98640953
nvidia-cusolver-cu12 11.7.1.2 18 243636905
nvidia-cusparse-cu12 12.5.4.2 13 293978580
nvidia-cusparselt-cu12 0.6.3 8 237426524
nvidia-nccl-cu12 2.26.2 12 273412250
nvidia-nvjitlink-cu12 12.6.85 12 50498342
nvidia-nvtx-cu12 12.6.77 32 369959
opt-einsum 3.4.0 33 249456
optax 0.2.8 135 1429695
orbax-checkpoint 0.11.13 172 1576211
packaging 26.3 30 500425
pillow 12.3.0 141 19644627
pluggy 1.6.0 15 66302
protobuf 7.36.2 64 1392088
pygments 2.21.0 351 4640636
pyyaml 6.0.3 25 2875447
regex 2026.9.10 11 3021683
requests 2.34.2 27 235437
rich 15.0.0 106 1250880
safetensors 0.8.0 16 1338189
scipy 1.17.1 1426 114366238
sentencepiece 0.2.2 18 2943451
simplejson 4.1.2 51 610029
sympy 1.14.0 1572 26942317
tensorstore 0.1.85 13 67584891
tokenizers 0.21.4 29 9566332
torch 2.7.1 11014 1614107639
tqdm 4.70.1 41 235361
transformers 4.53.2 1994 48126144
triton 3.3.1 348 563326083
typing-extensions 4.16.0 6 182924
urllib3 2.8.0 43 452542
zipp 4.1.0 13 23775
