
################ 会话开始 2026-09-22 20:06:43  [CTE] ################
# run=cte-v3-20260922  steps=3000  save_every=1000  batch=8  lr=1e-4
# cache=/workspace/mnt/sqzhang26/zeva-work/datasets/xhand_cte_cache  window_latents=17
[env.sh] 警告: 未找到 libEGL，MUJOCO_GL 未启用。
         需 apt-get install -y libegl1 libgl1（或装带 EGL 的 NVIDIA 驱动）
         后才能做 RoboCasa 无头渲染。静默此提示: export ZEVA_SKIP_EGL_WARNING=1
[2026-09-22 20:07:02] --resume given but /workspace/mnt/sqzhang26/zeva-work/runs/zeva_cte/cte-v3-20260922/cte_latest.pt does not exist; starting fresh
[2026-09-22 20:07:02] cache=/workspace/mnt/sqzhang26/zeva-work/datasets/xhand_cte_cache window_latents=17 train_windows=9748 val_windows=519 params=9.49M device=cuda start_step=0
[2026-09-22 20:07:02] loss weights: effect_contrastive_weight=1  effect_diversity_weight=1  effect_variance_weight=1  effect_covariance_weight=0.04  effect_align_weight=0.1
/workspace/mnt/sqzhang26/zeva-work/cosmos-framework/cosmos_framework/zeva_training/train_cte.py:249: UserWarning: Converting a tensor with requires_grad=True to a scalar may lead to unexpected behavior.
Consider using tensor.detach() first. (Triggered internally at /pytorch/torch/csrc/autograd/generated/python_variable_methods.cpp:836.)
  f"step {step}/{args.steps}  total={float(losses['total']):.4f} "
[2026-09-22 20:07:04] step 1/3000  total=2.7387 action=0.9105 vision=0.3574 task=0.0000 phase=0.0035 effect=5.8822 (contrast=3.843 var=0.975)  1.55s/step
[2026-09-22 20:07:05] step 10/3000  total=1.6456 action=0.1658 vision=0.0809 task=0.0000 phase=0.0042 effect=5.5939 (contrast=3.573 var=0.957)  0.23s/step
[2026-09-22 20:07:06] step 20/3000  total=1.4645 action=0.0740 vision=0.0336 task=0.0000 phase=0.0040 effect=5.4257 (contrast=3.434 var=0.976)  0.20s/step
[2026-09-22 20:07:08] step 30/3000  total=1.3811 action=0.0427 vision=0.0153 task=0.0000 phase=0.0033 effect=5.2909 (contrast=3.472 var=0.976)  0.20s/step
[2026-09-22 20:07:10] step 40/3000  total=1.3762 action=0.0419 vision=0.0095 task=0.0000 phase=0.0028 effect=5.2983 (contrast=3.588 var=0.975)  0.19s/step
[2026-09-22 20:07:12] step 50/3000  total=1.3121 action=0.0229 vision=0.0068 task=0.0000 phase=0.0015 effect=5.1291 (contrast=3.436 var=0.975)  0.19s/step
[2026-09-22 20:07:13] step 60/3000  total=1.2954 action=0.0276 vision=0.0063 task=0.0000 phase=0.0007 effect=5.0458 (contrast=3.372 var=0.969)  0.18s/step
[2026-09-22 20:07:15] step 70/3000  total=1.2707 action=0.0148 vision=0.0060 task=0.0000 phase=0.0006 effect=4.9995 (contrast=3.326 var=0.969)  0.18s/step
[2026-09-22 20:07:17] step 80/3000  total=1.2473 action=0.0174 vision=0.0058 task=0.0000 phase=0.0003 effect=4.8965 (contrast=3.233 var=0.965)  0.18s/step
[2026-09-22 20:07:19] step 90/3000  total=1.1725 action=0.0185 vision=0.0078 task=0.0000 phase=0.0005 effect=4.5844 (contrast=2.974 var=0.962)  0.18s/step
[2026-09-22 20:07:20] step 100/3000  total=1.1450 action=0.0185 vision=0.0053 task=0.0000 phase=0.0004 effect=4.4847 (contrast=2.884 var=0.955)  0.18s/step
[2026-09-22 20:07:22] step 110/3000  total=1.1052 action=0.0131 vision=0.0046 task=0.0000 phase=0.0007 effect=4.3497 (contrast=2.765 var=0.961)  0.18s/step
[2026-09-22 20:07:24] step 120/3000  total=1.0377 action=0.0256 vision=0.0065 task=0.0000 phase=0.0005 effect=4.0221 (contrast=2.768 var=0.960)  0.18s/step
[2026-09-22 20:07:26] step 130/3000  total=0.9781 action=0.0208 vision=0.0062 task=0.0000 phase=0.0007 effect=3.8039 (contrast=2.572 var=0.961)  0.18s/step
[2026-09-22 20:07:27] step 140/3000  total=0.9866 action=0.0172 vision=0.0064 task=0.0000 phase=0.0009 effect=3.8516 (contrast=2.599 var=0.962)  0.18s/step
[2026-09-22 20:07:29] step 150/3000  total=0.9266 action=0.0195 vision=0.0025 task=0.0000 phase=0.0000 effect=3.6185 (contrast=2.310 var=0.937)  0.18s/step
[2026-09-22 20:07:31] step 160/3000  total=0.9428 action=0.0143 vision=0.0033 task=0.0000 phase=0.0005 effect=3.7006 (contrast=2.551 var=0.951)  0.18s/step
[2026-09-22 20:07:32] step 170/3000  total=0.8749 action=0.0205 vision=0.0033 task=0.0000 phase=0.0011 effect=3.4038 (contrast=2.275 var=0.957)  0.18s/step
[2026-09-22 20:07:34] step 180/3000  total=0.9288 action=0.0219 vision=0.0025 task=0.0000 phase=0.0002 effect=3.6174 (contrast=2.378 var=0.958)  0.18s/step
[2026-09-22 20:07:36] step 190/3000  total=0.9421 action=0.0226 vision=0.0027 task=0.0000 phase=0.0004 effect=3.6668 (contrast=2.512 var=0.957)  0.18s/step
[2026-09-22 20:07:37] step 200/3000  total=0.9408 action=0.0108 vision=0.0022 task=0.0000 phase=0.0003 effect=3.7109 (contrast=2.503 var=0.960)  0.17s/step
[2026-09-22 20:07:39] step 210/3000  total=0.9352 action=0.0173 vision=0.0037 task=0.0000 phase=0.0005 effect=3.6568 (contrast=2.437 var=0.964)  0.18s/step
[2026-09-22 20:07:41] step 220/3000  total=0.9021 action=0.0511 vision=0.0027 task=0.0000 phase=0.0003 effect=3.3933 (contrast=2.239 var=0.952)  0.17s/step
[2026-09-22 20:07:42] step 230/3000  total=0.9080 action=0.0175 vision=0.0023 task=0.0000 phase=0.0001 effect=3.5527 (contrast=2.367 var=0.935)  0.17s/step
[2026-09-22 20:07:44] step 240/3000  total=0.8747 action=0.0169 vision=0.0027 task=0.0000 phase=0.0005 effect=3.4203 (contrast=2.281 var=0.960)  0.17s/step
[2026-09-22 20:07:46] step 250/3000  total=0.8768 action=0.0180 vision=0.0028 task=0.0000 phase=0.0004 effect=3.4236 (contrast=2.310 var=0.958)  0.17s/step
[2026-09-22 20:07:47] step 260/3000  total=0.8601 action=0.0293 vision=0.0030 task=0.0000 phase=0.0004 effect=3.3113 (contrast=2.188 var=0.953)  0.17s/step
[2026-09-22 20:07:49] step 270/3000  total=0.8667 action=0.0121 vision=0.0023 task=0.0000 phase=0.0008 effect=3.4090 (contrast=2.264 var=0.961)  0.17s/step
[2026-09-22 20:07:51] step 280/3000  total=0.8641 action=0.0102 vision=0.0017 task=0.0000 phase=0.0004 effect=3.4086 (contrast=2.231 var=0.960)  0.17s/step
[2026-09-22 20:07:53] step 290/3000  total=0.8951 action=0.0332 vision=0.0026 task=0.0000 phase=0.0005 effect=3.4369 (contrast=2.284 var=0.959)  0.17s/step
[2026-09-22 20:07:54] step 300/3000  total=0.8743 action=0.0134 vision=0.0021 task=0.0000 phase=0.0003 effect=3.4350 (contrast=2.282 var=0.961)  0.17s/step
[2026-09-22 20:07:56] step 310/3000  total=0.8748 action=0.0137 vision=0.0018 task=0.0000 phase=0.0002 effect=3.4371 (contrast=2.334 var=0.955)  0.17s/step
[2026-09-22 20:07:58] step 320/3000  total=0.8524 action=0.0130 vision=0.0022 task=0.0000 phase=0.0003 effect=3.3489 (contrast=2.255 var=0.955)  0.17s/step
[2026-09-22 20:08:00] step 330/3000  total=0.8783 action=0.0107 vision=0.0016 task=0.0000 phase=0.0001 effect=3.4640 (contrast=2.280 var=0.959)  0.17s/step
[2026-09-22 20:08:01] step 340/3000  total=0.8497 action=0.0165 vision=0.0018 task=0.0000 phase=0.0001 effect=3.3255 (contrast=2.213 var=0.961)  0.17s/step
[2026-09-22 20:08:03] step 350/3000  total=0.8893 action=0.0242 vision=0.0016 task=0.0000 phase=0.0000 effect=3.4542 (contrast=2.217 var=0.955)  0.17s/step
[2026-09-22 20:08:04] step 360/3000  total=0.8667 action=0.0120 vision=0.0013 task=0.0000 phase=0.0000 effect=3.4136 (contrast=2.209 var=0.962)  0.17s/step
[2026-09-22 20:08:06] step 370/3000  total=0.8422 action=0.0139 vision=0.0015 task=0.0000 phase=0.0000 effect=3.3072 (contrast=2.147 var=0.959)  0.17s/step
[2026-09-22 20:08:08] step 380/3000  total=0.8446 action=0.0114 vision=0.0015 task=0.0000 phase=0.0001 effect=3.3268 (contrast=2.210 var=0.954)  0.17s/step
[2026-09-22 20:08:10] step 390/3000  total=0.8496 action=0.0107 vision=0.0016 task=0.0000 phase=0.0001 effect=3.3490 (contrast=2.223 var=0.958)  0.17s/step
[2026-09-22 20:08:11] step 400/3000  total=0.8342 action=0.0106 vision=0.0019 task=0.0000 phase=0.0000 effect=3.2868 (contrast=2.116 var=0.959)  0.17s/step
[2026-09-22 20:08:13] step 410/3000  total=0.8386 action=0.0122 vision=0.0018 task=0.0000 phase=0.0001 effect=3.2984 (contrast=2.169 var=0.960)  0.17s/step
[2026-09-22 20:08:15] step 420/3000  total=0.8222 action=0.0103 vision=0.0014 task=0.0000 phase=0.0003 effect=3.2417 (contrast=2.120 var=0.961)  0.17s/step
[2026-09-22 20:08:16] step 430/3000  total=0.8103 action=0.0152 vision=0.0017 task=0.0000 phase=0.0000 effect=3.1737 (contrast=2.055 var=0.957)  0.17s/step
[2026-09-22 20:08:18] step 440/3000  total=0.8514 action=0.0134 vision=0.0015 task=0.0000 phase=0.0001 effect=3.3459 (contrast=2.222 var=0.964)  0.17s/step
[2026-09-22 20:08:20] step 450/3000  total=0.8305 action=0.0078 vision=0.0013 task=0.0000 phase=0.0001 effect=3.2855 (contrast=2.118 var=0.960)  0.17s/step
[2026-09-22 20:08:21] step 460/3000  total=0.8652 action=0.0226 vision=0.0021 task=0.0000 phase=0.0001 effect=3.3621 (contrast=2.079 var=0.963)  0.17s/step
[2026-09-22 20:08:23] step 470/3000  total=0.8039 action=0.0133 vision=0.0018 task=0.0000 phase=0.0002 effect=3.1548 (contrast=2.046 var=0.956)  0.17s/step
[2026-09-22 20:08:25] step 480/3000  total=0.8387 action=0.0216 vision=0.0023 task=0.0000 phase=0.0002 effect=3.2593 (contrast=2.137 var=0.962)  0.17s/step
[2026-09-22 20:08:27] step 490/3000  total=0.7650 action=0.0117 vision=0.0018 task=0.0000 phase=0.0000 effect=3.0059 (contrast=1.879 var=0.960)  0.17s/step
[2026-09-22 20:08:28] step 500/3000  total=0.8061 action=0.0212 vision=0.0025 task=0.0000 phase=0.0003 effect=3.1297 (contrast=2.014 var=0.949)  0.17s/step
[2026-09-22 20:08:30] step 510/3000  total=0.8191 action=0.0109 vision=0.0017 task=0.0000 phase=0.0000 effect=3.2261 (contrast=2.070 var=0.959)  0.17s/step
[2026-09-22 20:08:32] step 520/3000  total=0.8160 action=0.0112 vision=0.0016 task=0.0000 phase=0.0000 effect=3.2132 (contrast=2.039 var=0.962)  0.17s/step
[2026-09-22 20:08:34] step 530/3000  total=0.7931 action=0.0192 vision=0.0021 task=0.0000 phase=0.0001 effect=3.0874 (contrast=1.968 var=0.932)  0.17s/step
[2026-09-22 20:08:35] step 540/3000  total=0.7853 action=0.0103 vision=0.0016 task=0.0000 phase=0.0000 effect=3.0935 (contrast=1.988 var=0.961)  0.17s/step
[2026-09-22 20:08:37] step 550/3000  total=0.8054 action=0.0118 vision=0.0021 task=0.0000 phase=0.0008 effect=3.1657 (contrast=2.032 var=0.961)  0.17s/step
[2026-09-22 20:08:39] step 560/3000  total=0.7481 action=0.0137 vision=0.0025 task=0.0000 phase=0.0003 effect=2.9276 (contrast=1.839 var=0.953)  0.17s/step
[2026-09-22 20:08:40] step 570/3000  total=0.8643 action=0.0139 vision=0.0048 task=0.0000 phase=0.0015 effect=3.3816 (contrast=2.200 var=0.960)  0.17s/step
[2026-09-22 20:08:42] step 580/3000  total=0.7748 action=0.0099 vision=0.0031 task=0.0000 phase=0.0008 effect=3.0472 (contrast=1.892 var=0.959)  0.17s/step
[2026-09-22 20:08:44] step 590/3000  total=0.7457 action=0.0142 vision=0.0041 task=0.0000 phase=0.0004 effect=2.9095 (contrast=1.802 var=0.959)  0.17s/step
[2026-09-22 20:08:46] step 600/3000  total=0.7753 action=0.0345 vision=0.0052 task=0.0000 phase=0.0009 effect=2.9420 (contrast=1.799 var=0.959)  0.17s/step
[2026-09-22 20:08:47] step 610/3000  total=0.7570 action=0.0191 vision=0.0064 task=0.0000 phase=0.0008 effect=2.9257 (contrast=1.799 var=0.958)  0.17s/step
[2026-09-22 20:08:49] step 620/3000  total=0.7634 action=0.0203 vision=0.0050 task=0.0000 phase=0.0008 effect=2.9523 (contrast=1.831 var=0.965)  0.17s/step
[2026-09-22 20:08:51] step 630/3000  total=0.7390 action=0.0145 vision=0.0052 task=0.0000 phase=0.0009 effect=2.8767 (contrast=1.765 var=0.964)  0.17s/step
[2026-09-22 20:08:52] step 640/3000  total=0.7486 action=0.0163 vision=0.0049 task=0.0000 phase=0.0002 effect=2.9094 (contrast=1.765 var=0.962)  0.17s/step
[2026-09-22 20:08:54] step 650/3000  total=0.7310 action=0.0122 vision=0.0042 task=0.0000 phase=0.0002 effect=2.8584 (contrast=1.626 var=0.963)  0.17s/step
[2026-09-22 20:08:56] step 660/3000  total=0.7176 action=0.0213 vision=0.0060 task=0.0000 phase=0.0003 effect=2.7612 (contrast=1.640 var=0.928)  0.17s/step
[2026-09-22 20:08:58] step 670/3000  total=0.7370 action=0.0179 vision=0.0074 task=0.0000 phase=0.0015 effect=2.8459 (contrast=1.707 var=0.962)  0.17s/step
[2026-09-22 20:08:59] step 680/3000  total=0.7461 action=0.0251 vision=0.0067 task=0.0000 phase=0.0008 effect=2.8568 (contrast=1.709 var=0.962)  0.17s/step
[2026-09-22 20:09:01] step 690/3000  total=0.7599 action=0.0295 vision=0.0070 task=0.0000 phase=0.0011 effect=2.8935 (contrast=1.773 var=0.958)  0.17s/step
[2026-09-22 20:09:03] step 700/3000  total=0.6721 action=0.0147 vision=0.0067 task=0.0000 phase=0.0002 effect=2.6027 (contrast=1.506 var=0.959)  0.17s/step
[2026-09-22 20:09:04] step 710/3000  total=0.7129 action=0.0140 vision=0.0076 task=0.0000 phase=0.0003 effect=2.7652 (contrast=1.579 var=0.959)  0.17s/step
[2026-09-22 20:09:06] step 720/3000  total=0.6739 action=0.0121 vision=0.0063 task=0.0000 phase=0.0003 effect=2.6219 (contrast=1.527 var=0.955)  0.17s/step
[2026-09-22 20:09:08] step 730/3000  total=0.6584 action=0.0168 vision=0.0064 task=0.0000 phase=0.0005 effect=2.5404 (contrast=1.423 var=0.953)  0.17s/step
[2026-09-22 20:09:10] step 740/3000  total=0.6856 action=0.0090 vision=0.0070 task=0.0000 phase=0.0012 effect=2.6779 (contrast=1.541 var=0.960)  0.17s/step
[2026-09-22 20:09:11] step 750/3000  total=0.6398 action=0.0122 vision=0.0071 task=0.0000 phase=0.0015 effect=2.4813 (contrast=1.396 var=0.961)  0.17s/step
[2026-09-22 20:09:13] step 760/3000  total=0.6489 action=0.0105 vision=0.0073 task=0.0000 phase=0.0020 effect=2.5237 (contrast=1.392 var=0.956)  0.17s/step
[2026-09-22 20:09:15] step 770/3000  total=0.6423 action=0.0126 vision=0.0069 task=0.0000 phase=0.0004 effect=2.4911 (contrast=1.402 var=0.958)  0.17s/step
[2026-09-22 20:09:16] step 780/3000  total=0.6469 action=0.0125 vision=0.0082 task=0.0000 phase=0.0009 effect=2.5044 (contrast=1.403 var=0.961)  0.17s/step
[2026-09-22 20:09:19] step 790/3000  total=0.7682 action=0.0166 vision=0.0079 task=0.0000 phase=0.0010 effect=2.9748 (contrast=1.809 var=0.960)  0.17s/step
[2026-09-22 20:09:20] step 800/3000  total=0.6931 action=0.0097 vision=0.0058 task=0.0000 phase=0.0010 effect=2.7098 (contrast=1.570 var=0.961)  0.17s/step
[2026-09-22 20:09:22] step 810/3000  total=0.6753 action=0.0106 vision=0.0069 task=0.0000 phase=0.0009 effect=2.6311 (contrast=1.537 var=0.955)  0.17s/step
[2026-09-22 20:09:23] step 820/3000  total=0.6642 action=0.0095 vision=0.0068 task=0.0000 phase=0.0016 effect=2.5910 (contrast=1.489 var=0.958)  0.17s/step
[2026-09-22 20:09:25] step 830/3000  total=0.6423 action=0.0116 vision=0.0066 task=0.0000 phase=0.0011 effect=2.4959 (contrast=1.405 var=0.961)  0.17s/step
[2026-09-22 20:09:27] step 840/3000  total=0.6476 action=0.0209 vision=0.0076 task=0.0000 phase=0.0012 effect=2.4759 (contrast=1.367 var=0.954)  0.17s/step
[2026-09-22 20:09:29] step 850/3000  total=0.6438 action=0.0132 vision=0.0082 task=0.0000 phase=0.0007 effect=2.4896 (contrast=1.360 var=0.960)  0.17s/step
[2026-09-22 20:09:30] step 860/3000  total=0.6143 action=0.0215 vision=0.0079 task=0.0000 phase=0.0013 effect=2.3390 (contrast=1.225 var=0.959)  0.17s/step
[2026-09-22 20:09:32] step 870/3000  total=0.5949 action=0.0211 vision=0.0070 task=0.0000 phase=0.0011 effect=2.2669 (contrast=1.174 var=0.957)  0.17s/step
[2026-09-22 20:09:34] step 880/3000  total=0.6404 action=0.0121 vision=0.0072 task=0.0000 phase=0.0007 effect=2.4842 (contrast=1.402 var=0.956)  0.17s/step
[2026-09-22 20:09:36] step 890/3000  total=0.6449 action=0.0170 vision=0.0076 task=0.0000 phase=0.0008 effect=2.4812 (contrast=1.367 var=0.961)  0.17s/step
[2026-09-22 20:09:37] step 900/3000  total=0.6259 action=0.0253 vision=0.0067 task=0.0000 phase=0.0007 effect=2.3750 (contrast=1.305 var=0.927)  0.17s/step
[2026-09-22 20:09:39] step 910/3000  total=0.5677 action=0.0152 vision=0.0066 task=0.0000 phase=0.0022 effect=2.1831 (contrast=1.105 var=0.957)  0.17s/step
[2026-09-22 20:09:41] step 920/3000  total=0.6196 action=0.0109 vision=0.0065 task=0.0000 phase=0.0005 effect=2.4085 (contrast=1.340 var=0.954)  0.17s/step
[2026-09-22 20:09:43] step 930/3000  total=0.6768 action=0.0080 vision=0.0065 task=0.0000 phase=0.0010 effect=2.6490 (contrast=1.467 var=0.963)  0.17s/step
[2026-09-22 20:09:44] step 940/3000  total=0.5426 action=0.0155 vision=0.0078 task=0.0000 phase=0.0015 effect=2.0764 (contrast=1.029 var=0.923)  0.17s/step
[2026-09-22 20:09:46] step 950/3000  total=0.6781 action=0.0168 vision=0.0074 task=0.0000 phase=0.0017 effect=2.6147 (contrast=1.490 var=0.961)  0.17s/step
[2026-09-22 20:09:48] step 960/3000  total=0.6934 action=0.0376 vision=0.0071 task=0.0000 phase=0.0016 effect=2.5943 (contrast=1.471 var=0.956)  0.17s/step
[2026-09-22 20:09:49] step 970/3000  total=0.5545 action=0.0125 vision=0.0067 task=0.0000 phase=0.0030 effect=2.1398 (contrast=1.076 var=0.955)  0.17s/step
[2026-09-22 20:09:51] step 980/3000  total=0.7224 action=0.0116 vision=0.0065 task=0.0000 phase=0.0009 effect=2.8168 (contrast=1.675 var=0.963)  0.17s/step
[2026-09-22 20:09:53] step 990/3000  total=0.6246 action=0.0130 vision=0.0077 task=0.0000 phase=0.0005 effect=2.4156 (contrast=1.304 var=0.961)  0.17s/step
[2026-09-22 20:09:54] step 1000/3000  total=0.7317 action=0.0139 vision=0.0080 task=0.0000 phase=0.0021 effect=2.8383 (contrast=1.685 var=0.959)  0.17s/step
[2026-09-22 20:10:39]   saved cte_step_001000.pt  val_total=0.7839
[2026-09-22 20:10:39] step 1010/3000  total=0.5505 action=0.0197 vision=0.0073 task=0.0000 phase=0.0004 effect=2.0940 (contrast=1.056 var=0.923)  0.22s/step
[2026-09-22 20:10:41] step 1020/3000  total=0.6328 action=0.0100 vision=0.0064 task=0.0000 phase=0.0015 effect=2.4651 (contrast=1.388 var=0.958)  0.21s/step
[2026-09-22 20:10:43] step 1030/3000  total=0.5298 action=0.0151 vision=0.0068 task=0.0000 phase=0.0009 effect=2.0314 (contrast=0.965 var=0.951)  0.21s/step
[2026-09-22 20:10:44] step 1040/3000  total=0.6342 action=0.0127 vision=0.0071 task=0.0000 phase=0.0014 effect=2.4570 (contrast=1.352 var=0.958)  0.21s/step
[2026-09-22 20:10:46] step 1050/3000  total=0.5741 action=0.0109 vision=0.0070 task=0.0000 phase=0.0022 effect=2.2243 (contrast=1.146 var=0.953)  0.21s/step
[2026-09-22 20:10:48] step 1060/3000  total=0.6120 action=0.0176 vision=0.0071 task=0.0000 phase=0.0019 effect=2.3484 (contrast=1.265 var=0.902)  0.21s/step
[2026-09-22 20:10:50] step 1070/3000  total=0.5584 action=0.0122 vision=0.0072 task=0.0000 phase=0.0014 effect=2.1554 (contrast=1.091 var=0.951)  0.21s/step
[2026-09-22 20:10:51] step 1080/3000  total=0.6277 action=0.0140 vision=0.0083 task=0.0000 phase=0.0006 effect=2.4213 (contrast=1.273 var=0.956)  0.21s/step
[2026-09-22 20:10:53] step 1090/3000  total=0.5429 action=0.0093 vision=0.0067 task=0.0000 phase=0.0008 effect=2.1071 (contrast=1.056 var=0.956)  0.21s/step
[2026-09-22 20:10:55] step 1100/3000  total=0.6181 action=0.0091 vision=0.0060 task=0.0000 phase=0.0014 effect=2.4112 (contrast=1.310 var=0.960)  0.21s/step
[2026-09-22 20:10:57] step 1110/3000  total=0.5302 action=0.0090 vision=0.0064 task=0.0000 phase=0.0006 effect=2.0590 (contrast=0.989 var=0.951)  0.21s/step
[2026-09-22 20:10:58] step 1120/3000  total=0.7115 action=0.0402 vision=0.0082 task=0.0000 phase=0.0023 effect=2.6512 (contrast=1.520 var=0.960)  0.21s/step
[2026-09-22 20:11:00] step 1130/3000  total=0.5617 action=0.0159 vision=0.0071 task=0.0000 phase=0.0010 effect=2.1547 (contrast=1.105 var=0.957)  0.21s/step
[2026-09-22 20:11:01] step 1140/3000  total=0.5475 action=0.0135 vision=0.0076 task=0.0000 phase=0.0014 effect=2.1052 (contrast=1.029 var=0.955)  0.21s/step
[2026-09-22 20:11:03] step 1150/3000  total=0.5624 action=0.0158 vision=0.0074 task=0.0000 phase=0.0009 effect=2.1561 (contrast=1.064 var=0.958)  0.21s/step
[2026-09-22 20:11:05] step 1160/3000  total=0.5356 action=0.0081 vision=0.0065 task=0.0000 phase=0.0033 effect=2.0827 (contrast=1.020 var=0.959)  0.21s/step
[2026-09-22 20:11:07] step 1170/3000  total=0.5877 action=0.0319 vision=0.0076 task=0.0000 phase=0.0023 effect=2.1922 (contrast=1.128 var=0.951)  0.21s/step
[2026-09-22 20:11:08] step 1180/3000  total=0.5452 action=0.0093 vision=0.0060 task=0.0000 phase=0.0015 effect=2.1190 (contrast=1.067 var=0.953)  0.21s/step
[2026-09-22 20:11:10] step 1190/3000  total=0.6153 action=0.0157 vision=0.0062 task=0.0000 phase=0.0011 effect=2.3731 (contrast=1.270 var=0.958)  0.21s/step
[2026-09-22 20:11:12] step 1200/3000  total=0.4682 action=0.0257 vision=0.0062 task=0.0000 phase=0.0017 effect=1.7445 (contrast=0.740 var=0.918)  0.21s/step
[2026-09-22 20:11:14] step 1210/3000  total=0.4769 action=0.0106 vision=0.0057 task=0.0000 phase=0.0010 effect=1.8419 (contrast=0.828 var=0.945)  0.21s/step
[2026-09-22 20:11:16] step 1220/3000  total=0.5668 action=0.0080 vision=0.0058 task=0.0000 phase=0.0024 effect=2.2109 (contrast=1.142 var=0.957)  0.21s/step
[2026-09-22 20:11:17] step 1230/3000  total=0.5439 action=0.0090 vision=0.0065 task=0.0000 phase=0.0017 effect=2.1128 (contrast=1.063 var=0.954)  0.21s/step
[2026-09-22 20:11:19] step 1240/3000  total=0.5405 action=0.0095 vision=0.0065 task=0.0000 phase=0.0019 effect=2.0971 (contrast=1.045 var=0.955)  0.21s/step
[2026-09-22 20:11:21] step 1250/3000  total=0.5655 action=0.0103 vision=0.0064 task=0.0000 phase=0.0006 effect=2.1949 (contrast=1.156 var=0.917)  0.21s/step
[2026-09-22 20:11:23] step 1260/3000  total=0.5255 action=0.0098 vision=0.0060 task=0.0000 phase=0.0008 effect=2.0387 (contrast=0.953 var=0.956)  0.21s/step
[2026-09-22 20:11:24] step 1270/3000  total=0.4738 action=0.0106 vision=0.0060 task=0.0000 phase=0.0014 effect=1.8280 (contrast=0.795 var=0.953)  0.21s/step
[2026-09-22 20:11:26] step 1280/3000  total=0.5214 action=0.0078 vision=0.0058 task=0.0000 phase=0.0011 effect=2.0306 (contrast=0.984 var=0.950)  0.21s/step
[2026-09-22 20:11:27] step 1290/3000  total=0.5109 action=0.0108 vision=0.0070 task=0.0000 phase=0.0008 effect=1.9722 (contrast=0.935 var=0.943)  0.21s/step
[2026-09-22 20:11:29] step 1300/3000  total=0.5025 action=0.0072 vision=0.0055 task=0.0000 phase=0.0021 effect=1.9583 (contrast=0.924 var=0.951)  0.21s/step
[2026-09-22 20:11:31] step 1310/3000  total=0.5445 action=0.0064 vision=0.0055 task=0.0000 phase=0.0019 effect=2.1296 (contrast=1.057 var=0.954)  0.21s/step
[2026-09-22 20:11:33] step 1320/3000  total=0.4922 action=0.0156 vision=0.0068 task=0.0000 phase=0.0019 effect=1.8787 (contrast=0.830 var=0.952)  0.20s/step
[2026-09-22 20:11:34] step 1330/3000  total=0.5892 action=0.0153 vision=0.0057 task=0.0000 phase=0.0016 effect=2.2723 (contrast=1.223 var=0.953)  0.20s/step
[2026-09-22 20:11:36] step 1340/3000  total=0.5199 action=0.0167 vision=0.0069 task=0.0000 phase=0.0011 effect=1.9848 (contrast=0.932 var=0.950)  0.20s/step
[2026-09-22 20:11:38] step 1350/3000  total=0.4752 action=0.0137 vision=0.0064 task=0.0000 phase=0.0032 effect=1.8194 (contrast=0.782 var=0.946)  0.20s/step
[2026-09-22 20:11:40] step 1360/3000  total=0.5935 action=0.0099 vision=0.0058 task=0.0000 phase=0.0018 effect=2.3103 (contrast=1.232 var=0.951)  0.20s/step
[2026-09-22 20:11:41] step 1370/3000  total=0.4816 action=0.0102 vision=0.0059 task=0.0000 phase=0.0010 effect=1.8618 (contrast=0.823 var=0.951)  0.20s/step
[2026-09-22 20:11:43] step 1380/3000  total=0.5685 action=0.0160 vision=0.0065 task=0.0000 phase=0.0007 effect=2.1840 (contrast=1.089 var=0.958)  0.20s/step
[2026-09-22 20:11:45] step 1390/3000  total=0.5300 action=0.0084 vision=0.0054 task=0.0000 phase=0.0010 effect=2.0644 (contrast=0.986 var=0.953)  0.20s/step
[2026-09-22 20:11:47] step 1400/3000  total=0.4967 action=0.0140 vision=0.0053 task=0.0000 phase=0.0017 effect=1.9087 (contrast=0.869 var=0.952)  0.20s/step
[2026-09-22 20:11:48] step 1410/3000  total=0.5259 action=0.0126 vision=0.0061 task=0.0000 phase=0.0013 effect=2.0282 (contrast=0.974 var=0.950)  0.20s/step
[2026-09-22 20:11:50] step 1420/3000  total=0.5232 action=0.0116 vision=0.0060 task=0.0000 phase=0.0019 effect=2.0218 (contrast=0.985 var=0.954)  0.20s/step
[2026-09-22 20:11:52] step 1430/3000  total=0.5088 action=0.0115 vision=0.0057 task=0.0000 phase=0.0007 effect=1.9662 (contrast=0.940 var=0.956)  0.20s/step
[2026-09-22 20:11:54] step 1440/3000  total=0.5830 action=0.0160 vision=0.0064 task=0.0000 phase=0.0003 effect=2.2422 (contrast=1.215 var=0.917)  0.20s/step
[2026-09-22 20:11:55] step 1450/3000  total=0.4721 action=0.0119 vision=0.0063 task=0.0000 phase=0.0019 effect=1.8148 (contrast=0.777 var=0.952)  0.20s/step
[2026-09-22 20:11:57] step 1460/3000  total=0.5014 action=0.0073 vision=0.0048 task=0.0000 phase=0.0008 effect=1.9571 (contrast=0.939 var=0.949)  0.20s/step
[2026-09-22 20:11:59] step 1470/3000  total=0.5018 action=0.0184 vision=0.0067 task=0.0000 phase=0.0007 effect=1.9066 (contrast=0.870 var=0.952)  0.20s/step
[2026-09-22 20:12:00] step 1480/3000  total=0.4751 action=0.0082 vision=0.0060 task=0.0000 phase=0.0011 effect=1.8431 (contrast=0.840 var=0.944)  0.20s/step
[2026-09-22 20:12:02] step 1490/3000  total=0.4764 action=0.0089 vision=0.0059 task=0.0000 phase=0.0021 effect=1.8456 (contrast=0.822 var=0.946)  0.20s/step
[2026-09-22 20:12:04] step 1500/3000  total=0.4985 action=0.0123 vision=0.0062 task=0.0000 phase=0.0008 effect=1.9201 (contrast=0.867 var=0.949)  0.20s/step
[2026-09-22 20:12:05] step 1510/3000  total=0.5126 action=0.0152 vision=0.0065 task=0.0000 phase=0.0025 effect=1.9624 (contrast=0.936 var=0.947)  0.20s/step
[2026-09-22 20:12:07] step 1520/3000  total=0.4302 action=0.0086 vision=0.0059 task=0.0000 phase=0.0011 effect=1.6622 (contrast=0.644 var=0.946)  0.20s/step
[2026-09-22 20:12:09] step 1530/3000  total=0.4780 action=0.0074 vision=0.0051 task=0.0000 phase=0.0010 effect=1.8618 (contrast=0.787 var=0.957)  0.20s/step
[2026-09-22 20:12:11] step 1540/3000  total=0.5063 action=0.0079 vision=0.0049 task=0.0000 phase=0.0021 effect=1.9733 (contrast=0.936 var=0.950)  0.20s/step
[2026-09-22 20:12:12] step 1550/3000  total=0.4785 action=0.0104 vision=0.0063 task=0.0000 phase=0.0020 effect=1.8462 (contrast=0.806 var=0.952)  0.20s/step
[2026-09-22 20:12:14] step 1560/3000  total=0.4345 action=0.0112 vision=0.0052 task=0.0000 phase=0.0008 effect=1.6718 (contrast=0.691 var=0.910)  0.20s/step
[2026-09-22 20:12:16] step 1570/3000  total=0.4661 action=0.0083 vision=0.0048 task=0.0000 phase=0.0014 effect=1.8113 (contrast=0.789 var=0.951)  0.20s/step
[2026-09-22 20:12:18] step 1580/3000  total=0.4934 action=0.0070 vision=0.0047 task=0.0000 phase=0.0016 effect=1.9263 (contrast=0.881 var=0.953)  0.20s/step
[2026-09-22 20:12:19] step 1590/3000  total=0.5215 action=0.0171 vision=0.0052 task=0.0000 phase=0.0011 effect=1.9966 (contrast=0.961 var=0.953)  0.20s/step
[2026-09-22 20:12:21] step 1600/3000  total=0.4633 action=0.0088 vision=0.0050 task=0.0000 phase=0.0007 effect=1.7979 (contrast=0.761 var=0.945)  0.20s/step
[2026-09-22 20:12:23] step 1610/3000  total=0.4477 action=0.0081 vision=0.0057 task=0.0000 phase=0.0011 effect=1.7354 (contrast=0.724 var=0.950)  0.20s/step
[2026-09-22 20:12:25] step 1620/3000  total=0.4208 action=0.0070 vision=0.0051 task=0.0000 phase=0.0018 effect=1.6341 (contrast=0.633 var=0.946)  0.20s/step
[2026-09-22 20:12:26] step 1630/3000  total=0.4800 action=0.0097 vision=0.0058 task=0.0000 phase=0.0010 effect=1.8572 (contrast=0.818 var=0.953)  0.20s/step
[2026-09-22 20:12:28] step 1640/3000  total=0.5129 action=0.0143 vision=0.0066 task=0.0000 phase=0.0015 effect=1.9675 (contrast=0.933 var=0.943)  0.20s/step
[2026-09-22 20:12:30] step 1650/3000  total=0.5269 action=0.0103 vision=0.0056 task=0.0000 phase=0.0011 effect=2.0435 (contrast=0.990 var=0.954)  0.20s/step
[2026-09-22 20:12:32] step 1660/3000  total=0.5176 action=0.0070 vision=0.0045 task=0.0000 phase=0.0010 effect=2.0240 (contrast=1.002 var=0.952)  0.20s/step
[2026-09-22 20:12:33] step 1670/3000  total=0.4382 action=0.0069 vision=0.0051 task=0.0000 phase=0.0019 effect=1.7040 (contrast=0.701 var=0.948)  0.20s/step
[2026-09-22 20:12:35] step 1680/3000  total=0.4616 action=0.0156 vision=0.0069 task=0.0000 phase=0.0024 effect=1.7553 (contrast=0.729 var=0.950)  0.20s/step
[2026-09-22 20:12:37] step 1690/3000  total=0.4872 action=0.0098 vision=0.0055 task=0.0000 phase=0.0011 effect=1.8873 (contrast=0.867 var=0.948)  0.20s/step
[2026-09-22 20:12:39] step 1700/3000  total=0.3995 action=0.0149 vision=0.0064 task=0.0000 phase=0.0006 effect=1.5125 (contrast=0.509 var=0.948)  0.20s/step
[2026-09-22 20:12:40] step 1710/3000  total=0.4720 action=0.0058 vision=0.0041 task=0.0000 phase=0.0008 effect=1.8483 (contrast=0.867 var=0.939)  0.20s/step
[2026-09-22 20:12:42] step 1720/3000  total=0.4205 action=0.0078 vision=0.0049 task=0.0000 phase=0.0016 effect=1.6302 (contrast=0.612 var=0.947)  0.20s/step
[2026-09-22 20:12:44] step 1730/3000  total=0.5064 action=0.0210 vision=0.0068 task=0.0000 phase=0.0007 effect=1.9140 (contrast=0.871 var=0.954)  0.20s/step
[2026-09-22 20:12:45] step 1740/3000  total=0.4152 action=0.0073 vision=0.0048 task=0.0000 phase=0.0009 effect=1.6121 (contrast=0.590 var=0.946)  0.20s/step
[2026-09-22 20:12:47] step 1750/3000  total=0.4549 action=0.0111 vision=0.0054 task=0.0000 phase=0.0010 effect=1.7534 (contrast=0.730 var=0.944)  0.20s/step
[2026-09-22 20:12:49] step 1760/3000  total=0.4919 action=0.0069 vision=0.0044 task=0.0000 phase=0.0018 effect=1.9219 (contrast=0.886 var=0.953)  0.20s/step
[2026-09-22 20:12:51] step 1770/3000  total=0.4662 action=0.0084 vision=0.0055 task=0.0000 phase=0.0017 effect=1.8086 (contrast=0.781 var=0.949)  0.20s/step
[2026-09-22 20:12:52] step 1780/3000  total=0.4891 action=0.0070 vision=0.0046 task=0.0000 phase=0.0014 effect=1.9095 (contrast=0.916 var=0.947)  0.20s/step
[2026-09-22 20:12:54] step 1790/3000  total=0.4429 action=0.0071 vision=0.0046 task=0.0000 phase=0.0029 effect=1.7238 (contrast=0.713 var=0.946)  0.20s/step
[2026-09-22 20:12:56] step 1800/3000  total=0.4595 action=0.0082 vision=0.0052 task=0.0000 phase=0.0015 effect=1.7840 (contrast=0.747 var=0.948)  0.20s/step
[2026-09-22 20:12:57] step 1810/3000  total=0.4466 action=0.0188 vision=0.0059 task=0.0000 phase=0.0022 effect=1.6868 (contrast=0.676 var=0.950)  0.20s/step
[2026-09-22 20:12:59] step 1820/3000  total=0.4752 action=0.0123 vision=0.0055 task=0.0000 phase=0.0019 effect=1.8285 (contrast=0.811 var=0.948)  0.20s/step
[2026-09-22 20:13:01] step 1830/3000  total=0.4966 action=0.0083 vision=0.0043 task=0.0000 phase=0.0008 effect=1.9354 (contrast=0.869 var=0.947)  0.20s/step
[2026-09-22 20:13:02] step 1840/3000  total=0.5307 action=0.0108 vision=0.0050 task=0.0000 phase=0.0015 effect=2.0591 (contrast=1.005 var=0.957)  0.20s/step
[2026-09-22 20:13:04] step 1850/3000  total=0.4347 action=0.0110 vision=0.0052 task=0.0000 phase=0.0012 effect=1.6734 (contrast=0.661 var=0.947)  0.20s/step
[2026-09-22 20:13:06] step 1860/3000  total=0.4141 action=0.0083 vision=0.0042 task=0.0000 phase=0.0013 effect=1.6058 (contrast=0.581 var=0.945)  0.20s/step
[2026-09-22 20:13:07] step 1870/3000  total=0.4754 action=0.0063 vision=0.0040 task=0.0000 phase=0.0012 effect=1.8598 (contrast=0.841 var=0.952)  0.20s/step
[2026-09-22 20:13:09] step 1880/3000  total=0.4671 action=0.0092 vision=0.0050 task=0.0000 phase=0.0011 effect=1.8113 (contrast=0.806 var=0.950)  0.20s/step
[2026-09-22 20:13:11] step 1890/3000  total=0.4454 action=0.0066 vision=0.0036 task=0.0000 phase=0.0013 effect=1.7403 (contrast=0.764 var=0.936)  0.19s/step
[2026-09-22 20:13:13] step 1900/3000  total=0.5012 action=0.0108 vision=0.0048 task=0.0000 phase=0.0016 effect=1.9415 (contrast=0.900 var=0.950)  0.19s/step
[2026-09-22 20:13:14] step 1910/3000  total=0.4156 action=0.0074 vision=0.0040 task=0.0000 phase=0.0009 effect=1.6162 (contrast=0.662 var=0.901)  0.19s/step
[2026-09-22 20:13:16] step 1920/3000  total=0.4117 action=0.0167 vision=0.0056 task=0.0000 phase=0.0013 effect=1.5574 (contrast=0.539 var=0.939)  0.19s/step
[2026-09-22 20:13:18] step 1930/3000  total=0.4695 action=0.0116 vision=0.0052 task=0.0000 phase=0.0017 effect=1.8100 (contrast=0.796 var=0.940)  0.19s/step
[2026-09-22 20:13:20] step 1940/3000  total=0.4356 action=0.0094 vision=0.0047 task=0.0000 phase=0.0009 effect=1.6855 (contrast=0.686 var=0.947)  0.19s/step
[2026-09-22 20:13:21] step 1950/3000  total=0.4353 action=0.0109 vision=0.0054 task=0.0000 phase=0.0023 effect=1.6748 (contrast=0.675 var=0.948)  0.19s/step
[2026-09-22 20:13:23] step 1960/3000  total=0.4219 action=0.0123 vision=0.0052 task=0.0000 phase=0.0012 effect=1.6172 (contrast=0.597 var=0.948)  0.19s/step
[2026-09-22 20:13:25] step 1970/3000  total=0.3600 action=0.0130 vision=0.0045 task=0.0000 phase=0.0015 effect=1.3697 (contrast=0.419 var=0.899)  0.19s/step
[2026-09-22 20:13:26] step 1980/3000  total=0.4416 action=0.0129 vision=0.0052 task=0.0000 phase=0.0013 effect=1.6934 (contrast=0.698 var=0.943)  0.19s/step
[2026-09-22 20:13:28] step 1990/3000  total=0.4163 action=0.0095 vision=0.0046 task=0.0000 phase=0.0015 effect=1.6083 (contrast=0.635 var=0.935)  0.19s/step
[2026-09-22 20:13:30] step 2000/3000  total=0.4452 action=0.0126 vision=0.0049 task=0.0000 phase=0.0012 effect=1.7102 (contrast=0.647 var=0.941)  0.19s/step
[2026-09-22 20:14:14]   saved cte_step_002000.pt  val_total=0.6542
[2026-09-22 20:14:15] step 2010/3000  total=0.3812 action=0.0082 vision=0.0044 task=0.0000 phase=0.0005 effect=1.4741 (contrast=0.493 var=0.937)  0.22s/step
[2026-09-22 20:14:16] step 2020/3000  total=0.4100 action=0.0117 vision=0.0042 task=0.0000 phase=0.0009 effect=1.5758 (contrast=0.634 var=0.900)  0.21s/step
[2026-09-22 20:14:18] step 2030/3000  total=0.4390 action=0.0062 vision=0.0042 task=0.0000 phase=0.0011 effect=1.7140 (contrast=0.741 var=0.935)  0.21s/step
[2026-09-22 20:14:20] step 2040/3000  total=0.4033 action=0.0104 vision=0.0042 task=0.0000 phase=0.0006 effect=1.5542 (contrast=0.572 var=0.938)  0.21s/step
[2026-09-22 20:14:22] step 2050/3000  total=0.4767 action=0.0087 vision=0.0048 task=0.0000 phase=0.0009 effect=1.8521 (contrast=0.836 var=0.946)  0.21s/step
[2026-09-22 20:14:23] step 2060/3000  total=0.4802 action=0.0049 vision=0.0041 task=0.0000 phase=0.0005 effect=1.8848 (contrast=0.878 var=0.942)  0.21s/step
[2026-09-22 20:14:25] step 2070/3000  total=0.4425 action=0.0114 vision=0.0047 task=0.0000 phase=0.0007 effect=1.7058 (contrast=0.662 var=0.946)  0.21s/step
[2026-09-22 20:14:27] step 2080/3000  total=0.4695 action=0.0081 vision=0.0041 task=0.0000 phase=0.0005 effect=1.8289 (contrast=0.808 var=0.948)  0.21s/step
[2026-09-22 20:14:28] step 2090/3000  total=0.4573 action=0.0096 vision=0.0048 task=0.0000 phase=0.0013 effect=1.7709 (contrast=0.782 var=0.941)  0.21s/step
[2026-09-22 20:14:30] step 2100/3000  total=0.5242 action=0.0088 vision=0.0042 task=0.0000 phase=0.0005 effect=2.0445 (contrast=1.008 var=0.954)  0.21s/step
[2026-09-22 20:14:32] step 2110/3000  total=0.4089 action=0.0062 vision=0.0036 task=0.0000 phase=0.0008 effect=1.5959 (contrast=0.590 var=0.941)  0.21s/step
[2026-09-22 20:14:34] step 2120/3000  total=0.3981 action=0.0140 vision=0.0046 task=0.0000 phase=0.0014 effect=1.5175 (contrast=0.546 var=0.936)  0.21s/step
[2026-09-22 20:14:35] step 2130/3000  total=0.4472 action=0.0109 vision=0.0051 task=0.0000 phase=0.0016 effect=1.7237 (contrast=0.712 var=0.939)  0.21s/step
[2026-09-22 20:14:37] step 2140/3000  total=0.4522 action=0.0076 vision=0.0034 task=0.0000 phase=0.0010 effect=1.7644 (contrast=0.770 var=0.939)  0.21s/step
[2026-09-22 20:14:39] step 2150/3000  total=0.4122 action=0.0067 vision=0.0038 task=0.0000 phase=0.0011 effect=1.6065 (contrast=0.621 var=0.944)  0.21s/step
[2026-09-22 20:14:41] step 2160/3000  total=0.4355 action=0.0050 vision=0.0034 task=0.0000 phase=0.0009 effect=1.7079 (contrast=0.726 var=0.936)  0.21s/step
[2026-09-22 20:14:42] step 2170/3000  total=0.4358 action=0.0075 vision=0.0040 task=0.0000 phase=0.0011 effect=1.6971 (contrast=0.714 var=0.939)  0.21s/step
[2026-09-22 20:14:44] step 2180/3000  total=0.4337 action=0.0111 vision=0.0050 task=0.0000 phase=0.0009 effect=1.6696 (contrast=0.663 var=0.943)  0.21s/step
[2026-09-22 20:14:46] step 2190/3000  total=0.4615 action=0.0078 vision=0.0038 task=0.0000 phase=0.0008 effect=1.7994 (contrast=0.770 var=0.943)  0.21s/step
[2026-09-22 20:14:47] step 2200/3000  total=0.4078 action=0.0096 vision=0.0045 task=0.0000 phase=0.0017 effect=1.5743 (contrast=0.582 var=0.937)  0.21s/step
[2026-09-22 20:14:49] step 2210/3000  total=0.4069 action=0.0096 vision=0.0052 task=0.0000 phase=0.0013 effect=1.5678 (contrast=0.623 var=0.891)  0.21s/step
[2026-09-22 20:14:51] step 2220/3000  total=0.4115 action=0.0089 vision=0.0038 task=0.0000 phase=0.0009 effect=1.5945 (contrast=0.565 var=0.942)  0.21s/step
[2026-09-22 20:14:52] step 2230/3000  total=0.4287 action=0.0133 vision=0.0046 task=0.0000 phase=0.0009 effect=1.6426 (contrast=0.653 var=0.928)  0.21s/step
[2026-09-22 20:14:54] step 2240/3000  total=0.4171 action=0.0126 vision=0.0044 task=0.0000 phase=0.0014 effect=1.6001 (contrast=0.659 var=0.894)  0.21s/step
[2026-09-22 20:14:56] step 2250/3000  total=0.4517 action=0.0084 vision=0.0043 task=0.0000 phase=0.0014 effect=1.7552 (contrast=0.742 var=0.946)  0.21s/step
[2026-09-22 20:14:58] step 2260/3000  total=0.4027 action=0.0069 vision=0.0044 task=0.0000 phase=0.0019 effect=1.5647 (contrast=0.573 var=0.939)  0.21s/step
[2026-09-22 20:14:59] step 2270/3000  total=0.4266 action=0.0082 vision=0.0041 task=0.0000 phase=0.0008 effect=1.6569 (contrast=0.664 var=0.935)  0.21s/step
[2026-09-22 20:15:01] step 2280/3000  total=0.4339 action=0.0066 vision=0.0039 task=0.0000 phase=0.0009 effect=1.6934 (contrast=0.711 var=0.934)  0.21s/step
[2026-09-22 20:15:02] step 2290/3000  total=0.3987 action=0.0084 vision=0.0041 task=0.0000 phase=0.0016 effect=1.5441 (contrast=0.588 var=0.931)  0.21s/step
[2026-09-22 20:15:04] step 2300/3000  total=0.4317 action=0.0102 vision=0.0040 task=0.0000 phase=0.0021 effect=1.6694 (contrast=0.699 var=0.933)  0.21s/step
[2026-09-22 20:15:06] step 2310/3000  total=0.4126 action=0.0108 vision=0.0042 task=0.0000 phase=0.0010 effect=1.5900 (contrast=0.597 var=0.945)  0.21s/step
[2026-09-22 20:15:07] step 2320/3000  total=0.4292 action=0.0090 vision=0.0041 task=0.0000 phase=0.0013 effect=1.6638 (contrast=0.664 var=0.940)  0.21s/step
[2026-09-22 20:15:09] step 2330/3000  total=0.4334 action=0.0081 vision=0.0040 task=0.0000 phase=0.0013 effect=1.6846 (contrast=0.704 var=0.935)  0.21s/step
[2026-09-22 20:15:11] step 2340/3000  total=0.4014 action=0.0057 vision=0.0035 task=0.0000 phase=0.0004 effect=1.5687 (contrast=0.566 var=0.939)  0.21s/step
[2026-09-22 20:15:13] step 2350/3000  total=0.3963 action=0.0063 vision=0.0031 task=0.0000 phase=0.0010 effect=1.5473 (contrast=0.588 var=0.931)  0.21s/step
[2026-09-22 20:15:14] step 2360/3000  total=0.4051 action=0.0067 vision=0.0036 task=0.0000 phase=0.0012 effect=1.5789 (contrast=0.587 var=0.941)  0.21s/step
[2026-09-22 20:15:16] step 2370/3000  total=0.4102 action=0.0045 vision=0.0030 task=0.0000 phase=0.0024 effect=1.6100 (contrast=0.619 var=0.941)  0.21s/step
[2026-09-22 20:15:18] step 2380/3000  total=0.4654 action=0.0073 vision=0.0039 task=0.0000 phase=0.0021 effect=1.8161 (contrast=0.777 var=0.943)  0.21s/step
[2026-09-22 20:15:19] step 2390/3000  total=0.4630 action=0.0108 vision=0.0046 task=0.0000 phase=0.0009 effect=1.7898 (contrast=0.785 var=0.949)  0.21s/step
[2026-09-22 20:15:21] step 2400/3000  total=0.3836 action=0.0074 vision=0.0040 task=0.0000 phase=0.0017 effect=1.4879 (contrast=0.522 var=0.930)  0.21s/step
[2026-09-22 20:15:23] step 2410/3000  total=0.3597 action=0.0060 vision=0.0036 task=0.0000 phase=0.0007 effect=1.4002 (contrast=0.432 var=0.935)  0.21s/step
[2026-09-22 20:15:25] step 2420/3000  total=0.4991 action=0.0086 vision=0.0043 task=0.0000 phase=0.0010 effect=1.9442 (contrast=0.921 var=0.952)  0.21s/step
[2026-09-22 20:15:26] step 2430/3000  total=0.3830 action=0.0114 vision=0.0036 task=0.0000 phase=0.0005 effect=1.4718 (contrast=0.514 var=0.925)  0.21s/step
[2026-09-22 20:15:28] step 2440/3000  total=0.4005 action=0.0073 vision=0.0040 task=0.0000 phase=0.0016 effect=1.5561 (contrast=0.574 var=0.937)  0.21s/step
[2026-09-22 20:15:30] step 2450/3000  total=0.3901 action=0.0070 vision=0.0034 task=0.0000 phase=0.0008 effect=1.5186 (contrast=0.559 var=0.930)  0.21s/step
[2026-09-22 20:15:31] step 2460/3000  total=0.4363 action=0.0078 vision=0.0034 task=0.0000 phase=0.0009 effect=1.7004 (contrast=0.719 var=0.929)  0.21s/step
[2026-09-22 20:15:33] step 2470/3000  total=0.4590 action=0.0106 vision=0.0043 task=0.0000 phase=0.0016 effect=1.7758 (contrast=0.750 var=0.943)  0.21s/step
[2026-09-22 20:15:35] step 2480/3000  total=0.4094 action=0.0084 vision=0.0043 task=0.0000 phase=0.0008 effect=1.5864 (contrast=0.602 var=0.940)  0.21s/step
[2026-09-22 20:15:37] step 2490/3000  total=0.4349 action=0.0089 vision=0.0037 task=0.0000 phase=0.0003 effect=1.6890 (contrast=0.699 var=0.930)  0.21s/step
[2026-09-22 20:15:38] step 2500/3000  total=0.4125 action=0.0052 vision=0.0032 task=0.0000 phase=0.0009 effect=1.6161 (contrast=0.646 var=0.926)  0.21s/step
[2026-09-22 20:15:40] step 2510/3000  total=0.3850 action=0.0099 vision=0.0047 task=0.0000 phase=0.0008 effect=1.4814 (contrast=0.482 var=0.933)  0.21s/step
[2026-09-22 20:15:42] step 2520/3000  total=0.4135 action=0.0062 vision=0.0032 task=0.0000 phase=0.0016 effect=1.6159 (contrast=0.658 var=0.936)  0.21s/step
[2026-09-22 20:15:43] step 2530/3000  total=0.3747 action=0.0081 vision=0.0034 task=0.0000 phase=0.0006 effect=1.4525 (contrast=0.507 var=0.924)  0.21s/step
[2026-09-22 20:15:45] step 2540/3000  total=0.4151 action=0.0069 vision=0.0036 task=0.0000 phase=0.0009 effect=1.6180 (contrast=0.630 var=0.936)  0.21s/step
[2026-09-22 20:15:47] step 2550/3000  total=0.3870 action=0.0066 vision=0.0039 task=0.0000 phase=0.0005 effect=1.5056 (contrast=0.524 var=0.930)  0.21s/step
[2026-09-22 20:15:48] step 2560/3000  total=0.4568 action=0.0062 vision=0.0029 task=0.0000 phase=0.0002 effect=1.7905 (contrast=0.776 var=0.933)  0.21s/step
[2026-09-22 20:15:50] step 2570/3000  total=0.3704 action=0.0092 vision=0.0036 task=0.0000 phase=0.0012 effect=1.4294 (contrast=0.444 var=0.930)  0.21s/step
[2026-09-22 20:15:52] step 2580/3000  total=0.3689 action=0.0058 vision=0.0031 task=0.0000 phase=0.0005 effect=1.4396 (contrast=0.467 var=0.921)  0.21s/step
[2026-09-22 20:15:54] step 2590/3000  total=0.3774 action=0.0059 vision=0.0030 task=0.0000 phase=0.0012 effect=1.4733 (contrast=0.510 var=0.929)  0.21s/step
[2026-09-22 20:15:55] step 2600/3000  total=0.3717 action=0.0086 vision=0.0038 task=0.0000 phase=0.0011 effect=1.4366 (contrast=0.510 var=0.877)  0.20s/step
[2026-09-22 20:15:57] step 2610/3000  total=0.3833 action=0.0066 vision=0.0035 task=0.0000 phase=0.0014 effect=1.4927 (contrast=0.517 var=0.937)  0.20s/step
[2026-09-22 20:15:59] step 2620/3000  total=0.4171 action=0.0060 vision=0.0032 task=0.0000 phase=0.0005 effect=1.6317 (contrast=0.668 var=0.926)  0.20s/step
[2026-09-22 20:16:00] step 2630/3000  total=0.3643 action=0.0057 vision=0.0032 task=0.0000 phase=0.0012 effect=1.4210 (contrast=0.477 var=0.924)  0.20s/step
[2026-09-22 20:16:02] step 2640/3000  total=0.3663 action=0.0073 vision=0.0034 task=0.0000 phase=0.0006 effect=1.4221 (contrast=0.474 var=0.924)  0.20s/step
[2026-09-22 20:16:04] step 2650/3000  total=0.3302 action=0.0065 vision=0.0034 task=0.0000 phase=0.0009 effect=1.2809 (contrast=0.375 var=0.871)  0.20s/step
[2026-09-22 20:16:05] step 2660/3000  total=0.3710 action=0.0063 vision=0.0033 task=0.0000 phase=0.0007 effect=1.4454 (contrast=0.458 var=0.931)  0.20s/step
[2026-09-22 20:16:07] step 2670/3000  total=0.3682 action=0.0088 vision=0.0042 task=0.0000 phase=0.0011 effect=1.4204 (contrast=0.435 var=0.932)  0.20s/step
[2026-09-22 20:16:09] step 2680/3000  total=0.3699 action=0.0066 vision=0.0034 task=0.0000 phase=0.0017 effect=1.4385 (contrast=0.486 var=0.920)  0.20s/step
[2026-09-22 20:16:11] step 2690/3000  total=0.3780 action=0.0051 vision=0.0034 task=0.0000 phase=0.0008 effect=1.4778 (contrast=0.517 var=0.926)  0.20s/step
[2026-09-22 20:16:12] step 2700/3000  total=0.3668 action=0.0078 vision=0.0041 task=0.0000 phase=0.0013 effect=1.4191 (contrast=0.465 var=0.927)  0.20s/step
[2026-09-22 20:16:14] step 2710/3000  total=0.3815 action=0.0069 vision=0.0031 task=0.0000 phase=0.0007 effect=1.4856 (contrast=0.584 var=0.871)  0.20s/step
[2026-09-22 20:16:16] step 2720/3000  total=0.4445 action=0.0045 vision=0.0025 task=0.0000 phase=0.0009 effect=1.7500 (contrast=0.800 var=0.926)  0.20s/step
[2026-09-22 20:16:18] step 2730/3000  total=0.3863 action=0.0060 vision=0.0033 task=0.0000 phase=0.0006 effect=1.5077 (contrast=0.548 var=0.926)  0.20s/step
[2026-09-22 20:16:19] step 2740/3000  total=0.4113 action=0.0101 vision=0.0037 task=0.0000 phase=0.0008 effect=1.5895 (contrast=0.644 var=0.917)  0.20s/step
[2026-09-22 20:16:21] step 2750/3000  total=0.4031 action=0.0078 vision=0.0037 task=0.0000 phase=0.0009 effect=1.5664 (contrast=0.584 var=0.921)  0.20s/step
[2026-09-22 20:16:22] step 2760/3000  total=0.3187 action=0.0068 vision=0.0031 task=0.0000 phase=0.0011 effect=1.2349 (contrast=0.347 var=0.866)  0.20s/step
[2026-09-22 20:16:24] step 2770/3000  total=0.3478 action=0.0061 vision=0.0029 task=0.0000 phase=0.0005 effect=1.3549 (contrast=0.452 var=0.870)  0.20s/step
[2026-09-22 20:16:26] step 2780/3000  total=0.4299 action=0.0104 vision=0.0040 task=0.0000 phase=0.0010 effect=1.6613 (contrast=0.652 var=0.934)  0.20s/step
[2026-09-22 20:16:28] step 2790/3000  total=0.3730 action=0.0060 vision=0.0032 task=0.0000 phase=0.0012 effect=1.4547 (contrast=0.487 var=0.921)  0.20s/step
[2026-09-22 20:16:29] step 2800/3000  total=0.3889 action=0.0087 vision=0.0039 task=0.0000 phase=0.0011 effect=1.5046 (contrast=0.554 var=0.928)  0.20s/step
[2026-09-22 20:16:31] step 2810/3000  total=0.4328 action=0.0055 vision=0.0027 task=0.0000 phase=0.0009 effect=1.6978 (contrast=0.723 var=0.924)  0.20s/step
[2026-09-22 20:16:33] step 2820/3000  total=0.3380 action=0.0074 vision=0.0033 task=0.0000 phase=0.0008 effect=1.3090 (contrast=0.351 var=0.915)  0.20s/step
[2026-09-22 20:16:35] step 2830/3000  total=0.3667 action=0.0056 vision=0.0031 task=0.0000 phase=0.0012 effect=1.4318 (contrast=0.475 var=0.922)  0.20s/step
[2026-09-22 20:16:36] step 2840/3000  total=0.4232 action=0.0062 vision=0.0029 task=0.0000 phase=0.0017 effect=1.6558 (contrast=0.720 var=0.916)  0.20s/step
[2026-09-22 20:16:38] step 2850/3000  total=0.3850 action=0.0045 vision=0.0030 task=0.0000 phase=0.0012 effect=1.5095 (contrast=0.552 var=0.918)  0.20s/step
[2026-09-22 20:16:40] step 2860/3000  total=0.3898 action=0.0062 vision=0.0034 task=0.0000 phase=0.0006 effect=1.5208 (contrast=0.556 var=0.934)  0.20s/step
[2026-09-22 20:16:42] step 2870/3000  total=0.3226 action=0.0057 vision=0.0025 task=0.0000 phase=0.0005 effect=1.2572 (contrast=0.313 var=0.923)  0.20s/step
[2026-09-22 20:16:43] step 2880/3000  total=0.4045 action=0.0061 vision=0.0031 task=0.0000 phase=0.0008 effect=1.5810 (contrast=0.585 var=0.928)  0.20s/step
[2026-09-22 20:16:45] step 2890/3000  total=0.4073 action=0.0055 vision=0.0031 task=0.0000 phase=0.0016 effect=1.5941 (contrast=0.614 var=0.919)  0.20s/step
[2026-09-22 20:16:47] step 2900/3000  total=0.3536 action=0.0052 vision=0.0027 task=0.0000 phase=0.0005 effect=1.3826 (contrast=0.441 var=0.923)  0.20s/step
[2026-09-22 20:16:49] step 2910/3000  total=0.3567 action=0.0078 vision=0.0031 task=0.0000 phase=0.0004 effect=1.3830 (contrast=0.428 var=0.914)  0.20s/step
[2026-09-22 20:16:50] step 2920/3000  total=0.3425 action=0.0065 vision=0.0029 task=0.0000 phase=0.0002 effect=1.3323 (contrast=0.394 var=0.922)  0.20s/step
[2026-09-22 20:16:52] step 2930/3000  total=0.3545 action=0.0111 vision=0.0031 task=0.0000 phase=0.0005 effect=1.3609 (contrast=0.444 var=0.864)  0.20s/step
[2026-09-22 20:16:53] step 2940/3000  total=0.3517 action=0.0090 vision=0.0029 task=0.0000 phase=0.0001 effect=1.3587 (contrast=0.416 var=0.915)  0.20s/step
[2026-09-22 20:16:55] step 2950/3000  total=0.4162 action=0.0059 vision=0.0029 task=0.0000 phase=0.0013 effect=1.6293 (contrast=0.665 var=0.927)  0.20s/step
[2026-09-22 20:16:57] step 2960/3000  total=0.3658 action=0.0064 vision=0.0028 task=0.0000 phase=0.0014 effect=1.4258 (contrast=0.466 var=0.921)  0.20s/step
[2026-09-22 20:16:59] step 2970/3000  total=0.3428 action=0.0080 vision=0.0034 task=0.0000 phase=0.0012 effect=1.3253 (contrast=0.388 var=0.921)  0.20s/step
[2026-09-22 20:17:00] step 2980/3000  total=0.3236 action=0.0058 vision=0.0024 task=0.0000 phase=0.0009 effect=1.2610 (contrast=0.381 var=0.861)  0.20s/step
[2026-09-22 20:17:02] step 2990/3000  total=0.3732 action=0.0054 vision=0.0028 task=0.0000 phase=0.0009 effect=1.4593 (contrast=0.542 var=0.907)  0.20s/step
[2026-09-22 20:17:04] step 3000/3000  total=0.4040 action=0.0089 vision=0.0028 task=0.0000 phase=0.0007 effect=1.5686 (contrast=0.612 var=0.924)  0.20s/step
[2026-09-22 20:17:48]   saved cte_step_003000.pt  val_total=0.6063
[2026-09-22 20:17:48] done. final checkpoint: /workspace/mnt/sqzhang26/zeva-work/runs/zeva_cte/cte-v3-20260922/cte_step_003000.pt
