
################ 会话开始 2026-09-24 15:48:07  [CTE] ################
# run=cte-v4-20260924  steps=3000  save_every=500  batch=8  lr=1e-4
# cache=/workspace/mnt/sqzhang26/zeva-work/datasets/xhand_cte_cache_v2  window_latents=17
[2026-09-24 15:48:33] --resume given but /workspace/mnt/sqzhang26/zeva-work/runs/zeva_cte/cte-v4-20260924/cte_latest.pt does not exist; starting fresh
[2026-09-24 15:48:33] cache=/workspace/mnt/sqzhang26/zeva-work/datasets/xhand_cte_cache_v2 window_latents=17 train_windows=9748 val_windows=519 params=9.49M device=cuda start_step=0
[2026-09-24 15:48:33] loss weights: effect_contrastive_weight=1  effect_diversity_weight=0  effect_variance_weight=1  effect_covariance_weight=0.04  effect_align_weight=0.1
/workspace/mnt/sqzhang26/zeva-work/cosmos-framework/cosmos_framework/zeva_training/train_cte.py:249: UserWarning: Converting a tensor with requires_grad=True to a scalar may lead to unexpected behavior.
Consider using tensor.detach() first. (Triggered internally at /pytorch/torch/csrc/autograd/generated/python_variable_methods.cpp:836.)
  f"step {step}/{args.steps}  total={float(losses['total']):.4f} "
[2026-09-24 15:48:35] step 1/3000  total=2.5109 action=0.9116 vision=0.3624 task=0.0000 phase=0.0037 effect=4.9463 (contrast=3.990 var=0.832)  1.85s/step
[2026-09-24 15:48:36] step 10/3000  total=1.4114 action=0.1712 vision=0.0769 task=0.0000 phase=0.0041 effect=4.6513 (contrast=3.717 var=0.827)  0.31s/step
[2026-09-24 15:48:38] step 20/3000  total=1.1993 action=0.0752 vision=0.0323 task=0.0000 phase=0.0043 effect=4.3658 (contrast=3.447 var=0.825)  0.26s/step
[2026-09-24 15:48:41] step 30/3000  total=1.1618 action=0.0328 vision=0.0100 task=0.0000 phase=0.0039 effect=4.4744 (contrast=3.564 var=0.834)  0.26s/step
[2026-09-24 15:48:43] step 40/3000  total=1.1562 action=0.0373 vision=0.0052 task=0.0000 phase=0.0023 effect=4.4539 (contrast=3.550 var=0.842)  0.25s/step
[2026-09-24 15:48:46] step 50/3000  total=1.0903 action=0.0197 vision=0.0044 task=0.0000 phase=0.0012 effect=4.2640 (contrast=3.391 var=0.824)  0.25s/step
[2026-09-24 15:48:48] step 60/3000  total=1.0636 action=0.0241 vision=0.0051 task=0.0000 phase=0.0006 effect=4.1377 (contrast=3.278 var=0.820)  0.25s/step
[2026-09-24 15:48:51] step 70/3000  total=1.0137 action=0.0127 vision=0.0046 task=0.0000 phase=0.0007 effect=3.9855 (contrast=3.130 var=0.819)  0.25s/step
[2026-09-24 15:48:53] step 80/3000  total=1.0069 action=0.0153 vision=0.0038 task=0.0000 phase=0.0006 effect=3.9507 (contrast=3.095 var=0.816)  0.25s/step
[2026-09-24 15:48:56] step 90/3000  total=0.9592 action=0.0164 vision=0.0046 task=0.0000 phase=0.0003 effect=3.7526 (contrast=2.893 var=0.808)  0.25s/step
[2026-09-24 15:48:58] step 100/3000  total=0.9467 action=0.0153 vision=0.0039 task=0.0000 phase=0.0003 effect=3.7098 (contrast=2.832 var=0.816)  0.24s/step
[2026-09-24 15:49:01] step 110/3000  total=0.9128 action=0.0123 vision=0.0034 task=0.0000 phase=0.0003 effect=3.5888 (contrast=2.702 var=0.821)  0.25s/step
[2026-09-24 15:49:03] step 120/3000  total=0.9099 action=0.0210 vision=0.0048 task=0.0000 phase=0.0005 effect=3.5365 (contrast=2.657 var=0.812)  0.24s/step
[2026-09-24 15:49:05] step 130/3000  total=0.8737 action=0.0176 vision=0.0052 task=0.0000 phase=0.0003 effect=3.4033 (contrast=2.513 var=0.822)  0.25s/step
[2026-09-24 15:49:07] step 140/3000  total=0.8507 action=0.0145 vision=0.0056 task=0.0000 phase=0.0007 effect=3.3219 (contrast=2.443 var=0.811)  0.24s/step
[2026-09-24 15:49:10] step 150/3000  total=0.8076 action=0.0215 vision=0.0073 task=0.0000 phase=0.0014 effect=3.1146 (contrast=2.256 var=0.788)  0.25s/step
[2026-09-24 15:49:12] step 160/3000  total=0.8139 action=0.0125 vision=0.0059 task=0.0000 phase=0.0018 effect=3.1812 (contrast=2.304 var=0.811)  0.24s/step
[2026-09-24 15:49:15] step 170/3000  total=0.7707 action=0.0190 vision=0.0076 task=0.0000 phase=0.0004 effect=2.9763 (contrast=2.098 var=0.816)  0.24s/step
[2026-09-24 15:49:17] step 180/3000  total=0.7755 action=0.0207 vision=0.0127 task=0.0000 phase=0.0015 effect=2.9680 (contrast=2.105 var=0.805)  0.24s/step
[2026-09-24 15:49:20] step 190/3000  total=0.7619 action=0.0202 vision=0.0085 task=0.0000 phase=0.0015 effect=2.9320 (contrast=2.053 var=0.825)  0.24s/step
[2026-09-24 15:49:22] step 200/3000  total=0.7939 action=0.0091 vision=0.0063 task=0.0000 phase=0.0024 effect=3.1132 (contrast=2.234 var=0.823)  0.24s/step
[2026-09-24 15:49:24] step 210/3000  total=0.7685 action=0.0154 vision=0.0087 task=0.0000 phase=0.0012 effect=2.9770 (contrast=2.088 var=0.836)  0.24s/step
[2026-09-24 15:49:26] step 220/3000  total=0.7554 action=0.0415 vision=0.0154 task=0.0000 phase=0.0004 effect=2.7934 (contrast=1.956 var=0.782)  0.24s/step
[2026-09-24 15:49:29] step 230/3000  total=0.6648 action=0.0181 vision=0.0107 task=0.0000 phase=0.0004 effect=2.5437 (contrast=1.690 var=0.801)  0.24s/step
[2026-09-24 15:49:31] step 240/3000  total=0.7206 action=0.0150 vision=0.0078 task=0.0000 phase=0.0009 effect=2.7907 (contrast=1.923 var=0.818)  0.24s/step
[2026-09-24 15:49:34] step 250/3000  total=0.7319 action=0.0157 vision=0.0082 task=0.0000 phase=0.0009 effect=2.8313 (contrast=1.975 var=0.802)  0.24s/step
[2026-09-24 15:49:36] step 260/3000  total=0.6967 action=0.0230 vision=0.0106 task=0.0000 phase=0.0009 effect=2.6520 (contrast=1.802 var=0.801)  0.24s/step
[2026-09-24 15:49:38] step 270/3000  total=0.7310 action=0.0104 vision=0.0070 task=0.0000 phase=0.0011 effect=2.8536 (contrast=1.983 var=0.823)  0.24s/step
[2026-09-24 15:49:40] step 280/3000  total=0.6817 action=0.0090 vision=0.0051 task=0.0000 phase=0.0009 effect=2.6702 (contrast=1.801 var=0.824)  0.24s/step
[2026-09-24 15:49:43] step 290/3000  total=0.6757 action=0.0282 vision=0.0071 task=0.0000 phase=0.0012 effect=2.5613 (contrast=1.705 var=0.809)  0.24s/step
[2026-09-24 15:49:45] step 300/3000  total=0.6966 action=0.0116 vision=0.0081 task=0.0000 phase=0.0008 effect=2.7074 (contrast=1.855 var=0.812)  0.24s/step
[2026-09-24 15:49:48] step 310/3000  total=0.6571 action=0.0112 vision=0.0065 task=0.0000 phase=0.0027 effect=2.5561 (contrast=1.690 var=0.825)  0.24s/step
[2026-09-24 15:49:50] step 320/3000  total=0.6405 action=0.0099 vision=0.0068 task=0.0000 phase=0.0004 effect=2.4949 (contrast=1.640 var=0.814)  0.24s/step
[2026-09-24 15:49:52] step 330/3000  total=0.6538 action=0.0089 vision=0.0069 task=0.0000 phase=0.0015 effect=2.5511 (contrast=1.690 var=0.821)  0.24s/step
[2026-09-24 15:49:55] step 340/3000  total=0.5959 action=0.0136 vision=0.0062 task=0.0000 phase=0.0009 effect=2.3042 (contrast=1.451 var=0.815)  0.24s/step
[2026-09-24 15:49:57] step 350/3000  total=0.6266 action=0.0173 vision=0.0058 task=0.0000 phase=0.0011 effect=2.4136 (contrast=1.562 var=0.816)  0.24s/step
[2026-09-24 15:49:59] step 360/3000  total=0.6297 action=0.0091 vision=0.0062 task=0.0000 phase=0.0027 effect=2.4568 (contrast=1.598 var=0.822)  0.24s/step
[2026-09-24 15:50:02] step 370/3000  total=0.6591 action=0.0113 vision=0.0067 task=0.0000 phase=0.0021 effect=2.5635 (contrast=1.709 var=0.821)  0.24s/step
[2026-09-24 15:50:04] step 380/3000  total=0.6201 action=0.0097 vision=0.0059 task=0.0000 phase=0.0014 effect=2.4178 (contrast=1.565 var=0.817)  0.24s/step
[2026-09-24 15:50:07] step 390/3000  total=0.6536 action=0.0093 vision=0.0062 task=0.0000 phase=0.0010 effect=2.5519 (contrast=1.700 var=0.817)  0.24s/step
[2026-09-24 15:50:09] step 400/3000  total=0.5532 action=0.0087 vision=0.0056 task=0.0000 phase=0.0015 effect=2.1548 (contrast=1.319 var=0.800)  0.24s/step
[2026-09-24 15:50:11] step 410/3000  total=0.6159 action=0.0098 vision=0.0058 task=0.0000 phase=0.0015 effect=2.4006 (contrast=1.538 var=0.833)  0.24s/step
[2026-09-24 15:50:14] step 420/3000  total=0.5615 action=0.0093 vision=0.0060 task=0.0000 phase=0.0011 effect=2.1840 (contrast=1.355 var=0.799)  0.24s/step
[2026-09-24 15:50:16] step 430/3000  total=0.6058 action=0.0123 vision=0.0063 task=0.0000 phase=0.0012 effect=2.3481 (contrast=1.504 var=0.814)  0.24s/step
[2026-09-24 15:50:18] step 440/3000  total=0.5771 action=0.0119 vision=0.0053 task=0.0000 phase=0.0028 effect=2.2387 (contrast=1.393 var=0.815)  0.24s/step
[2026-09-24 15:50:21] step 450/3000  total=0.5978 action=0.0082 vision=0.0056 task=0.0000 phase=0.0035 effect=2.3350 (contrast=1.485 var=0.822)  0.24s/step
[2026-09-24 15:50:23] step 460/3000  total=0.6548 action=0.0154 vision=0.0065 task=0.0000 phase=0.0003 effect=2.5315 (contrast=1.682 var=0.818)  0.24s/step
[2026-09-24 15:50:25] step 470/3000  total=0.5957 action=0.0098 vision=0.0059 task=0.0000 phase=0.0012 effect=2.3197 (contrast=1.464 var=0.828)  0.24s/step
[2026-09-24 15:50:28] step 480/3000  total=0.6466 action=0.0160 vision=0.0060 task=0.0000 phase=0.0020 effect=2.4978 (contrast=1.646 var=0.825)  0.24s/step
[2026-09-24 15:50:30] step 490/3000  total=0.5381 action=0.0090 vision=0.0061 task=0.0000 phase=0.0004 effect=2.0917 (contrast=1.283 var=0.780)  0.24s/step
[2026-09-24 15:50:33] step 500/3000  total=0.5724 action=0.0131 vision=0.0053 task=0.0000 phase=0.0024 effect=2.2151 (contrast=1.381 var=0.807)  0.24s/step
[2026-09-24 15:51:34]   saved cte_step_000500.pt  val_total=0.7441
[2026-09-24 15:51:35] step 510/3000  total=0.5503 action=0.0085 vision=0.0048 task=0.0000 phase=0.0005 effect=2.1478 (contrast=1.320 var=0.802)  0.36s/step
[2026-09-24 15:51:37] step 520/3000  total=0.5981 action=0.0083 vision=0.0056 task=0.0000 phase=0.0006 effect=2.3367 (contrast=1.492 var=0.818)  0.35s/step
[2026-09-24 15:51:40] step 530/3000  total=0.5494 action=0.0161 vision=0.0061 task=0.0000 phase=0.0004 effect=2.1083 (contrast=1.301 var=0.780)  0.35s/step
[2026-09-24 15:51:42] step 540/3000  total=0.5324 action=0.0097 vision=0.0058 task=0.0000 phase=0.0007 effect=2.0673 (contrast=1.241 var=0.802)  0.35s/step
[2026-09-24 15:51:45] step 550/3000  total=0.6180 action=0.0105 vision=0.0045 task=0.0000 phase=0.0011 effect=2.4115 (contrast=1.574 var=0.813)  0.35s/step
[2026-09-24 15:51:47] step 560/3000  total=0.5158 action=0.0093 vision=0.0046 task=0.0000 phase=0.0010 effect=2.0072 (contrast=1.198 var=0.783)  0.35s/step
[2026-09-24 15:51:49] step 570/3000  total=0.5794 action=0.0094 vision=0.0038 task=0.0000 phase=0.0013 effect=2.2642 (contrast=1.415 var=0.825)  0.34s/step
[2026-09-24 15:51:52] step 580/3000  total=0.5417 action=0.0080 vision=0.0048 task=0.0000 phase=0.0018 effect=2.1151 (contrast=1.292 var=0.799)  0.34s/step
[2026-09-24 15:51:54] step 590/3000  total=0.5371 action=0.0108 vision=0.0058 task=0.0000 phase=0.0005 effect=2.0817 (contrast=1.282 var=0.775)  0.34s/step
[2026-09-24 15:51:56] step 600/3000  total=0.5229 action=0.0182 vision=0.0059 task=0.0000 phase=0.0012 effect=1.9947 (contrast=1.202 var=0.767)  0.34s/step
[2026-09-24 15:51:59] step 610/3000  total=0.5323 action=0.0137 vision=0.0060 task=0.0000 phase=0.0012 effect=2.0501 (contrast=1.241 var=0.786)  0.34s/step
[2026-09-24 15:52:01] step 620/3000  total=0.6252 action=0.0152 vision=0.0049 task=0.0000 phase=0.0009 effect=2.4202 (contrast=1.593 var=0.804)  0.34s/step
[2026-09-24 15:52:04] step 630/3000  total=0.5669 action=0.0090 vision=0.0042 task=0.0000 phase=0.0008 effect=2.2142 (contrast=1.381 var=0.811)  0.33s/step
[2026-09-24 15:52:06] step 640/3000  total=0.5534 action=0.0112 vision=0.0050 task=0.0000 phase=0.0024 effect=2.1480 (contrast=1.334 var=0.792)  0.33s/step
[2026-09-24 15:52:08] step 650/3000  total=0.5880 action=0.0073 vision=0.0048 task=0.0000 phase=0.0021 effect=2.3028 (contrast=1.485 var=0.794)  0.33s/step
[2026-09-24 15:52:11] step 660/3000  total=0.5024 action=0.0151 vision=0.0056 task=0.0000 phase=0.0019 effect=1.9260 (contrast=1.134 var=0.770)  0.33s/step
[2026-09-24 15:52:13] step 670/3000  total=0.5462 action=0.0103 vision=0.0048 task=0.0000 phase=0.0010 effect=2.1238 (contrast=1.317 var=0.784)  0.33s/step
[2026-09-24 15:52:15] step 680/3000  total=0.5542 action=0.0165 vision=0.0050 task=0.0000 phase=0.0023 effect=2.1299 (contrast=1.297 var=0.813)  0.33s/step
[2026-09-24 15:52:18] step 690/3000  total=0.5575 action=0.0163 vision=0.0056 task=0.0000 phase=0.0009 effect=2.1422 (contrast=1.323 var=0.798)  0.33s/step
[2026-09-24 15:52:20] step 700/3000  total=0.4997 action=0.0085 vision=0.0040 task=0.0000 phase=0.0006 effect=1.9483 (contrast=1.158 var=0.767)  0.32s/step
[2026-09-24 15:52:23] step 710/3000  total=0.5136 action=0.0089 vision=0.0047 task=0.0000 phase=0.0005 effect=1.9996 (contrast=1.213 var=0.763)  0.32s/step
[2026-09-24 15:52:25] step 720/3000  total=0.5156 action=0.0092 vision=0.0046 task=0.0000 phase=0.0013 effect=2.0063 (contrast=1.200 var=0.786)  0.32s/step
[2026-09-24 15:52:28] step 730/3000  total=0.4812 action=0.0086 vision=0.0050 task=0.0000 phase=0.0013 effect=1.8700 (contrast=1.076 var=0.773)  0.32s/step
[2026-09-24 15:52:29] step 740/3000  total=0.5203 action=0.0066 vision=0.0043 task=0.0000 phase=0.0020 effect=2.0371 (contrast=1.241 var=0.775)  0.32s/step
[2026-09-24 15:52:32] step 750/3000  total=0.5136 action=0.0081 vision=0.0043 task=0.0000 phase=0.0013 effect=2.0044 (contrast=1.214 var=0.768)  0.32s/step
[2026-09-24 15:52:34] step 760/3000  total=0.4716 action=0.0067 vision=0.0043 task=0.0000 phase=0.0011 effect=1.8422 (contrast=1.062 var=0.759)  0.32s/step
[2026-09-24 15:52:37] step 770/3000  total=0.5023 action=0.0082 vision=0.0041 task=0.0000 phase=0.0015 effect=1.9598 (contrast=1.165 var=0.773)  0.32s/step
[2026-09-24 15:52:39] step 780/3000  total=0.5086 action=0.0065 vision=0.0039 task=0.0000 phase=0.0013 effect=1.9925 (contrast=1.195 var=0.776)  0.32s/step
[2026-09-24 15:52:42] step 790/3000  total=0.5123 action=0.0067 vision=0.0035 task=0.0000 phase=0.0006 effect=2.0079 (contrast=1.227 var=0.760)  0.31s/step
[2026-09-24 15:52:44] step 800/3000  total=0.5186 action=0.0060 vision=0.0036 task=0.0000 phase=0.0005 effect=2.0355 (contrast=1.237 var=0.779)  0.31s/step
[2026-09-24 15:52:47] step 810/3000  total=0.5393 action=0.0053 vision=0.0034 task=0.0000 phase=0.0009 effect=2.1222 (contrast=1.344 var=0.756)  0.31s/step
[2026-09-24 15:52:49] step 820/3000  total=0.5234 action=0.0057 vision=0.0034 task=0.0000 phase=0.0002 effect=2.0571 (contrast=1.270 var=0.767)  0.31s/step
[2026-09-24 15:52:51] step 830/3000  total=0.5246 action=0.0071 vision=0.0043 task=0.0000 phase=0.0008 effect=2.0526 (contrast=1.274 var=0.758)  0.31s/step
[2026-09-24 15:52:54] step 840/3000  total=0.5169 action=0.0126 vision=0.0044 task=0.0000 phase=0.0021 effect=1.9990 (contrast=1.214 var=0.763)  0.31s/step
[2026-09-24 15:52:56] step 850/3000  total=0.4685 action=0.0076 vision=0.0038 task=0.0000 phase=0.0012 effect=1.8282 (contrast=1.061 var=0.744)  0.31s/step
[2026-09-24 15:52:59] step 860/3000  total=0.5100 action=0.0130 vision=0.0048 task=0.0000 phase=0.0009 effect=1.9682 (contrast=1.188 var=0.760)  0.31s/step
[2026-09-24 15:53:01] step 870/3000  total=0.4627 action=0.0097 vision=0.0038 task=0.0000 phase=0.0015 effect=1.7963 (contrast=1.029 var=0.745)  0.31s/step
[2026-09-24 15:53:03] step 880/3000  total=0.5364 action=0.0069 vision=0.0033 task=0.0000 phase=0.0012 effect=2.1039 (contrast=1.316 var=0.766)  0.31s/step
[2026-09-24 15:53:06] step 890/3000  total=0.4450 action=0.0076 vision=0.0037 task=0.0000 phase=0.0008 effect=1.7341 (contrast=0.966 var=0.746)  0.31s/step
[2026-09-24 15:53:08] step 900/3000  total=0.5068 action=0.0111 vision=0.0044 task=0.0000 phase=0.0016 effect=1.9644 (contrast=1.190 var=0.752)  0.31s/step
[2026-09-24 15:53:11] step 910/3000  total=0.4753 action=0.0104 vision=0.0038 task=0.0000 phase=0.0009 effect=1.8441 (contrast=1.080 var=0.744)  0.30s/step
[2026-09-24 15:53:13] step 920/3000  total=0.4782 action=0.0069 vision=0.0035 task=0.0000 phase=0.0003 effect=1.8708 (contrast=1.116 var=0.733)  0.30s/step
[2026-09-24 15:53:16] step 930/3000  total=0.5385 action=0.0057 vision=0.0039 task=0.0000 phase=0.0007 effect=2.1153 (contrast=1.331 var=0.764)  0.30s/step
[2026-09-24 15:53:18] step 940/3000  total=0.3988 action=0.0101 vision=0.0043 task=0.0000 phase=0.0008 effect=1.5374 (contrast=0.797 var=0.718)  0.30s/step
[2026-09-24 15:53:20] step 950/3000  total=0.5277 action=0.0084 vision=0.0035 task=0.0000 phase=0.0002 effect=2.0629 (contrast=1.282 var=0.761)  0.30s/step
[2026-09-24 15:53:22] step 960/3000  total=0.4980 action=0.0124 vision=0.0042 task=0.0000 phase=0.0010 effect=1.9253 (contrast=1.151 var=0.752)  0.30s/step
[2026-09-24 15:53:25] step 970/3000  total=0.5175 action=0.0079 vision=0.0039 task=0.0000 phase=0.0023 effect=2.0218 (contrast=1.269 var=0.727)  0.30s/step
[2026-09-24 15:53:27] step 980/3000  total=0.5814 action=0.0079 vision=0.0039 task=0.0000 phase=0.0003 effect=2.2784 (contrast=1.479 var=0.781)  0.30s/step
[2026-09-24 15:53:30] step 990/3000  total=0.4525 action=0.0072 vision=0.0037 task=0.0000 phase=0.0009 effect=1.7662 (contrast=1.052 var=0.686)  0.30s/step
[2026-09-24 15:53:32] step 1000/3000  total=0.5466 action=0.0071 vision=0.0037 task=0.0000 phase=0.0021 effect=2.1426 (contrast=1.361 var=0.763)  0.30s/step
[2026-09-24 15:54:33]   saved cte_step_001000.pt  val_total=0.6739
[2026-09-24 15:54:34] step 1010/3000  total=0.4650 action=0.0097 vision=0.0037 task=0.0000 phase=0.0009 effect=1.8060 (contrast=1.066 var=0.718)  0.36s/step
[2026-09-24 15:54:36] step 1020/3000  total=0.4764 action=0.0065 vision=0.0035 task=0.0000 phase=0.0010 effect=1.8650 (contrast=1.108 var=0.734)  0.36s/step
[2026-09-24 15:54:39] step 1030/3000  total=0.4411 action=0.0078 vision=0.0037 task=0.0000 phase=0.0005 effect=1.7179 (contrast=1.012 var=0.679)  0.35s/step
[2026-09-24 15:54:41] step 1040/3000  total=0.4480 action=0.0080 vision=0.0036 task=0.0000 phase=0.0004 effect=1.7453 (contrast=1.035 var=0.684)  0.35s/step
[2026-09-24 15:54:43] step 1050/3000  total=0.4970 action=0.0067 vision=0.0035 task=0.0000 phase=0.0005 effect=1.9470 (contrast=1.220 var=0.701)  0.35s/step
[2026-09-24 15:54:46] step 1060/3000  total=0.4190 action=0.0086 vision=0.0034 task=0.0000 phase=0.0011 effect=1.6276 (contrast=0.909 var=0.694)  0.35s/step
[2026-09-24 15:54:48] step 1070/3000  total=0.4127 action=0.0063 vision=0.0036 task=0.0000 phase=0.0006 effect=1.6109 (contrast=0.910 var=0.674)  0.35s/step
[2026-09-24 15:54:51] step 1080/3000  total=0.5058 action=0.0078 vision=0.0035 task=0.0000 phase=0.0005 effect=1.9777 (contrast=1.256 var=0.693)  0.35s/step
[2026-09-24 15:54:53] step 1090/3000  total=0.4537 action=0.0063 vision=0.0039 task=0.0000 phase=0.0018 effect=1.7734 (contrast=1.049 var=0.701)  0.35s/step
[2026-09-24 15:54:55] step 1100/3000  total=0.4922 action=0.0062 vision=0.0039 task=0.0000 phase=0.0008 effect=1.9282 (contrast=1.186 var=0.720)  0.35s/step
[2026-09-24 15:54:58] step 1110/3000  total=0.4665 action=0.0059 vision=0.0035 task=0.0000 phase=0.0010 effect=1.8281 (contrast=1.128 var=0.667)  0.35s/step
[2026-09-24 15:55:00] step 1120/3000  total=0.5721 action=0.0122 vision=0.0041 task=0.0000 phase=0.0008 effect=2.2231 (contrast=1.444 var=0.758)  0.35s/step
[2026-09-24 15:55:03] step 1130/3000  total=0.4373 action=0.0077 vision=0.0044 task=0.0000 phase=0.0009 effect=1.7001 (contrast=0.974 var=0.704)  0.34s/step
[2026-09-24 15:55:05] step 1140/3000  total=0.4474 action=0.0077 vision=0.0038 task=0.0000 phase=0.0018 effect=1.7429 (contrast=1.042 var=0.674)  0.34s/step
[2026-09-24 15:55:08] step 1150/3000  total=0.5321 action=0.0098 vision=0.0037 task=0.0000 phase=0.0003 effect=2.0742 (contrast=1.344 var=0.703)  0.34s/step
[2026-09-24 15:55:10] step 1160/3000  total=0.4640 action=0.0043 vision=0.0038 task=0.0000 phase=0.0007 effect=1.8233 (contrast=1.103 var=0.684)  0.34s/step
[2026-09-24 15:55:13] step 1170/3000  total=0.4266 action=0.0121 vision=0.0040 task=0.0000 phase=0.0012 effect=1.6416 (contrast=0.906 var=0.713)  0.34s/step
[2026-09-24 15:55:14] step 1180/3000  total=0.4780 action=0.0060 vision=0.0034 task=0.0000 phase=0.0008 effect=1.8742 (contrast=1.143 var=0.708)  0.34s/step
[2026-09-24 15:55:17] step 1190/3000  total=0.4787 action=0.0063 vision=0.0044 task=0.0000 phase=0.0021 effect=1.8711 (contrast=1.143 var=0.708)  0.34s/step
[2026-09-24 15:55:19] step 1200/3000  total=0.4680 action=0.0104 vision=0.0032 task=0.0000 phase=0.0007 effect=1.8172 (contrast=1.139 var=0.640)  0.34s/step
[2026-09-24 15:55:22] step 1210/3000  total=0.4483 action=0.0078 vision=0.0035 task=0.0000 phase=0.0012 effect=1.7480 (contrast=1.054 var=0.667)  0.34s/step
[2026-09-24 15:55:25] step 1220/3000  total=0.4226 action=0.0087 vision=0.0035 task=0.0000 phase=0.0016 effect=1.6409 (contrast=0.936 var=0.679)  0.34s/step
[2026-09-24 15:55:27] step 1230/3000  total=0.4858 action=0.0057 vision=0.0032 task=0.0000 phase=0.0010 effect=1.9069 (contrast=1.197 var=0.678)  0.34s/step
[2026-09-24 15:55:30] step 1240/3000  total=0.4199 action=0.0096 vision=0.0034 task=0.0000 phase=0.0013 effect=1.6271 (contrast=0.945 var=0.650)  0.34s/step
[2026-09-24 15:55:32] step 1250/3000  total=0.4511 action=0.0052 vision=0.0031 task=0.0000 phase=0.0003 effect=1.7707 (contrast=1.052 var=0.697)  0.33s/step
[2026-09-24 15:55:35] step 1260/3000  total=0.4319 action=0.0078 vision=0.0038 task=0.0000 phase=0.0004 effect=1.6813 (contrast=1.011 var=0.636)  0.33s/step
[2026-09-24 15:55:37] step 1270/3000  total=0.4372 action=0.0056 vision=0.0030 task=0.0000 phase=0.0009 effect=1.7142 (contrast=1.031 var=0.644)  0.33s/step
[2026-09-24 15:55:40] step 1280/3000  total=0.4361 action=0.0065 vision=0.0034 task=0.0000 phase=0.0012 effect=1.7046 (contrast=1.014 var=0.652)  0.33s/step
[2026-09-24 15:55:41] step 1290/3000  total=0.4117 action=0.0063 vision=0.0034 task=0.0000 phase=0.0008 effect=1.6082 (contrast=0.957 var=0.614)  0.33s/step
[2026-09-24 15:55:44] step 1300/3000  total=0.4669 action=0.0050 vision=0.0032 task=0.0000 phase=0.0007 effect=1.8346 (contrast=1.140 var=0.665)  0.33s/step
[2026-09-24 15:55:46] step 1310/3000  total=0.4762 action=0.0057 vision=0.0035 task=0.0000 phase=0.0019 effect=1.8670 (contrast=1.195 var=0.628)  0.33s/step
[2026-09-24 15:55:49] step 1320/3000  total=0.4627 action=0.0055 vision=0.0031 task=0.0000 phase=0.0006 effect=1.8160 (contrast=1.140 var=0.627)  0.33s/step
[2026-09-24 15:55:51] step 1330/3000  total=0.4269 action=0.0058 vision=0.0033 task=0.0000 phase=0.0008 effect=1.6704 (contrast=1.017 var=0.612)  0.33s/step
[2026-09-24 15:55:54] step 1340/3000  total=0.4509 action=0.0093 vision=0.0034 task=0.0000 phase=0.0014 effect=1.7523 (contrast=1.097 var=0.597)  0.33s/step
[2026-09-24 15:55:56] step 1350/3000  total=0.4127 action=0.0064 vision=0.0032 task=0.0000 phase=0.0002 effect=1.6122 (contrast=0.927 var=0.642)  0.33s/step
[2026-09-24 15:55:58] step 1360/3000  total=0.4761 action=0.0057 vision=0.0030 task=0.0000 phase=0.0006 effect=1.8695 (contrast=1.188 var=0.636)  0.33s/step
[2026-09-24 15:56:00] step 1370/3000  total=0.4217 action=0.0081 vision=0.0032 task=0.0000 phase=0.0006 effect=1.6415 (contrast=0.972 var=0.636)  0.33s/step
[2026-09-24 15:56:03] step 1380/3000  total=0.3779 action=0.0063 vision=0.0034 task=0.0000 phase=0.0001 effect=1.4726 (contrast=0.845 var=0.555)  0.33s/step
[2026-09-24 15:56:05] step 1390/3000  total=0.4395 action=0.0091 vision=0.0037 task=0.0000 phase=0.0006 effect=1.7068 (contrast=1.023 var=0.652)  0.33s/step
[2026-09-24 15:56:08] step 1400/3000  total=0.3683 action=0.0064 vision=0.0033 task=0.0000 phase=0.0020 effect=1.4337 (contrast=0.793 var=0.591)  0.32s/step
[2026-09-24 15:56:10] step 1410/3000  total=0.4060 action=0.0078 vision=0.0032 task=0.0000 phase=0.0005 effect=1.5799 (contrast=0.944 var=0.588)  0.32s/step
[2026-09-24 15:56:12] step 1420/3000  total=0.4744 action=0.0066 vision=0.0030 task=0.0000 phase=0.0008 effect=1.8585 (contrast=1.184 var=0.615)  0.32s/step
[2026-09-24 15:56:14] step 1430/3000  total=0.4145 action=0.0058 vision=0.0035 task=0.0000 phase=0.0002 effect=1.6205 (contrast=0.993 var=0.583)  0.32s/step
[2026-09-24 15:56:17] step 1440/3000  total=0.3741 action=0.0047 vision=0.0030 task=0.0000 phase=0.0005 effect=1.4656 (contrast=0.824 var=0.590)  0.32s/step
[2026-09-24 15:56:19] step 1450/3000  total=0.4721 action=0.0051 vision=0.0028 task=0.0000 phase=0.0005 effect=1.8568 (contrast=1.166 var=0.659)  0.32s/step
[2026-09-24 15:56:22] step 1460/3000  total=0.4635 action=0.0082 vision=0.0035 task=0.0000 phase=0.0008 effect=1.8073 (contrast=1.114 var=0.654)  0.32s/step
[2026-09-24 15:56:24] step 1470/3000  total=0.4004 action=0.0070 vision=0.0033 task=0.0000 phase=0.0005 effect=1.5603 (contrast=0.931 var=0.588)  0.32s/step
[2026-09-24 15:56:27] step 1480/3000  total=0.4077 action=0.0074 vision=0.0035 task=0.0000 phase=0.0008 effect=1.5869 (contrast=0.929 var=0.596)  0.32s/step
[2026-09-24 15:56:29] step 1490/3000  total=0.3578 action=0.0092 vision=0.0032 task=0.0000 phase=0.0002 effect=1.3817 (contrast=0.792 var=0.507)  0.32s/step
[2026-09-24 15:56:31] step 1500/3000  total=0.4284 action=0.0080 vision=0.0036 task=0.0000 phase=0.0005 effect=1.6673 (contrast=1.006 var=0.625)  0.32s/step
[2026-09-24 15:57:33]   saved cte_step_001500.pt  val_total=0.6568
[2026-09-24 15:57:34] step 1510/3000  total=0.4620 action=0.0072 vision=0.0034 task=0.0000 phase=0.0008 effect=1.8051 (contrast=1.131 var=0.633)  0.36s/step
[2026-09-24 15:57:36] step 1520/3000  total=0.3661 action=0.0059 vision=0.0029 task=0.0000 phase=0.0003 effect=1.4291 (contrast=0.787 var=0.588)  0.36s/step
[2026-09-24 15:57:38] step 1530/3000  total=0.4209 action=0.0074 vision=0.0029 task=0.0000 phase=0.0009 effect=1.6420 (contrast=0.994 var=0.588)  0.36s/step
[2026-09-24 15:57:41] step 1540/3000  total=0.4677 action=0.0053 vision=0.0026 task=0.0000 phase=0.0004 effect=1.8387 (contrast=1.171 var=0.633)  0.36s/step
[2026-09-24 15:57:43] step 1550/3000  total=0.4364 action=0.0077 vision=0.0035 task=0.0000 phase=0.0013 effect=1.7002 (contrast=1.079 var=0.559)  0.35s/step
[2026-09-24 15:57:46] step 1560/3000  total=0.4803 action=0.0044 vision=0.0027 task=0.0000 phase=0.0007 effect=1.8921 (contrast=1.212 var=0.620)  0.35s/step
[2026-09-24 15:57:48] step 1570/3000  total=0.4188 action=0.0063 vision=0.0029 task=0.0000 phase=0.0001 effect=1.6381 (contrast=1.015 var=0.561)  0.35s/step
[2026-09-24 15:57:50] step 1580/3000  total=0.3640 action=0.0035 vision=0.0029 task=0.0000 phase=0.0010 effect=1.4302 (contrast=0.842 var=0.513)  0.35s/step
[2026-09-24 15:57:53] step 1590/3000  total=0.4007 action=0.0054 vision=0.0029 task=0.0000 phase=0.0017 effect=1.5688 (contrast=0.941 var=0.579)  0.35s/step
[2026-09-24 15:57:55] step 1600/3000  total=0.3922 action=0.0043 vision=0.0031 task=0.0000 phase=0.0013 effect=1.5386 (contrast=0.929 var=0.546)  0.35s/step
[2026-09-24 15:57:58] step 1610/3000  total=0.4825 action=0.0072 vision=0.0033 task=0.0000 phase=0.0002 effect=1.8878 (contrast=1.224 var=0.623)  0.35s/step
[2026-09-24 15:58:00] step 1620/3000  total=0.3724 action=0.0057 vision=0.0030 task=0.0000 phase=0.0006 effect=1.4547 (contrast=0.863 var=0.512)  0.35s/step
[2026-09-24 15:58:02] step 1630/3000  total=0.3969 action=0.0061 vision=0.0029 task=0.0000 phase=0.0007 effect=1.5513 (contrast=0.937 var=0.559)  0.35s/step
[2026-09-24 15:58:05] step 1640/3000  total=0.3775 action=0.0054 vision=0.0030 task=0.0000 phase=0.0008 effect=1.4757 (contrast=0.861 var=0.546)  0.35s/step
[2026-09-24 15:58:07] step 1650/3000  total=0.5055 action=0.0066 vision=0.0036 task=0.0000 phase=0.0009 effect=1.9809 (contrast=1.327 var=0.569)  0.35s/step
[2026-09-24 15:58:10] step 1660/3000  total=0.3975 action=0.0055 vision=0.0031 task=0.0000 phase=0.0002 effect=1.5555 (contrast=0.951 var=0.525)  0.35s/step
[2026-09-24 15:58:12] step 1670/3000  total=0.4033 action=0.0049 vision=0.0029 task=0.0000 phase=0.0012 effect=1.5815 (contrast=0.950 var=0.543)  0.35s/step
[2026-09-24 15:58:15] step 1680/3000  total=0.3905 action=0.0053 vision=0.0027 task=0.0000 phase=0.0004 effect=1.5296 (contrast=0.926 var=0.542)  0.35s/step
[2026-09-24 15:58:17] step 1690/3000  total=0.3694 action=0.0064 vision=0.0029 task=0.0000 phase=0.0007 effect=1.4402 (contrast=0.842 var=0.530)  0.35s/step
[2026-09-24 15:58:19] step 1700/3000  total=0.3962 action=0.0063 vision=0.0029 task=0.0000 phase=0.0007 effect=1.5475 (contrast=0.946 var=0.505)  0.34s/step
[2026-09-24 15:58:22] step 1710/3000  total=0.3488 action=0.0063 vision=0.0031 task=0.0000 phase=0.0008 effect=1.3577 (contrast=0.759 var=0.534)  0.34s/step
[2026-09-24 15:58:24] step 1720/3000  total=0.4323 action=0.0041 vision=0.0027 task=0.0000 phase=0.0004 effect=1.7021 (contrast=1.102 var=0.503)  0.34s/step
[2026-09-24 15:58:26] step 1730/3000  total=0.4524 action=0.0046 vision=0.0026 task=0.0000 phase=0.0004 effect=1.7807 (contrast=1.106 var=0.634)  0.34s/step
[2026-09-24 15:58:29] step 1740/3000  total=0.4116 action=0.0049 vision=0.0028 task=0.0000 phase=0.0006 effect=1.6152 (contrast=1.000 var=0.532)  0.34s/step
[2026-09-24 15:58:31] step 1750/3000  total=0.3540 action=0.0090 vision=0.0030 task=0.0000 phase=0.0001 effect=1.3682 (contrast=0.779 var=0.500)  0.34s/step
[2026-09-24 15:58:33] step 1760/3000  total=0.3636 action=0.0064 vision=0.0032 task=0.0000 phase=0.0006 effect=1.4156 (contrast=0.820 var=0.499)  0.34s/step
[2026-09-24 15:58:36] step 1770/3000  total=0.4709 action=0.0075 vision=0.0029 task=0.0000 phase=0.0009 effect=1.8419 (contrast=1.224 var=0.541)  0.34s/step
[2026-09-24 15:58:38] step 1780/3000  total=0.4113 action=0.0039 vision=0.0025 task=0.0000 phase=0.0005 effect=1.6193 (contrast=1.006 var=0.559)  0.34s/step
[2026-09-24 15:58:41] step 1790/3000  total=0.4266 action=0.0080 vision=0.0030 task=0.0000 phase=0.0007 effect=1.6623 (contrast=1.074 var=0.510)  0.34s/step
[2026-09-24 15:58:43] step 1800/3000  total=0.3805 action=0.0055 vision=0.0025 task=0.0000 phase=0.0007 effect=1.4895 (contrast=0.871 var=0.534)  0.34s/step
[2026-09-24 15:58:45] step 1810/3000  total=0.4339 action=0.0092 vision=0.0038 task=0.0000 phase=0.0020 effect=1.6829 (contrast=1.027 var=0.623)  0.34s/step
[2026-09-24 15:58:48] step 1820/3000  total=0.4003 action=0.0069 vision=0.0031 task=0.0000 phase=0.0007 effect=1.5610 (contrast=0.980 var=0.497)  0.34s/step
[2026-09-24 15:58:50] step 1830/3000  total=0.4169 action=0.0071 vision=0.0032 task=0.0000 phase=0.0007 effect=1.6258 (contrast=1.011 var=0.545)  0.34s/step
[2026-09-24 15:58:53] step 1840/3000  total=0.3690 action=0.0065 vision=0.0033 task=0.0000 phase=0.0004 effect=1.4368 (contrast=0.865 var=0.472)  0.34s/step
[2026-09-24 15:58:55] step 1850/3000  total=0.4337 action=0.0066 vision=0.0031 task=0.0000 phase=0.0003 effect=1.6958 (contrast=1.045 var=0.515)  0.34s/step
[2026-09-24 15:58:57] step 1860/3000  total=0.3921 action=0.0070 vision=0.0028 task=0.0000 phase=0.0002 effect=1.5292 (contrast=0.905 var=0.578)  0.34s/step
[2026-09-24 15:59:00] step 1870/3000  total=0.4178 action=0.0046 vision=0.0025 task=0.0000 phase=0.0004 effect=1.6426 (contrast=1.041 var=0.499)  0.34s/step
[2026-09-24 15:59:02] step 1880/3000  total=0.3833 action=0.0070 vision=0.0030 task=0.0000 phase=0.0007 effect=1.4927 (contrast=0.912 var=0.505)  0.33s/step
[2026-09-24 15:59:05] step 1890/3000  total=0.3263 action=0.0081 vision=0.0028 task=0.0000 phase=0.0014 effect=1.2610 (contrast=0.679 var=0.499)  0.33s/step
[2026-09-24 15:59:07] step 1900/3000  total=0.3176 action=0.0067 vision=0.0029 task=0.0000 phase=0.0010 effect=1.2313 (contrast=0.670 var=0.443)  0.33s/step
[2026-09-24 15:59:09] step 1910/3000  total=0.3605 action=0.0037 vision=0.0024 task=0.0000 phase=0.0002 effect=1.4178 (contrast=0.870 var=0.439)  0.33s/step
[2026-09-24 15:59:12] step 1920/3000  total=0.3878 action=0.0061 vision=0.0030 task=0.0000 phase=0.0004 effect=1.5148 (contrast=0.962 var=0.460)  0.33s/step
[2026-09-24 15:59:14] step 1930/3000  total=0.3566 action=0.0054 vision=0.0028 task=0.0000 phase=0.0005 effect=1.3932 (contrast=0.827 var=0.432)  0.33s/step
[2026-09-24 15:59:16] step 1940/3000  total=0.4049 action=0.0053 vision=0.0025 task=0.0000 phase=0.0003 effect=1.5883 (contrast=0.977 var=0.529)  0.33s/step
[2026-09-24 15:59:19] step 1950/3000  total=0.4061 action=0.0061 vision=0.0026 task=0.0000 phase=0.0015 effect=1.5888 (contrast=1.000 var=0.521)  0.33s/step
[2026-09-24 15:59:21] step 1960/3000  total=0.3792 action=0.0057 vision=0.0027 task=0.0000 phase=0.0006 effect=1.4831 (contrast=0.864 var=0.575)  0.33s/step
[2026-09-24 15:59:24] step 1970/3000  total=0.4366 action=0.0055 vision=0.0027 task=0.0000 phase=0.0008 effect=1.7136 (contrast=1.090 var=0.558)  0.33s/step
[2026-09-24 15:59:26] step 1980/3000  total=0.3977 action=0.0053 vision=0.0033 task=0.0000 phase=0.0008 effect=1.5560 (contrast=0.991 var=0.421)  0.33s/step
[2026-09-24 15:59:28] step 1990/3000  total=0.3928 action=0.0079 vision=0.0032 task=0.0000 phase=0.0007 effect=1.5262 (contrast=0.964 var=0.477)  0.33s/step
[2026-09-24 15:59:31] step 2000/3000  total=0.4602 action=0.0045 vision=0.0028 task=0.0000 phase=0.0008 effect=1.8111 (contrast=1.175 var=0.595)  0.33s/step
[2026-09-24 16:00:32]   saved cte_step_002000.pt  val_total=0.6307
[2026-09-24 16:00:33] step 2010/3000  total=0.3923 action=0.0058 vision=0.0034 task=0.0000 phase=0.0016 effect=1.5316 (contrast=0.938 var=0.503)  0.36s/step
[2026-09-24 16:00:35] step 2020/3000  total=0.3802 action=0.0047 vision=0.0029 task=0.0000 phase=0.0005 effect=1.4904 (contrast=0.891 var=0.470)  0.36s/step
[2026-09-24 16:00:37] step 2030/3000  total=0.3505 action=0.0077 vision=0.0027 task=0.0000 phase=0.0000 effect=1.3605 (contrast=0.781 var=0.491)  0.36s/step
[2026-09-24 16:00:39] step 2040/3000  total=0.3330 action=0.0050 vision=0.0026 task=0.0000 phase=0.0008 effect=1.3016 (contrast=0.749 var=0.426)  0.36s/step
[2026-09-24 16:00:42] step 2050/3000  total=0.3421 action=0.0037 vision=0.0027 task=0.0000 phase=0.0004 effect=1.3426 (contrast=0.756 var=0.468)  0.36s/step
[2026-09-24 16:00:44] step 2060/3000  total=0.3513 action=0.0074 vision=0.0030 task=0.0000 phase=0.0008 effect=1.3633 (contrast=0.789 var=0.473)  0.35s/step
[2026-09-24 16:00:47] step 2070/3000  total=0.3659 action=0.0063 vision=0.0028 task=0.0000 phase=0.0009 effect=1.4269 (contrast=0.870 var=0.465)  0.35s/step
[2026-09-24 16:00:49] step 2080/3000  total=0.3801 action=0.0091 vision=0.0030 task=0.0000 phase=0.0012 effect=1.4714 (contrast=0.877 var=0.531)  0.35s/step
[2026-09-24 16:00:52] step 2090/3000  total=0.3635 action=0.0051 vision=0.0026 task=0.0000 phase=0.0006 effect=1.4231 (contrast=0.848 var=0.515)  0.35s/step
[2026-09-24 16:00:54] step 2100/3000  total=0.3672 action=0.0068 vision=0.0028 task=0.0000 phase=0.0003 effect=1.4305 (contrast=0.883 var=0.437)  0.35s/step
[2026-09-24 16:00:56] step 2110/3000  total=0.3669 action=0.0056 vision=0.0027 task=0.0000 phase=0.0007 effect=1.4343 (contrast=0.875 var=0.448)  0.35s/step
[2026-09-24 16:00:59] step 2120/3000  total=0.4014 action=0.0051 vision=0.0026 task=0.0000 phase=0.0009 effect=1.5742 (contrast=0.987 var=0.448)  0.35s/step
[2026-09-24 16:01:01] step 2130/3000  total=0.3622 action=0.0062 vision=0.0028 task=0.0000 phase=0.0005 effect=1.4127 (contrast=0.859 var=0.435)  0.35s/step
[2026-09-24 16:01:04] step 2140/3000  total=0.3680 action=0.0050 vision=0.0025 task=0.0000 phase=0.0012 effect=1.4411 (contrast=0.897 var=0.408)  0.35s/step
[2026-09-24 16:01:06] step 2150/3000  total=0.3724 action=0.0059 vision=0.0027 task=0.0000 phase=0.0003 effect=1.4547 (contrast=0.888 var=0.425)  0.35s/step
[2026-09-24 16:01:08] step 2160/3000  total=0.3638 action=0.0047 vision=0.0025 task=0.0000 phase=0.0003 effect=1.4265 (contrast=0.826 var=0.450)  0.35s/step
[2026-09-24 16:01:11] step 2170/3000  total=0.4436 action=0.0062 vision=0.0030 task=0.0000 phase=0.0003 effect=1.7373 (contrast=1.143 var=0.429)  0.35s/step
[2026-09-24 16:01:13] step 2180/3000  total=0.4283 action=0.0083 vision=0.0031 task=0.0000 phase=0.0011 effect=1.6667 (contrast=1.060 var=0.543)  0.35s/step
[2026-09-24 16:01:16] step 2190/3000  total=0.3184 action=0.0052 vision=0.0027 task=0.0000 phase=0.0009 effect=1.2415 (contrast=0.687 var=0.446)  0.35s/step
[2026-09-24 16:01:18] step 2200/3000  total=0.3041 action=0.0052 vision=0.0023 task=0.0000 phase=0.0007 effect=1.1861 (contrast=0.592 var=0.353)  0.35s/step
[2026-09-24 16:01:20] step 2210/3000  total=0.3633 action=0.0064 vision=0.0027 task=0.0000 phase=0.0004 effect=1.4166 (contrast=0.823 var=0.536)  0.35s/step
[2026-09-24 16:01:23] step 2220/3000  total=0.3163 action=0.0054 vision=0.0025 task=0.0000 phase=0.0002 effect=1.2332 (contrast=0.693 var=0.409)  0.35s/step
[2026-09-24 16:01:25] step 2230/3000  total=0.3788 action=0.0061 vision=0.0024 task=0.0000 phase=0.0006 effect=1.4810 (contrast=0.894 var=0.516)  0.35s/step
[2026-09-24 16:01:28] step 2240/3000  total=0.3982 action=0.0055 vision=0.0028 task=0.0000 phase=0.0001 effect=1.5594 (contrast=0.988 var=0.499)  0.35s/step
[2026-09-24 16:01:30] step 2250/3000  total=0.3141 action=0.0068 vision=0.0025 task=0.0000 phase=0.0005 effect=1.2188 (contrast=0.694 var=0.342)  0.35s/step
[2026-09-24 16:01:33] step 2260/3000  total=0.4120 action=0.0046 vision=0.0025 task=0.0000 phase=0.0005 effect=1.6198 (contrast=1.020 var=0.541)  0.34s/step
[2026-09-24 16:01:35] step 2270/3000  total=0.4247 action=0.0043 vision=0.0023 task=0.0000 phase=0.0005 effect=1.6720 (contrast=1.069 var=0.533)  0.34s/step
[2026-09-24 16:01:38] step 2280/3000  total=0.3566 action=0.0065 vision=0.0027 task=0.0000 phase=0.0001 effect=1.3895 (contrast=0.817 var=0.374)  0.34s/step
[2026-09-24 16:01:40] step 2290/3000  total=0.3621 action=0.0037 vision=0.0024 task=0.0000 phase=0.0004 effect=1.4236 (contrast=0.860 var=0.473)  0.34s/step
[2026-09-24 16:01:43] step 2300/3000  total=0.3627 action=0.0065 vision=0.0025 task=0.0000 phase=0.0009 effect=1.4142 (contrast=0.857 var=0.475)  0.34s/step
[2026-09-24 16:01:45] step 2310/3000  total=0.3490 action=0.0038 vision=0.0024 task=0.0000 phase=0.0011 effect=1.3704 (contrast=0.813 var=0.423)  0.34s/step
[2026-09-24 16:01:47] step 2320/3000  total=0.3969 action=0.0042 vision=0.0024 task=0.0000 phase=0.0009 effect=1.5610 (contrast=0.987 var=0.475)  0.34s/step
[2026-09-24 16:01:49] step 2330/3000  total=0.3872 action=0.0067 vision=0.0026 task=0.0000 phase=0.0004 effect=1.5116 (contrast=0.937 var=0.400)  0.34s/step
[2026-09-24 16:01:52] step 2340/3000  total=0.3566 action=0.0043 vision=0.0023 task=0.0000 phase=0.0003 effect=1.3999 (contrast=0.814 var=0.442)  0.34s/step
[2026-09-24 16:01:54] step 2350/3000  total=0.3925 action=0.0073 vision=0.0024 task=0.0000 phase=0.0003 effect=1.5314 (contrast=0.982 var=0.432)  0.34s/step
[2026-09-24 16:01:57] step 2360/3000  total=0.3668 action=0.0048 vision=0.0023 task=0.0000 phase=0.0010 effect=1.4382 (contrast=0.839 var=0.530)  0.34s/step
[2026-09-24 16:01:59] step 2370/3000  total=0.3777 action=0.0051 vision=0.0022 task=0.0000 phase=0.0007 effect=1.4813 (contrast=0.913 var=0.448)  0.34s/step
[2026-09-24 16:02:02] step 2380/3000  total=0.4028 action=0.0057 vision=0.0024 task=0.0000 phase=0.0007 effect=1.5784 (contrast=1.009 var=0.493)  0.34s/step
[2026-09-24 16:02:04] step 2390/3000  total=0.3759 action=0.0070 vision=0.0023 task=0.0000 phase=0.0002 effect=1.4662 (contrast=0.907 var=0.416)  0.34s/step
[2026-09-24 16:02:07] step 2400/3000  total=0.3212 action=0.0052 vision=0.0025 task=0.0000 phase=0.0009 effect=1.2536 (contrast=0.706 var=0.464)  0.34s/step
[2026-09-24 16:02:09] step 2410/3000  total=0.4448 action=0.0066 vision=0.0025 task=0.0000 phase=0.0009 effect=1.7422 (contrast=1.113 var=0.591)  0.34s/step
[2026-09-24 16:02:11] step 2420/3000  total=0.3234 action=0.0053 vision=0.0023 task=0.0000 phase=0.0004 effect=1.2634 (contrast=0.727 var=0.388)  0.34s/step
[2026-09-24 16:02:13] step 2430/3000  total=0.3328 action=0.0039 vision=0.0024 task=0.0000 phase=0.0003 effect=1.3057 (contrast=0.778 var=0.420)  0.34s/step
[2026-09-24 16:02:16] step 2440/3000  total=0.3471 action=0.0044 vision=0.0024 task=0.0000 phase=0.0009 effect=1.3610 (contrast=0.800 var=0.488)  0.34s/step
[2026-09-24 16:02:19] step 2450/3000  total=0.3265 action=0.0063 vision=0.0023 task=0.0000 phase=0.0003 effect=1.2714 (contrast=0.719 var=0.469)  0.34s/step
[2026-09-24 16:02:21] step 2460/3000  total=0.3518 action=0.0044 vision=0.0024 task=0.0000 phase=0.0006 effect=1.3798 (contrast=0.812 var=0.464)  0.34s/step
[2026-09-24 16:02:24] step 2470/3000  total=0.3117 action=0.0051 vision=0.0022 task=0.0000 phase=0.0007 effect=1.2179 (contrast=0.701 var=0.398)  0.34s/step
[2026-09-24 16:02:26] step 2480/3000  total=0.3999 action=0.0064 vision=0.0024 task=0.0000 phase=0.0002 effect=1.5642 (contrast=1.020 var=0.438)  0.34s/step
[2026-09-24 16:02:29] step 2490/3000  total=0.3049 action=0.0059 vision=0.0023 task=0.0000 phase=0.0001 effect=1.1865 (contrast=0.682 var=0.337)  0.34s/step
[2026-09-24 16:02:31] step 2500/3000  total=0.2903 action=0.0058 vision=0.0027 task=0.0000 phase=0.0010 effect=1.1269 (contrast=0.585 var=0.429)  0.34s/step
[2026-09-24 16:03:32]   saved cte_step_002500.pt  val_total=0.6217
[2026-09-24 16:03:33] step 2510/3000  total=0.2899 action=0.0067 vision=0.0025 task=0.0000 phase=0.0005 effect=1.1228 (contrast=0.616 var=0.355)  0.36s/step
[2026-09-24 16:03:35] step 2520/3000  total=0.3110 action=0.0053 vision=0.0023 task=0.0000 phase=0.0007 effect=1.2131 (contrast=0.663 var=0.455)  0.36s/step
[2026-09-24 16:03:38] step 2530/3000  total=0.3638 action=0.0042 vision=0.0022 task=0.0000 phase=0.0005 effect=1.4292 (contrast=0.872 var=0.390)  0.36s/step
[2026-09-24 16:03:40] step 2540/3000  total=0.3629 action=0.0061 vision=0.0024 task=0.0000 phase=0.0005 effect=1.4172 (contrast=0.854 var=0.502)  0.36s/step
[2026-09-24 16:03:43] step 2550/3000  total=0.3627 action=0.0053 vision=0.0026 task=0.0000 phase=0.0003 effect=1.4194 (contrast=0.823 var=0.472)  0.36s/step
[2026-09-24 16:03:45] step 2560/3000  total=0.4066 action=0.0050 vision=0.0024 task=0.0000 phase=0.0007 effect=1.5966 (contrast=1.034 var=0.490)  0.36s/step
[2026-09-24 16:03:48] step 2570/3000  total=0.3119 action=0.0053 vision=0.0022 task=0.0000 phase=0.0004 effect=1.2173 (contrast=0.687 var=0.411)  0.36s/step
[2026-09-24 16:03:50] step 2580/3000  total=0.3464 action=0.0074 vision=0.0025 task=0.0000 phase=0.0004 effect=1.3461 (contrast=0.813 var=0.420)  0.36s/step
[2026-09-24 16:03:52] step 2590/3000  total=0.3817 action=0.0077 vision=0.0023 task=0.0000 phase=0.0006 effect=1.4865 (contrast=0.923 var=0.498)  0.35s/step
[2026-09-24 16:03:54] step 2600/3000  total=0.4047 action=0.0069 vision=0.0024 task=0.0000 phase=0.0012 effect=1.5810 (contrast=1.005 var=0.511)  0.35s/step
[2026-09-24 16:03:57] step 2610/3000  total=0.3285 action=0.0040 vision=0.0023 task=0.0000 phase=0.0004 effect=1.2887 (contrast=0.719 var=0.386)  0.35s/step
[2026-09-24 16:03:59] step 2620/3000  total=0.3175 action=0.0059 vision=0.0024 task=0.0000 phase=0.0003 effect=1.2369 (contrast=0.702 var=0.432)  0.35s/step
[2026-09-24 16:04:02] step 2630/3000  total=0.2802 action=0.0059 vision=0.0023 task=0.0000 phase=0.0004 effect=1.0883 (contrast=0.574 var=0.357)  0.35s/step
[2026-09-24 16:04:04] step 2640/3000  total=0.2874 action=0.0052 vision=0.0023 task=0.0000 phase=0.0003 effect=1.1193 (contrast=0.599 var=0.323)  0.35s/step
[2026-09-24 16:04:07] step 2650/3000  total=0.3758 action=0.0046 vision=0.0021 task=0.0000 phase=0.0005 effect=1.4763 (contrast=0.937 var=0.433)  0.35s/step
[2026-09-24 16:04:09] step 2660/3000  total=0.3319 action=0.0044 vision=0.0021 task=0.0000 phase=0.0011 effect=1.3013 (contrast=0.764 var=0.403)  0.35s/step
[2026-09-24 16:04:11] step 2670/3000  total=0.3313 action=0.0051 vision=0.0023 task=0.0000 phase=0.0013 effect=1.2949 (contrast=0.733 var=0.466)  0.35s/step
[2026-09-24 16:04:13] step 2680/3000  total=0.3506 action=0.0053 vision=0.0024 task=0.0000 phase=0.0004 effect=1.3712 (contrast=0.804 var=0.497)  0.35s/step
[2026-09-24 16:04:16] step 2690/3000  total=0.3116 action=0.0038 vision=0.0023 task=0.0000 phase=0.0013 effect=1.2214 (contrast=0.630 var=0.515)  0.35s/step
[2026-09-24 16:04:18] step 2700/3000  total=0.3152 action=0.0047 vision=0.0023 task=0.0000 phase=0.0010 effect=1.2328 (contrast=0.700 var=0.419)  0.35s/step
[2026-09-24 16:04:21] step 2710/3000  total=0.3336 action=0.0056 vision=0.0023 task=0.0000 phase=0.0001 effect=1.3026 (contrast=0.777 var=0.442)  0.35s/step
[2026-09-24 16:04:23] step 2720/3000  total=0.2663 action=0.0032 vision=0.0020 task=0.0000 phase=0.0005 effect=1.0445 (contrast=0.539 var=0.366)  0.35s/step
[2026-09-24 16:04:26] step 2730/3000  total=0.3836 action=0.0045 vision=0.0022 task=0.0000 phase=0.0002 effect=1.5075 (contrast=0.940 var=0.496)  0.35s/step
[2026-09-24 16:04:28] step 2740/3000  total=0.3155 action=0.0052 vision=0.0021 task=0.0000 phase=0.0004 effect=1.2327 (contrast=0.690 var=0.473)  0.35s/step
[2026-09-24 16:04:31] step 2750/3000  total=0.2975 action=0.0049 vision=0.0022 task=0.0000 phase=0.0001 effect=1.1615 (contrast=0.648 var=0.370)  0.35s/step
[2026-09-24 16:04:33] step 2760/3000  total=0.3243 action=0.0052 vision=0.0021 task=0.0000 phase=0.0005 effect=1.2680 (contrast=0.716 var=0.475)  0.35s/step
[2026-09-24 16:04:35] step 2770/3000  total=0.3439 action=0.0054 vision=0.0026 task=0.0000 phase=0.0002 effect=1.3437 (contrast=0.798 var=0.443)  0.35s/step
[2026-09-24 16:04:37] step 2780/3000  total=0.3244 action=0.0051 vision=0.0025 task=0.0000 phase=0.0005 effect=1.2671 (contrast=0.751 var=0.415)  0.35s/step
[2026-09-24 16:04:40] step 2790/3000  total=0.3566 action=0.0059 vision=0.0026 task=0.0000 phase=0.0001 effect=1.3924 (contrast=0.871 var=0.348)  0.35s/step
[2026-09-24 16:04:42] step 2800/3000  total=0.3000 action=0.0045 vision=0.0021 task=0.0000 phase=0.0007 effect=1.1730 (contrast=0.655 var=0.425)  0.35s/step
[2026-09-24 16:04:45] step 2810/3000  total=0.2671 action=0.0048 vision=0.0020 task=0.0000 phase=0.0003 effect=1.0413 (contrast=0.544 var=0.351)  0.35s/step
[2026-09-24 16:04:47] step 2820/3000  total=0.3244 action=0.0054 vision=0.0021 task=0.0000 phase=0.0005 effect=1.2676 (contrast=0.742 var=0.349)  0.35s/step
[2026-09-24 16:04:49] step 2830/3000  total=0.3303 action=0.0058 vision=0.0023 task=0.0000 phase=0.0005 effect=1.2884 (contrast=0.774 var=0.402)  0.34s/step
[2026-09-24 16:04:51] step 2840/3000  total=0.2856 action=0.0044 vision=0.0020 task=0.0000 phase=0.0009 effect=1.1165 (contrast=0.624 var=0.378)  0.34s/step
[2026-09-24 16:04:54] step 2850/3000  total=0.3709 action=0.0061 vision=0.0021 task=0.0000 phase=0.0002 effect=1.4505 (contrast=0.912 var=0.403)  0.34s/step
[2026-09-24 16:04:56] step 2860/3000  total=0.2919 action=0.0050 vision=0.0024 task=0.0000 phase=0.0006 effect=1.1378 (contrast=0.653 var=0.388)  0.34s/step
[2026-09-24 16:04:59] step 2870/3000  total=0.2690 action=0.0051 vision=0.0022 task=0.0000 phase=0.0008 effect=1.0465 (contrast=0.528 var=0.426)  0.34s/step
[2026-09-24 16:05:01] step 2880/3000  total=0.3302 action=0.0033 vision=0.0021 task=0.0000 phase=0.0005 effect=1.2994 (contrast=0.745 var=0.482)  0.34s/step
[2026-09-24 16:05:04] step 2890/3000  total=0.2950 action=0.0073 vision=0.0023 task=0.0000 phase=0.0002 effect=1.1415 (contrast=0.630 var=0.375)  0.34s/step
[2026-09-24 16:05:06] step 2900/3000  total=0.3100 action=0.0074 vision=0.0023 task=0.0000 phase=0.0011 effect=1.2011 (contrast=0.691 var=0.399)  0.34s/step
[2026-09-24 16:05:09] step 2910/3000  total=0.3348 action=0.0050 vision=0.0022 task=0.0000 phase=0.0006 effect=1.3103 (contrast=0.788 var=0.421)  0.34s/step
[2026-09-24 16:05:11] step 2920/3000  total=0.2997 action=0.0074 vision=0.0023 task=0.0000 phase=0.0001 effect=1.1601 (contrast=0.655 var=0.386)  0.34s/step
[2026-09-24 16:05:14] step 2930/3000  total=0.2902 action=0.0059 vision=0.0021 task=0.0000 phase=0.0004 effect=1.1287 (contrast=0.612 var=0.409)  0.34s/step
[2026-09-24 16:05:16] step 2940/3000  total=0.2627 action=0.0052 vision=0.0023 task=0.0000 phase=0.0005 effect=1.0206 (contrast=0.521 var=0.386)  0.34s/step
[2026-09-24 16:05:18] step 2950/3000  total=0.3117 action=0.0046 vision=0.0020 task=0.0000 phase=0.0002 effect=1.2203 (contrast=0.697 var=0.367)  0.34s/step
[2026-09-24 16:05:20] step 2960/3000  total=0.3449 action=0.0064 vision=0.0023 task=0.0000 phase=0.0015 effect=1.3446 (contrast=0.820 var=0.386)  0.34s/step
[2026-09-24 16:05:23] step 2970/3000  total=0.3445 action=0.0084 vision=0.0024 task=0.0000 phase=0.0004 effect=1.3345 (contrast=0.790 var=0.323)  0.34s/step
[2026-09-24 16:05:25] step 2980/3000  total=0.3159 action=0.0055 vision=0.0022 task=0.0000 phase=0.0014 effect=1.2325 (contrast=0.727 var=0.382)  0.34s/step
[2026-09-24 16:05:28] step 2990/3000  total=0.3223 action=0.0047 vision=0.0022 task=0.0000 phase=0.0002 effect=1.2617 (contrast=0.742 var=0.405)  0.34s/step
[2026-09-24 16:05:30] step 3000/3000  total=0.3052 action=0.0068 vision=0.0022 task=0.0000 phase=0.0001 effect=1.1847 (contrast=0.664 var=0.405)  0.34s/step
[2026-09-24 16:06:31]   saved cte_step_003000.pt  val_total=0.6100
[2026-09-24 16:06:31] done. final checkpoint: /workspace/mnt/sqzhang26/zeva-work/runs/zeva_cte/cte-v4-20260924/cte_step_003000.pt

################ 会话开始 2026-09-24 16:09:14  [CTE] ################
# run=cte-v4-20260924  steps=3000  save_every=500  batch=8  lr=1e-4
# cache=/workspace/mnt/sqzhang26/zeva-work/datasets/xhand_cte_cache_v2  window_latents=17
[2026-09-24 16:09:40] --resume given but /workspace/mnt/sqzhang26/zeva-work/runs/zeva_cte/cte-v4-20260924/cte_latest.pt does not exist; starting fresh
[2026-09-24 16:09:40] cache=/workspace/mnt/sqzhang26/zeva-work/datasets/xhand_cte_cache_v2 window_latents=17 train_windows=9748 val_windows=519 params=9.49M device=cuda start_step=0
[2026-09-24 16:09:40] loss weights: effect_contrastive_weight=1  effect_diversity_weight=1  effect_variance_weight=1  effect_covariance_weight=0.04  effect_align_weight=0.1
/workspace/mnt/sqzhang26/zeva-work/cosmos-framework/cosmos_framework/zeva_training/train_cte.py:249: UserWarning: Converting a tensor with requires_grad=True to a scalar may lead to unexpected behavior.
Consider using tensor.detach() first. (Triggered internally at /pytorch/torch/csrc/autograd/generated/python_variable_methods.cpp:836.)
  f"step {step}/{args.steps}  total={float(losses['total']):.4f} "
[2026-09-24 16:09:41] step 1/3000  total=2.7384 action=0.9116 vision=0.3624 task=0.0000 phase=0.0037 effect=5.8562 (contrast=3.990 var=0.832)  1.83s/step
[2026-09-24 16:09:43] step 10/3000  total=1.6372 action=0.1732 vision=0.0793 task=0.0000 phase=0.0040 effect=5.5372 (contrast=3.721 var=0.826)  0.31s/step
[2026-09-24 16:09:45] step 20/3000  total=1.4024 action=0.0837 vision=0.0391 task=0.0000 phase=0.0037 effect=5.1169 (contrast=3.408 var=0.823)  0.26s/step
[2026-09-24 16:09:47] step 30/3000  total=1.3226 action=0.0473 vision=0.0175 task=0.0000 phase=0.0031 effect=5.0299 (contrast=3.481 var=0.831)  0.26s/step
[2026-09-24 16:09:50] step 40/3000  total=1.3052 action=0.0424 vision=0.0096 task=0.0000 phase=0.0026 effect=5.0113 (contrast=3.518 var=0.840)  0.25s/step
[2026-09-24 16:09:52] step 50/3000  total=1.1992 action=0.0233 vision=0.0085 task=0.0000 phase=0.0015 effect=4.6689 (contrast=3.293 var=0.820)  0.25s/step
[2026-09-24 16:09:54] step 60/3000  total=1.0779 action=0.0282 vision=0.0077 task=0.0000 phase=0.0006 effect=4.1676 (contrast=2.979 var=0.816)  0.25s/step
[2026-09-24 16:09:57] step 70/3000  total=1.0381 action=0.0170 vision=0.0068 task=0.0000 phase=0.0007 effect=4.0566 (contrast=2.979 var=0.817)  0.25s/step
[2026-09-24 16:09:59] step 80/3000  total=1.0511 action=0.0192 vision=0.0071 task=0.0000 phase=0.0002 effect=4.0994 (contrast=3.016 var=0.815)  0.24s/step
[2026-09-24 16:10:02] step 90/3000  total=0.9776 action=0.0204 vision=0.0074 task=0.0000 phase=0.0002 effect=3.7992 (contrast=2.767 var=0.810)  0.24s/step
[2026-09-24 16:10:04] step 100/3000  total=1.0019 action=0.0191 vision=0.0072 task=0.0000 phase=0.0003 effect=3.9024 (contrast=2.829 var=0.818)  0.24s/step
[2026-09-24 16:10:07] step 110/3000  total=0.9672 action=0.0151 vision=0.0063 task=0.0000 phase=0.0006 effect=3.7830 (contrast=2.684 var=0.822)  0.24s/step
[2026-09-24 16:10:09] step 120/3000  total=0.9436 action=0.0248 vision=0.0090 task=0.0000 phase=0.0012 effect=3.6386 (contrast=2.680 var=0.812)  0.24s/step
[2026-09-24 16:10:11] step 130/3000  total=0.9043 action=0.0201 vision=0.0075 task=0.0000 phase=0.0007 effect=3.5066 (contrast=2.530 var=0.822)  0.24s/step
[2026-09-24 16:10:13] step 140/3000  total=0.8819 action=0.0174 vision=0.0079 task=0.0000 phase=0.0015 effect=3.4260 (contrast=2.437 var=0.813)  0.24s/step
[2026-09-24 16:10:16] step 150/3000  total=0.8377 action=0.0216 vision=0.0069 task=0.0000 phase=0.0005 effect=3.2366 (contrast=2.160 var=0.791)  0.24s/step
[2026-09-24 16:10:18] step 160/3000  total=0.8194 action=0.0147 vision=0.0054 task=0.0000 phase=0.0013 effect=3.1969 (contrast=2.255 var=0.813)  0.24s/step
[2026-09-24 16:10:21] step 170/3000  total=0.7814 action=0.0198 vision=0.0070 task=0.0000 phase=0.0008 effect=3.0183 (contrast=2.042 var=0.817)  0.24s/step
[2026-09-24 16:10:23] step 180/3000  total=0.7781 action=0.0228 vision=0.0079 task=0.0000 phase=0.0008 effect=2.9893 (contrast=2.032 var=0.806)  0.24s/step
[2026-09-24 16:10:26] step 190/3000  total=0.7874 action=0.0227 vision=0.0075 task=0.0000 phase=0.0007 effect=3.0285 (contrast=2.045 var=0.828)  0.24s/step
[2026-09-24 16:10:28] step 200/3000  total=0.8163 action=0.0098 vision=0.0050 task=0.0000 phase=0.0015 effect=3.2053 (contrast=2.210 var=0.823)  0.24s/step
[2026-09-24 16:10:30] step 210/3000  total=0.8080 action=0.0167 vision=0.0063 task=0.0000 phase=0.0007 effect=3.1395 (contrast=2.154 var=0.838)  0.24s/step
[2026-09-24 16:10:33] step 220/3000  total=0.7671 action=0.0497 vision=0.0109 task=0.0000 phase=0.0002 effect=2.8258 (contrast=1.814 var=0.787)  0.24s/step
[2026-09-24 16:10:35] step 230/3000  total=0.6891 action=0.0196 vision=0.0086 task=0.0000 phase=0.0004 effect=2.6435 (contrast=1.704 var=0.803)  0.24s/step
[2026-09-24 16:10:38] step 240/3000  total=0.7198 action=0.0165 vision=0.0067 task=0.0000 phase=0.0010 effect=2.7864 (contrast=1.834 var=0.819)  0.24s/step
[2026-09-24 16:10:40] step 250/3000  total=0.7411 action=0.0170 vision=0.0070 task=0.0000 phase=0.0011 effect=2.8681 (contrast=1.907 var=0.803)  0.24s/step
[2026-09-24 16:10:42] step 260/3000  total=0.7450 action=0.0271 vision=0.0089 task=0.0000 phase=0.0005 effect=2.8356 (contrast=1.857 var=0.803)  0.24s/step
[2026-09-24 16:10:44] step 270/3000  total=0.7682 action=0.0122 vision=0.0084 task=0.0000 phase=0.0012 effect=2.9900 (contrast=2.006 var=0.823)  0.24s/step
[2026-09-24 16:10:47] step 280/3000  total=0.7182 action=0.0102 vision=0.0061 task=0.0000 phase=0.0012 effect=2.8074 (contrast=1.806 var=0.823)  0.24s/step
[2026-09-24 16:10:49] step 290/3000  total=0.6967 action=0.0314 vision=0.0065 task=0.0000 phase=0.0005 effect=2.6351 (contrast=1.648 var=0.810)  0.24s/step
[2026-09-24 16:10:52] step 300/3000  total=0.7400 action=0.0131 vision=0.0073 task=0.0000 phase=0.0007 effect=2.8781 (contrast=1.871 var=0.813)  0.24s/step
[2026-09-24 16:10:54] step 310/3000  total=0.6688 action=0.0130 vision=0.0066 task=0.0000 phase=0.0015 effect=2.5962 (contrast=1.643 var=0.825)  0.24s/step
[2026-09-24 16:10:57] step 320/3000  total=0.6493 action=0.0115 vision=0.0061 task=0.0000 phase=0.0003 effect=2.5266 (contrast=1.596 var=0.814)  0.24s/step
[2026-09-24 16:10:59] step 330/3000  total=0.6669 action=0.0098 vision=0.0054 task=0.0000 phase=0.0013 effect=2.6061 (contrast=1.633 var=0.821)  0.24s/step
[2026-09-24 16:11:01] step 340/3000  total=0.6302 action=0.0140 vision=0.0058 task=0.0000 phase=0.0008 effect=2.4410 (contrast=1.489 var=0.815)  0.24s/step
[2026-09-24 16:11:04] step 350/3000  total=0.6674 action=0.0208 vision=0.0060 task=0.0000 phase=0.0021 effect=2.5615 (contrast=1.565 var=0.816)  0.24s/step
[2026-09-24 16:11:06] step 360/3000  total=0.6747 action=0.0107 vision=0.0063 task=0.0000 phase=0.0016 effect=2.6303 (contrast=1.637 var=0.821)  0.24s/step
[2026-09-24 16:11:09] step 370/3000  total=0.6610 action=0.0138 vision=0.0064 task=0.0000 phase=0.0008 effect=2.5629 (contrast=1.586 var=0.821)  0.24s/step
[2026-09-24 16:11:11] step 380/3000  total=0.6378 action=0.0112 vision=0.0059 task=0.0000 phase=0.0009 effect=2.4826 (contrast=1.558 var=0.815)  0.24s/step
[2026-09-24 16:11:13] step 390/3000  total=0.6779 action=0.0117 vision=0.0066 task=0.0000 phase=0.0020 effect=2.6380 (contrast=1.666 var=0.816)  0.24s/step
[2026-09-24 16:11:16] step 400/3000  total=0.5981 action=0.0102 vision=0.0063 task=0.0000 phase=0.0013 effect=2.3256 (contrast=1.338 var=0.800)  0.24s/step
[2026-09-24 16:11:18] step 410/3000  total=0.6621 action=0.0126 vision=0.0054 task=0.0000 phase=0.0015 effect=2.5759 (contrast=1.628 var=0.831)  0.24s/step
[2026-09-24 16:11:21] step 420/3000  total=0.5731 action=0.0103 vision=0.0060 task=0.0000 phase=0.0005 effect=2.2269 (contrast=1.315 var=0.799)  0.24s/step
[2026-09-24 16:11:23] step 430/3000  total=0.6512 action=0.0134 vision=0.0068 task=0.0000 phase=0.0015 effect=2.5233 (contrast=1.557 var=0.813)  0.24s/step
[2026-09-24 16:11:26] step 440/3000  total=0.6091 action=0.0137 vision=0.0057 task=0.0000 phase=0.0032 effect=2.3574 (contrast=1.421 var=0.814)  0.24s/step
[2026-09-24 16:11:28] step 450/3000  total=0.5991 action=0.0084 vision=0.0055 task=0.0000 phase=0.0020 effect=2.3399 (contrast=1.380 var=0.820)  0.24s/step
[2026-09-24 16:11:30] step 460/3000  total=0.7011 action=0.0171 vision=0.0067 task=0.0000 phase=0.0001 effect=2.7093 (contrast=1.661 var=0.817)  0.24s/step
[2026-09-24 16:11:32] step 470/3000  total=0.6411 action=0.0113 vision=0.0057 task=0.0000 phase=0.0007 effect=2.4962 (contrast=1.516 var=0.826)  0.24s/step
[2026-09-24 16:11:35] step 480/3000  total=0.6659 action=0.0184 vision=0.0056 task=0.0000 phase=0.0017 effect=2.5670 (contrast=1.600 var=0.823)  0.24s/step
[2026-09-24 16:11:37] step 490/3000  total=0.5579 action=0.0107 vision=0.0063 task=0.0000 phase=0.0005 effect=2.1631 (contrast=1.292 var=0.779)  0.24s/step
[2026-09-24 16:11:40] step 500/3000  total=0.5921 action=0.0153 vision=0.0057 task=0.0000 phase=0.0005 effect=2.2841 (contrast=1.344 var=0.805)  0.24s/step
[2026-09-24 16:12:41]   saved cte_step_000500.pt  val_total=0.8435
[2026-09-24 16:12:42] step 510/3000  total=0.5576 action=0.0082 vision=0.0050 task=0.0000 phase=0.0008 effect=2.1771 (contrast=1.243 var=0.798)  0.36s/step
[2026-09-24 16:12:44] step 520/3000  total=0.6220 action=0.0095 vision=0.0050 task=0.0000 phase=0.0004 effect=2.4299 (contrast=1.428 var=0.815)  0.35s/step
[2026-09-24 16:12:47] step 530/3000  total=0.5711 action=0.0169 vision=0.0063 task=0.0000 phase=0.0011 effect=2.1915 (contrast=1.261 var=0.778)  0.35s/step
[2026-09-24 16:12:49] step 540/3000  total=0.5384 action=0.0099 vision=0.0062 task=0.0000 phase=0.0006 effect=2.0894 (contrast=1.193 var=0.799)  0.35s/step
[2026-09-24 16:12:52] step 550/3000  total=0.6310 action=0.0110 vision=0.0053 task=0.0000 phase=0.0015 effect=2.4581 (contrast=1.534 var=0.809)  0.35s/step
[2026-09-24 16:12:54] step 560/3000  total=0.5424 action=0.0110 vision=0.0059 task=0.0000 phase=0.0007 effect=2.1017 (contrast=1.237 var=0.780)  0.35s/step
[2026-09-24 16:12:56] step 570/3000  total=0.6220 action=0.0113 vision=0.0046 task=0.0000 phase=0.0003 effect=2.4245 (contrast=1.449 var=0.821)  0.35s/step
[2026-09-24 16:12:58] step 580/3000  total=0.5609 action=0.0086 vision=0.0051 task=0.0000 phase=0.0014 effect=2.1884 (contrast=1.280 var=0.794)  0.34s/step
[2026-09-24 16:13:01] step 590/3000  total=0.5722 action=0.0127 vision=0.0067 task=0.0000 phase=0.0005 effect=2.2110 (contrast=1.323 var=0.772)  0.34s/step
[2026-09-24 16:13:03] step 600/3000  total=0.5657 action=0.0253 vision=0.0065 task=0.0000 phase=0.0011 effect=2.1352 (contrast=1.259 var=0.763)  0.34s/step
[2026-09-24 16:13:06] step 610/3000  total=0.5468 action=0.0159 vision=0.0060 task=0.0000 phase=0.0008 effect=2.0993 (contrast=1.179 var=0.783)  0.34s/step
[2026-09-24 16:13:08] step 620/3000  total=0.6300 action=0.0169 vision=0.0049 task=0.0000 phase=0.0007 effect=2.4327 (contrast=1.503 var=0.799)  0.34s/step
[2026-09-24 16:13:11] step 630/3000  total=0.5890 action=0.0114 vision=0.0054 task=0.0000 phase=0.0007 effect=2.2887 (contrast=1.380 var=0.806)  0.34s/step
[2026-09-24 16:13:13] step 640/3000  total=0.5412 action=0.0130 vision=0.0058 task=0.0000 phase=0.0013 effect=2.0891 (contrast=1.186 var=0.787)  0.33s/step
[2026-09-24 16:13:16] step 650/3000  total=0.5911 action=0.0089 vision=0.0059 task=0.0000 phase=0.0012 effect=2.3047 (contrast=1.324 var=0.789)  0.33s/step
[2026-09-24 16:13:18] step 660/3000  total=0.5371 action=0.0175 vision=0.0060 task=0.0000 phase=0.0011 effect=2.0540 (contrast=1.161 var=0.763)  0.33s/step
[2026-09-24 16:13:21] step 670/3000  total=0.5644 action=0.0122 vision=0.0052 task=0.0000 phase=0.0009 effect=2.1878 (contrast=1.304 var=0.776)  0.33s/step
[2026-09-24 16:13:23] step 680/3000  total=0.5626 action=0.0198 vision=0.0053 task=0.0000 phase=0.0033 effect=2.1486 (contrast=1.204 var=0.806)  0.33s/step
[2026-09-24 16:13:25] step 690/3000  total=0.5822 action=0.0201 vision=0.0061 task=0.0000 phase=0.0009 effect=2.2237 (contrast=1.323 var=0.794)  0.33s/step
[2026-09-24 16:13:27] step 700/3000  total=0.5341 action=0.0098 vision=0.0050 task=0.0000 phase=0.0006 effect=2.0769 (contrast=1.212 var=0.761)  0.33s/step
[2026-09-24 16:13:30] step 710/3000  total=0.5516 action=0.0100 vision=0.0060 task=0.0000 phase=0.0005 effect=2.1420 (contrast=1.231 var=0.756)  0.32s/step
[2026-09-24 16:13:32] step 720/3000  total=0.5433 action=0.0093 vision=0.0052 task=0.0000 phase=0.0020 effect=2.1147 (contrast=1.208 var=0.780)  0.32s/step
[2026-09-24 16:13:35] step 730/3000  total=0.4991 action=0.0100 vision=0.0058 task=0.0000 phase=0.0016 effect=1.9324 (contrast=1.068 var=0.763)  0.32s/step
[2026-09-24 16:13:37] step 740/3000  total=0.5302 action=0.0072 vision=0.0050 task=0.0000 phase=0.0021 effect=2.0717 (contrast=1.205 var=0.766)  0.32s/step
[2026-09-24 16:13:40] step 750/3000  total=0.5145 action=0.0078 vision=0.0049 task=0.0000 phase=0.0010 effect=2.0067 (contrast=1.146 var=0.760)  0.32s/step
[2026-09-24 16:13:42] step 760/3000  total=0.4843 action=0.0077 vision=0.0046 task=0.0000 phase=0.0011 effect=1.8876 (contrast=1.034 var=0.748)  0.32s/step
[2026-09-24 16:13:45] step 770/3000  total=0.5144 action=0.0091 vision=0.0045 task=0.0000 phase=0.0011 effect=2.0029 (contrast=1.176 var=0.761)  0.32s/step
[2026-09-24 16:13:47] step 780/3000  total=0.5191 action=0.0071 vision=0.0042 task=0.0000 phase=0.0006 effect=2.0305 (contrast=1.178 var=0.767)  0.32s/step
[2026-09-24 16:13:50] step 790/3000  total=0.5563 action=0.0073 vision=0.0041 task=0.0000 phase=0.0005 effect=2.1792 (contrast=1.248 var=0.750)  0.32s/step
[2026-09-24 16:13:52] step 800/3000  total=0.5365 action=0.0068 vision=0.0039 task=0.0000 phase=0.0011 effect=2.1025 (contrast=1.214 var=0.771)  0.32s/step
[2026-09-24 16:13:55] step 810/3000  total=0.5274 action=0.0055 vision=0.0041 task=0.0000 phase=0.0006 effect=2.0711 (contrast=1.247 var=0.746)  0.31s/step
[2026-09-24 16:13:57] step 820/3000  total=0.5480 action=0.0065 vision=0.0039 task=0.0000 phase=0.0015 effect=2.1500 (contrast=1.296 var=0.757)  0.31s/step
[2026-09-24 16:13:59] step 830/3000  total=0.5464 action=0.0081 vision=0.0044 task=0.0000 phase=0.0011 effect=2.1352 (contrast=1.277 var=0.745)  0.31s/step
[2026-09-24 16:14:01] step 840/3000  total=0.5366 action=0.0140 vision=0.0047 task=0.0000 phase=0.0010 effect=2.0712 (contrast=1.189 var=0.753)  0.31s/step
[2026-09-24 16:14:04] step 850/3000  total=0.4810 action=0.0085 vision=0.0044 task=0.0000 phase=0.0009 effect=1.8719 (contrast=1.062 var=0.729)  0.31s/step
[2026-09-24 16:14:06] step 860/3000  total=0.5440 action=0.0157 vision=0.0050 task=0.0000 phase=0.0010 effect=2.0930 (contrast=1.243 var=0.746)  0.31s/step
[2026-09-24 16:14:09] step 870/3000  total=0.4925 action=0.0112 vision=0.0045 task=0.0000 phase=0.0016 effect=1.9064 (contrast=1.074 var=0.735)  0.31s/step
[2026-09-24 16:14:11] step 880/3000  total=0.5412 action=0.0085 vision=0.0041 task=0.0000 phase=0.0010 effect=2.1136 (contrast=1.218 var=0.753)  0.31s/step
[2026-09-24 16:14:14] step 890/3000  total=0.4477 action=0.0086 vision=0.0044 task=0.0000 phase=0.0011 effect=1.7387 (contrast=0.920 var=0.731)  0.31s/step
[2026-09-24 16:14:16] step 900/3000  total=0.5164 action=0.0126 vision=0.0048 task=0.0000 phase=0.0016 effect=1.9956 (contrast=1.135 var=0.740)  0.31s/step
[2026-09-24 16:14:19] step 910/3000  total=0.4785 action=0.0108 vision=0.0040 task=0.0000 phase=0.0015 effect=1.8543 (contrast=0.998 var=0.729)  0.31s/step
[2026-09-24 16:14:21] step 920/3000  total=0.4839 action=0.0082 vision=0.0041 task=0.0000 phase=0.0007 effect=1.8862 (contrast=1.086 var=0.715)  0.31s/step
[2026-09-24 16:14:24] step 930/3000  total=0.5626 action=0.0068 vision=0.0045 task=0.0000 phase=0.0005 effect=2.2052 (contrast=1.321 var=0.751)  0.31s/step
[2026-09-24 16:14:26] step 940/3000  total=0.4139 action=0.0104 vision=0.0047 task=0.0000 phase=0.0007 effect=1.5948 (contrast=0.784 var=0.704)  0.30s/step
[2026-09-24 16:14:28] step 950/3000  total=0.5455 action=0.0094 vision=0.0042 task=0.0000 phase=0.0002 effect=2.1276 (contrast=1.217 var=0.746)  0.30s/step
[2026-09-24 16:14:30] step 960/3000  total=0.5134 action=0.0154 vision=0.0049 task=0.0000 phase=0.0010 effect=1.9721 (contrast=1.121 var=0.740)  0.30s/step
[2026-09-24 16:14:33] step 970/3000  total=0.5106 action=0.0083 vision=0.0040 task=0.0000 phase=0.0026 effect=1.9923 (contrast=1.181 var=0.714)  0.30s/step
[2026-09-24 16:14:35] step 980/3000  total=0.6087 action=0.0087 vision=0.0042 task=0.0000 phase=0.0004 effect=2.3829 (contrast=1.443 var=0.774)  0.30s/step
[2026-09-24 16:14:38] step 990/3000  total=0.4718 action=0.0079 vision=0.0039 task=0.0000 phase=0.0004 effect=1.8395 (contrast=1.079 var=0.668)  0.30s/step
[2026-09-24 16:14:40] step 1000/3000  total=0.5723 action=0.0079 vision=0.0040 task=0.0000 phase=0.0022 effect=2.2407 (contrast=1.341 var=0.744)  0.30s/step
[2026-09-24 16:15:46]   saved cte_step_001000.pt  val_total=0.7604
[2026-09-24 16:15:47] step 1010/3000  total=0.4790 action=0.0115 vision=0.0042 task=0.0000 phase=0.0009 effect=1.8530 (contrast=1.070 var=0.704)  0.36s/step
[2026-09-24 16:15:50] step 1020/3000  total=0.4946 action=0.0070 vision=0.0040 task=0.0000 phase=0.0010 effect=1.9343 (contrast=1.127 var=0.724)  0.36s/step
[2026-09-24 16:15:53] step 1030/3000  total=0.4293 action=0.0090 vision=0.0043 task=0.0000 phase=0.0007 effect=1.6633 (contrast=0.920 var=0.660)  0.36s/step
[2026-09-24 16:15:55] step 1040/3000  total=0.4588 action=0.0092 vision=0.0042 task=0.0000 phase=0.0009 effect=1.7813 (contrast=0.995 var=0.670)  0.36s/step
[2026-09-24 16:15:58] step 1050/3000  total=0.5036 action=0.0074 vision=0.0036 task=0.0000 phase=0.0009 effect=1.9703 (contrast=1.159 var=0.677)  0.36s/step
[2026-09-24 16:16:00] step 1060/3000  total=0.4292 action=0.0099 vision=0.0038 task=0.0000 phase=0.0015 effect=1.6615 (contrast=0.880 var=0.683)  0.36s/step
[2026-09-24 16:16:03] step 1070/3000  total=0.4216 action=0.0077 vision=0.0039 task=0.0000 phase=0.0011 effect=1.6400 (contrast=0.902 var=0.643)  0.36s/step
[2026-09-24 16:16:05] step 1080/3000  total=0.5482 action=0.0092 vision=0.0041 task=0.0000 phase=0.0008 effect=2.1389 (contrast=1.305 var=0.674)  0.36s/step
[2026-09-24 16:16:08] step 1090/3000  total=0.4582 action=0.0059 vision=0.0039 task=0.0000 phase=0.0009 effect=1.7933 (contrast=1.021 var=0.676)  0.36s/step
[2026-09-24 16:16:11] step 1100/3000  total=0.5026 action=0.0063 vision=0.0037 task=0.0000 phase=0.0004 effect=1.9706 (contrast=1.154 var=0.713)  0.36s/step
[2026-09-24 16:16:14] step 1110/3000  total=0.4724 action=0.0070 vision=0.0038 task=0.0000 phase=0.0026 effect=1.8450 (contrast=1.112 var=0.650)  0.35s/step
[2026-09-24 16:16:16] step 1120/3000  total=0.6368 action=0.0161 vision=0.0048 task=0.0000 phase=0.0016 effect=2.4627 (contrast=1.401 var=0.751)  0.35s/step
[2026-09-24 16:16:19] step 1130/3000  total=0.4419 action=0.0101 vision=0.0046 task=0.0000 phase=0.0006 effect=1.7088 (contrast=0.931 var=0.683)  0.35s/step
[2026-09-24 16:16:21] step 1140/3000  total=0.4617 action=0.0085 vision=0.0046 task=0.0000 phase=0.0022 effect=1.7937 (contrast=1.034 var=0.640)  0.35s/step
[2026-09-24 16:16:24] step 1150/3000  total=0.5442 action=0.0105 vision=0.0043 task=0.0000 phase=0.0017 effect=2.1170 (contrast=1.307 var=0.691)  0.35s/step
[2026-09-24 16:16:26] step 1160/3000  total=0.4707 action=0.0044 vision=0.0035 task=0.0000 phase=0.0011 effect=1.8510 (contrast=1.093 var=0.682)  0.35s/step
[2026-09-24 16:16:29] step 1170/3000  total=0.4203 action=0.0140 vision=0.0038 task=0.0000 phase=0.0011 effect=1.6095 (contrast=0.845 var=0.692)  0.35s/step
[2026-09-24 16:16:31] step 1180/3000  total=0.4784 action=0.0062 vision=0.0033 task=0.0000 phase=0.0018 effect=1.8750 (contrast=1.105 var=0.699)  0.35s/step
[2026-09-24 16:16:33] step 1190/3000  total=0.4822 action=0.0090 vision=0.0041 task=0.0000 phase=0.0021 effect=1.8757 (contrast=1.123 var=0.682)  0.35s/step
[2026-09-24 16:16:35] step 1200/3000  total=0.4745 action=0.0112 vision=0.0035 task=0.0000 phase=0.0013 effect=1.8384 (contrast=1.147 var=0.620)  0.35s/step
[2026-09-24 16:16:38] step 1210/3000  total=0.4431 action=0.0083 vision=0.0039 task=0.0000 phase=0.0020 effect=1.7233 (contrast=0.998 var=0.646)  0.35s/step
[2026-09-24 16:16:41] step 1220/3000  total=0.4444 action=0.0097 vision=0.0041 task=0.0000 phase=0.0017 effect=1.7214 (contrast=0.966 var=0.669)  0.35s/step
[2026-09-24 16:16:44] step 1230/3000  total=0.4845 action=0.0062 vision=0.0036 task=0.0000 phase=0.0012 effect=1.8983 (contrast=1.152 var=0.674)  0.34s/step
[2026-09-24 16:16:47] step 1240/3000  total=0.4371 action=0.0105 vision=0.0033 task=0.0000 phase=0.0010 effect=1.6928 (contrast=0.977 var=0.627)  0.34s/step
[2026-09-24 16:16:49] step 1250/3000  total=0.4565 action=0.0069 vision=0.0034 task=0.0000 phase=0.0012 effect=1.7845 (contrast=1.015 var=0.678)  0.34s/step
[2026-09-24 16:16:52] step 1260/3000  total=0.4551 action=0.0094 vision=0.0041 task=0.0000 phase=0.0010 effect=1.7662 (contrast=1.028 var=0.607)  0.34s/step
[2026-09-24 16:16:55] step 1270/3000  total=0.4534 action=0.0060 vision=0.0034 task=0.0000 phase=0.0029 effect=1.7748 (contrast=1.017 var=0.633)  0.34s/step
[2026-09-24 16:16:58] step 1280/3000  total=0.4281 action=0.0076 vision=0.0037 task=0.0000 phase=0.0020 effect=1.6663 (contrast=0.960 var=0.647)  0.34s/step
[2026-09-24 16:17:00] step 1290/3000  total=0.4244 action=0.0074 vision=0.0038 task=0.0000 phase=0.0004 effect=1.6523 (contrast=0.974 var=0.592)  0.34s/step
[2026-09-24 16:17:03] step 1300/3000  total=0.4627 action=0.0055 vision=0.0033 task=0.0000 phase=0.0011 effect=1.8154 (contrast=1.083 var=0.647)  0.34s/step
[2026-09-24 16:17:06] step 1310/3000  total=0.4819 action=0.0063 vision=0.0035 task=0.0000 phase=0.0016 effect=1.8873 (contrast=1.194 var=0.603)  0.34s/step
[2026-09-24 16:17:08] step 1320/3000  total=0.4704 action=0.0059 vision=0.0032 task=0.0000 phase=0.0010 effect=1.8446 (contrast=1.142 var=0.618)  0.34s/step
[2026-09-24 16:17:11] step 1330/3000  total=0.4272 action=0.0062 vision=0.0034 task=0.0000 phase=0.0010 effect=1.6697 (contrast=1.000 var=0.587)  0.34s/step
[2026-09-24 16:17:14] step 1340/3000  total=0.4423 action=0.0103 vision=0.0034 task=0.0000 phase=0.0023 effect=1.7131 (contrast=1.050 var=0.581)  0.34s/step
[2026-09-24 16:17:16] step 1350/3000  total=0.4191 action=0.0074 vision=0.0036 task=0.0000 phase=0.0015 effect=1.6321 (contrast=0.913 var=0.625)  0.34s/step
[2026-09-24 16:17:19] step 1360/3000  total=0.4856 action=0.0069 vision=0.0035 task=0.0000 phase=0.0008 effect=1.9007 (contrast=1.175 var=0.627)  0.34s/step
[2026-09-24 16:17:21] step 1370/3000  total=0.4206 action=0.0090 vision=0.0036 task=0.0000 phase=0.0016 effect=1.6316 (contrast=0.940 var=0.624)  0.34s/step
[2026-09-24 16:17:24] step 1380/3000  total=0.3813 action=0.0063 vision=0.0037 task=0.0000 phase=0.0008 effect=1.4848 (contrast=0.852 var=0.531)  0.34s/step
[2026-09-24 16:17:27] step 1390/3000  total=0.4340 action=0.0112 vision=0.0042 task=0.0000 phase=0.0015 effect=1.6742 (contrast=0.943 var=0.637)  0.34s/step
[2026-09-24 16:17:30] step 1400/3000  total=0.3641 action=0.0070 vision=0.0034 task=0.0000 phase=0.0013 effect=1.4147 (contrast=0.756 var=0.574)  0.34s/step
[2026-09-24 16:17:32] step 1410/3000  total=0.4136 action=0.0093 vision=0.0034 task=0.0000 phase=0.0011 effect=1.6030 (contrast=0.923 var=0.555)  0.34s/step
[2026-09-24 16:17:35] step 1420/3000  total=0.4798 action=0.0072 vision=0.0035 task=0.0000 phase=0.0007 effect=1.8764 (contrast=1.145 var=0.594)  0.33s/step
[2026-09-24 16:17:37] step 1430/3000  total=0.4177 action=0.0066 vision=0.0036 task=0.0000 phase=0.0013 effect=1.6294 (contrast=0.954 var=0.558)  0.33s/step
[2026-09-24 16:17:40] step 1440/3000  total=0.3886 action=0.0049 vision=0.0031 task=0.0000 phase=0.0011 effect=1.5218 (contrast=0.844 var=0.571)  0.33s/step
[2026-09-24 16:17:42] step 1450/3000  total=0.4885 action=0.0057 vision=0.0032 task=0.0000 phase=0.0003 effect=1.9184 (contrast=1.094 var=0.650)  0.33s/step
[2026-09-24 16:17:45] step 1460/3000  total=0.4761 action=0.0095 vision=0.0041 task=0.0000 phase=0.0010 effect=1.8493 (contrast=1.108 var=0.658)  0.33s/step
[2026-09-24 16:17:48] step 1470/3000  total=0.3979 action=0.0078 vision=0.0037 task=0.0000 phase=0.0009 effect=1.5452 (contrast=0.900 var=0.571)  0.33s/step
[2026-09-24 16:17:51] step 1480/3000  total=0.4205 action=0.0083 vision=0.0038 task=0.0000 phase=0.0012 effect=1.6331 (contrast=0.955 var=0.593)  0.33s/step
[2026-09-24 16:17:54] step 1490/3000  total=0.3853 action=0.0110 vision=0.0036 task=0.0000 phase=0.0004 effect=1.4827 (contrast=0.792 var=0.489)  0.33s/step
[2026-09-24 16:17:56] step 1500/3000  total=0.4714 action=0.0095 vision=0.0037 task=0.0000 phase=0.0006 effect=1.8329 (contrast=1.049 var=0.603)  0.33s/step
[2026-09-24 16:19:05]   saved cte_step_001500.pt  val_total=0.7426
[2026-09-24 16:19:07] step 1510/3000  total=0.4821 action=0.0094 vision=0.0040 task=0.0000 phase=0.0007 effect=1.8746 (contrast=1.119 var=0.599)  0.38s/step
[2026-09-24 16:19:09] step 1520/3000  total=0.3797 action=0.0064 vision=0.0030 task=0.0000 phase=0.0008 effect=1.4810 (contrast=0.764 var=0.559)  0.37s/step
[2026-09-24 16:19:12] step 1530/3000  total=0.4317 action=0.0081 vision=0.0034 task=0.0000 phase=0.0011 effect=1.6804 (contrast=1.005 var=0.588)  0.37s/step
[2026-09-24 16:19:15] step 1540/3000  total=0.4706 action=0.0057 vision=0.0030 task=0.0000 phase=0.0007 effect=1.8472 (contrast=1.141 var=0.618)  0.37s/step
[2026-09-24 16:19:17] step 1550/3000  total=0.4529 action=0.0091 vision=0.0034 task=0.0000 phase=0.0013 effect=1.7611 (contrast=1.087 var=0.523)  0.37s/step
[2026-09-24 16:19:20] step 1560/3000  total=0.4951 action=0.0049 vision=0.0032 task=0.0000 phase=0.0014 effect=1.9474 (contrast=1.200 var=0.625)  0.37s/step
[2026-09-24 16:19:23] step 1570/3000  total=0.4159 action=0.0065 vision=0.0032 task=0.0000 phase=0.0009 effect=1.6249 (contrast=0.987 var=0.541)  0.37s/step
[2026-09-24 16:19:25] step 1580/3000  total=0.3721 action=0.0040 vision=0.0029 task=0.0000 phase=0.0009 effect=1.4605 (contrast=0.833 var=0.492)  0.37s/step
[2026-09-24 16:19:28] step 1590/3000  total=0.4116 action=0.0067 vision=0.0033 task=0.0000 phase=0.0017 effect=1.6057 (contrast=0.956 var=0.559)  0.37s/step
[2026-09-24 16:19:30] step 1600/3000  total=0.3911 action=0.0052 vision=0.0035 task=0.0000 phase=0.0016 effect=1.5292 (contrast=0.867 var=0.514)  0.37s/step
[2026-09-24 16:19:34] step 1610/3000  total=0.4887 action=0.0091 vision=0.0032 task=0.0000 phase=0.0009 effect=1.9051 (contrast=1.181 var=0.618)  0.37s/step
[2026-09-24 16:19:36] step 1620/3000  total=0.3747 action=0.0066 vision=0.0031 task=0.0000 phase=0.0009 effect=1.4593 (contrast=0.839 var=0.493)  0.37s/step
[2026-09-24 16:19:39] step 1630/3000  total=0.3918 action=0.0066 vision=0.0029 task=0.0000 phase=0.0014 effect=1.5284 (contrast=0.902 var=0.538)  0.37s/step
[2026-09-24 16:19:41] step 1640/3000  total=0.3895 action=0.0062 vision=0.0030 task=0.0000 phase=0.0008 effect=1.5207 (contrast=0.868 var=0.525)  0.37s/step
[2026-09-24 16:19:44] step 1650/3000  total=0.5015 action=0.0076 vision=0.0036 task=0.0000 phase=0.0005 effect=1.9607 (contrast=1.259 var=0.564)  0.37s/step
[2026-09-24 16:19:46] step 1660/3000  total=0.3995 action=0.0062 vision=0.0031 task=0.0000 phase=0.0013 effect=1.5603 (contrast=0.911 var=0.509)  0.37s/step
[2026-09-24 16:19:49] step 1670/3000  total=0.3996 action=0.0054 vision=0.0029 task=0.0000 phase=0.0018 effect=1.5644 (contrast=0.903 var=0.528)  0.37s/step
[2026-09-24 16:19:52] step 1680/3000  total=0.4040 action=0.0060 vision=0.0031 task=0.0000 phase=0.0010 effect=1.5792 (contrast=0.921 var=0.521)  0.36s/step
[2026-09-24 16:19:55] step 1690/3000  total=0.3728 action=0.0072 vision=0.0032 task=0.0000 phase=0.0010 effect=1.4497 (contrast=0.811 var=0.510)  0.36s/step
[2026-09-24 16:19:58] step 1700/3000  total=0.3913 action=0.0058 vision=0.0031 task=0.0000 phase=0.0018 effect=1.5290 (contrast=0.905 var=0.494)  0.36s/step
[2026-09-24 16:20:01] step 1710/3000  total=0.3634 action=0.0066 vision=0.0029 task=0.0000 phase=0.0010 effect=1.4152 (contrast=0.764 var=0.503)  0.36s/step
[2026-09-24 16:20:04] step 1720/3000  total=0.4219 action=0.0044 vision=0.0028 task=0.0000 phase=0.0007 effect=1.6586 (contrast=1.052 var=0.489)  0.36s/step
[2026-09-24 16:20:06] step 1730/3000  total=0.5314 action=0.0047 vision=0.0027 task=0.0000 phase=0.0006 effect=2.0956 (contrast=1.083 var=0.608)  0.36s/step
[2026-09-24 16:20:08] step 1740/3000  total=0.4183 action=0.0056 vision=0.0029 task=0.0000 phase=0.0013 effect=1.6382 (contrast=0.977 var=0.527)  0.36s/step
[2026-09-24 16:20:11] step 1750/3000  total=0.3515 action=0.0101 vision=0.0032 task=0.0000 phase=0.0004 effect=1.3526 (contrast=0.752 var=0.489)  0.36s/step
[2026-09-24 16:20:13] step 1760/3000  total=0.3658 action=0.0071 vision=0.0033 task=0.0000 phase=0.0007 effect=1.4211 (contrast=0.818 var=0.486)  0.36s/step
[2026-09-24 16:20:16] step 1770/3000  total=0.4795 action=0.0087 vision=0.0032 task=0.0000 phase=0.0015 effect=1.8700 (contrast=1.209 var=0.534)  0.36s/step
[2026-09-24 16:20:19] step 1780/3000  total=0.4146 action=0.0040 vision=0.0024 task=0.0000 phase=0.0006 effect=1.6327 (contrast=0.916 var=0.536)  0.36s/step
[2026-09-24 16:20:22] step 1790/3000  total=0.4596 action=0.0087 vision=0.0034 task=0.0000 phase=0.0011 effect=1.7897 (contrast=1.050 var=0.489)  0.36s/step
[2026-09-24 16:20:24] step 1800/3000  total=0.3942 action=0.0060 vision=0.0027 task=0.0000 phase=0.0009 effect=1.5416 (contrast=0.850 var=0.528)  0.36s/step
[2026-09-24 16:20:28] step 1810/3000  total=0.4327 action=0.0098 vision=0.0041 task=0.0000 phase=0.0026 effect=1.6741 (contrast=0.964 var=0.601)  0.36s/step
[2026-09-24 16:20:30] step 1820/3000  total=0.4112 action=0.0072 vision=0.0033 task=0.0000 phase=0.0017 effect=1.6019 (contrast=0.958 var=0.477)  0.36s/step
[2026-09-24 16:20:33] step 1830/3000  total=0.4181 action=0.0082 vision=0.0034 task=0.0000 phase=0.0012 effect=1.6255 (contrast=1.000 var=0.537)  0.36s/step
[2026-09-24 16:20:35] step 1840/3000  total=0.3673 action=0.0068 vision=0.0032 task=0.0000 phase=0.0002 effect=1.4292 (contrast=0.827 var=0.463)  0.36s/step
[2026-09-24 16:20:38] step 1850/3000  total=0.4355 action=0.0074 vision=0.0037 task=0.0000 phase=0.0007 effect=1.6978 (contrast=1.029 var=0.524)  0.36s/step
[2026-09-24 16:20:40] step 1860/3000  total=0.3934 action=0.0072 vision=0.0032 task=0.0000 phase=0.0011 effect=1.5314 (contrast=0.873 var=0.557)  0.35s/step
[2026-09-24 16:20:43] step 1870/3000  total=0.4172 action=0.0047 vision=0.0026 task=0.0000 phase=0.0005 effect=1.6391 (contrast=1.002 var=0.489)  0.35s/step
[2026-09-24 16:20:45] step 1880/3000  total=0.3875 action=0.0085 vision=0.0034 task=0.0000 phase=0.0007 effect=1.5019 (contrast=0.869 var=0.495)  0.35s/step
[2026-09-24 16:20:49] step 1890/3000  total=0.3226 action=0.0092 vision=0.0032 task=0.0000 phase=0.0010 effect=1.2407 (contrast=0.626 var=0.480)  0.35s/step
[2026-09-24 16:20:51] step 1900/3000  total=0.3195 action=0.0079 vision=0.0032 task=0.0000 phase=0.0012 effect=1.2334 (contrast=0.654 var=0.425)  0.35s/step
[2026-09-24 16:20:54] step 1910/3000  total=0.3677 action=0.0037 vision=0.0025 task=0.0000 phase=0.0004 effect=1.4455 (contrast=0.861 var=0.422)  0.35s/step
[2026-09-24 16:20:57] step 1920/3000  total=0.4071 action=0.0065 vision=0.0031 task=0.0000 phase=0.0005 effect=1.5894 (contrast=0.954 var=0.445)  0.35s/step
[2026-09-24 16:20:59] step 1930/3000  total=0.3705 action=0.0055 vision=0.0028 task=0.0000 phase=0.0008 effect=1.4481 (contrast=0.846 var=0.420)  0.35s/step
[2026-09-24 16:21:02] step 1940/3000  total=0.4019 action=0.0059 vision=0.0028 task=0.0000 phase=0.0006 effect=1.5725 (contrast=0.931 var=0.526)  0.35s/step
[2026-09-24 16:21:04] step 1950/3000  total=0.4142 action=0.0059 vision=0.0028 task=0.0000 phase=0.0019 effect=1.6210 (contrast=0.987 var=0.515)  0.35s/step
[2026-09-24 16:21:06] step 1960/3000  total=0.3732 action=0.0064 vision=0.0030 task=0.0000 phase=0.0005 effect=1.4548 (contrast=0.804 var=0.562)  0.35s/step
[2026-09-24 16:21:09] step 1970/3000  total=0.4493 action=0.0054 vision=0.0028 task=0.0000 phase=0.0008 effect=1.7640 (contrast=1.047 var=0.533)  0.35s/step
[2026-09-24 16:21:11] step 1980/3000  total=0.4121 action=0.0058 vision=0.0031 task=0.0000 phase=0.0004 effect=1.6126 (contrast=0.976 var=0.401)  0.35s/step
[2026-09-24 16:21:14] step 1990/3000  total=0.3915 action=0.0087 vision=0.0030 task=0.0000 phase=0.0008 effect=1.5188 (contrast=0.925 var=0.465)  0.35s/step
[2026-09-24 16:21:16] step 2000/3000  total=0.4545 action=0.0048 vision=0.0029 task=0.0000 phase=0.0005 effect=1.7869 (contrast=1.114 var=0.585)  0.35s/step
[2026-09-24 16:22:20]   saved cte_step_002000.pt  val_total=0.7259
[2026-09-24 16:22:21] step 2010/3000  total=0.4116 action=0.0062 vision=0.0036 task=0.0000 phase=0.0010 effect=1.6065 (contrast=0.946 var=0.494)  0.38s/step
[2026-09-24 16:22:23] step 2020/3000  total=0.3912 action=0.0056 vision=0.0030 task=0.0000 phase=0.0006 effect=1.5300 (contrast=0.906 var=0.466)  0.38s/step
[2026-09-24 16:22:26] step 2030/3000  total=0.3451 action=0.0088 vision=0.0028 task=0.0000 phase=0.0005 effect=1.3338 (contrast=0.727 var=0.481)  0.38s/step
[2026-09-24 16:22:28] step 2040/3000  total=0.3280 action=0.0053 vision=0.0026 task=0.0000 phase=0.0010 effect=1.2804 (contrast=0.723 var=0.415)  0.38s/step
[2026-09-24 16:22:31] step 2050/3000  total=0.3480 action=0.0038 vision=0.0025 task=0.0000 phase=0.0004 effect=1.3667 (contrast=0.749 var=0.462)  0.38s/step
[2026-09-24 16:22:33] step 2060/3000  total=0.3547 action=0.0077 vision=0.0032 task=0.0000 phase=0.0013 effect=1.3745 (contrast=0.735 var=0.467)  0.38s/step
[2026-09-24 16:22:36] step 2070/3000  total=0.3708 action=0.0067 vision=0.0029 task=0.0000 phase=0.0008 effect=1.4447 (contrast=0.861 var=0.457)  0.37s/step
[2026-09-24 16:22:38] step 2080/3000  total=0.3870 action=0.0114 vision=0.0033 task=0.0000 phase=0.0011 effect=1.4890 (contrast=0.859 var=0.531)  0.37s/step
[2026-09-24 16:22:41] step 2090/3000  total=0.3636 action=0.0055 vision=0.0025 task=0.0000 phase=0.0016 effect=1.4217 (contrast=0.819 var=0.511)  0.37s/step
[2026-09-24 16:22:43] step 2100/3000  total=0.3647 action=0.0073 vision=0.0029 task=0.0000 phase=0.0011 effect=1.4179 (contrast=0.844 var=0.428)  0.37s/step
[2026-09-24 16:22:45] step 2110/3000  total=0.3792 action=0.0067 vision=0.0028 task=0.0000 phase=0.0008 effect=1.4783 (contrast=0.901 var=0.434)  0.37s/step
[2026-09-24 16:22:48] step 2120/3000  total=0.4049 action=0.0056 vision=0.0025 task=0.0000 phase=0.0004 effect=1.5867 (contrast=0.922 var=0.432)  0.37s/step
[2026-09-24 16:22:50] step 2130/3000  total=0.3741 action=0.0064 vision=0.0029 task=0.0000 phase=0.0008 effect=1.4593 (contrast=0.852 var=0.423)  0.37s/step
[2026-09-24 16:22:52] step 2140/3000  total=0.3680 action=0.0053 vision=0.0026 task=0.0000 phase=0.0012 effect=1.4399 (contrast=0.856 var=0.397)  0.37s/step
[2026-09-24 16:22:55] step 2150/3000  total=0.3772 action=0.0064 vision=0.0029 task=0.0000 phase=0.0007 effect=1.4710 (contrast=0.884 var=0.418)  0.37s/step
[2026-09-24 16:22:57] step 2160/3000  total=0.3600 action=0.0048 vision=0.0025 task=0.0000 phase=0.0004 effect=1.4109 (contrast=0.767 var=0.441)  0.37s/step
[2026-09-24 16:23:00] step 2170/3000  total=0.4441 action=0.0071 vision=0.0029 task=0.0000 phase=0.0006 effect=1.7364 (contrast=1.123 var=0.427)  0.37s/step
[2026-09-24 16:23:02] step 2180/3000  total=0.4499 action=0.0103 vision=0.0032 task=0.0000 phase=0.0007 effect=1.7450 (contrast=1.069 var=0.532)  0.37s/step
[2026-09-24 16:23:04] step 2190/3000  total=0.3072 action=0.0060 vision=0.0028 task=0.0000 phase=0.0012 effect=1.1929 (contrast=0.608 var=0.438)  0.37s/step
[2026-09-24 16:23:06] step 2200/3000  total=0.3163 action=0.0056 vision=0.0023 task=0.0000 phase=0.0004 effect=1.2335 (contrast=0.552 var=0.329)  0.37s/step
[2026-09-24 16:23:09] step 2210/3000  total=0.3677 action=0.0071 vision=0.0027 task=0.0000 phase=0.0005 effect=1.4317 (contrast=0.798 var=0.537)  0.37s/step
[2026-09-24 16:23:11] step 2220/3000  total=0.3079 action=0.0055 vision=0.0027 task=0.0000 phase=0.0004 effect=1.1988 (contrast=0.629 var=0.401)  0.37s/step
[2026-09-24 16:23:14] step 2230/3000  total=0.3878 action=0.0064 vision=0.0025 task=0.0000 phase=0.0009 effect=1.5151 (contrast=0.861 var=0.512)  0.37s/step
[2026-09-24 16:23:16] step 2240/3000  total=0.4140 action=0.0060 vision=0.0030 task=0.0000 phase=0.0005 effect=1.6201 (contrast=0.983 var=0.501)  0.36s/step
[2026-09-24 16:23:19] step 2250/3000  total=0.3242 action=0.0072 vision=0.0027 task=0.0000 phase=0.0006 effect=1.2569 (contrast=0.679 var=0.328)  0.36s/step
[2026-09-24 16:23:21] step 2260/3000  total=0.4261 action=0.0053 vision=0.0026 task=0.0000 phase=0.0007 effect=1.6722 (contrast=1.015 var=0.538)  0.36s/step
[2026-09-24 16:23:24] step 2270/3000  total=0.4469 action=0.0047 vision=0.0023 task=0.0000 phase=0.0005 effect=1.7596 (contrast=1.117 var=0.536)  0.36s/step
[2026-09-24 16:23:26] step 2280/3000  total=0.3691 action=0.0066 vision=0.0027 task=0.0000 phase=0.0011 effect=1.4386 (contrast=0.828 var=0.367)  0.36s/step
[2026-09-24 16:23:28] step 2290/3000  total=0.3609 action=0.0043 vision=0.0025 task=0.0000 phase=0.0017 effect=1.4155 (contrast=0.838 var=0.460)  0.36s/step
[2026-09-24 16:23:31] step 2300/3000  total=0.3643 action=0.0069 vision=0.0028 task=0.0000 phase=0.0008 effect=1.4177 (contrast=0.821 var=0.468)  0.36s/step
[2026-09-24 16:23:33] step 2310/3000  total=0.3701 action=0.0041 vision=0.0026 task=0.0000 phase=0.0012 effect=1.4531 (contrast=0.817 var=0.409)  0.36s/step
[2026-09-24 16:23:36] step 2320/3000  total=0.4033 action=0.0043 vision=0.0024 task=0.0000 phase=0.0014 effect=1.5857 (contrast=0.975 var=0.475)  0.36s/step
[2026-09-24 16:23:39] step 2330/3000  total=0.3938 action=0.0066 vision=0.0027 task=0.0000 phase=0.0001 effect=1.5379 (contrast=0.897 var=0.384)  0.36s/step
[2026-09-24 16:23:41] step 2340/3000  total=0.3684 action=0.0045 vision=0.0023 task=0.0000 phase=0.0007 effect=1.4460 (contrast=0.812 var=0.429)  0.36s/step
[2026-09-24 16:23:45] step 2350/3000  total=0.3830 action=0.0079 vision=0.0023 task=0.0000 phase=0.0003 effect=1.4912 (contrast=0.900 var=0.421)  0.36s/step
[2026-09-24 16:23:47] step 2360/3000  total=0.3748 action=0.0054 vision=0.0025 task=0.0000 phase=0.0007 effect=1.4673 (contrast=0.822 var=0.521)  0.36s/step
[2026-09-24 16:23:50] step 2370/3000  total=0.3951 action=0.0059 vision=0.0025 task=0.0000 phase=0.0007 effect=1.5464 (contrast=0.897 var=0.443)  0.36s/step
[2026-09-24 16:23:52] step 2380/3000  total=0.4166 action=0.0061 vision=0.0026 task=0.0000 phase=0.0014 effect=1.6311 (contrast=1.048 var=0.484)  0.36s/step
[2026-09-24 16:23:56] step 2390/3000  total=0.3884 action=0.0068 vision=0.0024 task=0.0000 phase=0.0006 effect=1.5166 (contrast=0.876 var=0.402)  0.36s/step
[2026-09-24 16:23:58] step 2400/3000  total=0.3292 action=0.0062 vision=0.0028 task=0.0000 phase=0.0006 effect=1.2805 (contrast=0.707 var=0.467)  0.36s/step
[2026-09-24 16:24:01] step 2410/3000  total=0.4445 action=0.0076 vision=0.0031 task=0.0000 phase=0.0009 effect=1.7351 (contrast=1.059 var=0.587)  0.36s/step
[2026-09-24 16:24:04] step 2420/3000  total=0.3207 action=0.0058 vision=0.0024 task=0.0000 phase=0.0003 effect=1.2501 (contrast=0.706 var=0.386)  0.36s/step
[2026-09-24 16:24:07] step 2430/3000  total=0.3291 action=0.0040 vision=0.0023 task=0.0000 phase=0.0004 effect=1.2906 (contrast=0.736 var=0.416)  0.36s/step
[2026-09-24 16:24:10] step 2440/3000  total=0.3388 action=0.0046 vision=0.0025 task=0.0000 phase=0.0009 effect=1.3268 (contrast=0.754 var=0.480)  0.36s/step
[2026-09-24 16:24:13] step 2450/3000  total=0.3367 action=0.0066 vision=0.0025 task=0.0000 phase=0.0005 effect=1.3102 (contrast=0.722 var=0.461)  0.36s/step
[2026-09-24 16:24:16] step 2460/3000  total=0.3884 action=0.0049 vision=0.0023 task=0.0000 phase=0.0004 effect=1.5243 (contrast=0.823 var=0.454)  0.36s/step
[2026-09-24 16:24:19] step 2470/3000  total=0.3076 action=0.0055 vision=0.0024 task=0.0000 phase=0.0004 effect=1.1986 (contrast=0.672 var=0.391)  0.36s/step
[2026-09-24 16:24:21] step 2480/3000  total=0.3990 action=0.0069 vision=0.0027 task=0.0000 phase=0.0004 effect=1.5573 (contrast=0.949 var=0.438)  0.36s/step
[2026-09-24 16:24:24] step 2490/3000  total=0.3044 action=0.0063 vision=0.0024 task=0.0000 phase=0.0003 effect=1.1826 (contrast=0.650 var=0.329)  0.36s/step
[2026-09-24 16:24:27] step 2500/3000  total=0.3082 action=0.0060 vision=0.0028 task=0.0000 phase=0.0005 effect=1.1971 (contrast=0.625 var=0.423)  0.35s/step
[2026-09-24 16:25:39]   saved cte_step_002500.pt  val_total=0.7046
[2026-09-24 16:25:41] step 2510/3000  total=0.2923 action=0.0073 vision=0.0024 task=0.0000 phase=0.0009 effect=1.1297 (contrast=0.585 var=0.349)  0.38s/step
[2026-09-24 16:25:44] step 2520/3000  total=0.3211 action=0.0058 vision=0.0027 task=0.0000 phase=0.0007 effect=1.2503 (contrast=0.669 var=0.445)  0.38s/step
[2026-09-24 16:25:47] step 2530/3000  total=0.3763 action=0.0046 vision=0.0022 task=0.0000 phase=0.0005 effect=1.4779 (contrast=0.841 var=0.383)  0.38s/step
[2026-09-24 16:25:49] step 2540/3000  total=0.3676 action=0.0059 vision=0.0021 task=0.0000 phase=0.0009 effect=1.4381 (contrast=0.805 var=0.498)  0.38s/step
[2026-09-24 16:25:53] step 2550/3000  total=0.3770 action=0.0061 vision=0.0028 task=0.0000 phase=0.0005 effect=1.4723 (contrast=0.855 var=0.473)  0.38s/step
[2026-09-24 16:25:56] step 2560/3000  total=0.4215 action=0.0059 vision=0.0026 task=0.0000 phase=0.0008 effect=1.6516 (contrast=1.003 var=0.490)  0.38s/step
[2026-09-24 16:25:59] step 2570/3000  total=0.3166 action=0.0059 vision=0.0024 task=0.0000 phase=0.0004 effect=1.2330 (contrast=0.664 var=0.404)  0.38s/step
[2026-09-24 16:26:01] step 2580/3000  total=0.3475 action=0.0075 vision=0.0027 task=0.0000 phase=0.0001 effect=1.3489 (contrast=0.773 var=0.414)  0.38s/step
[2026-09-24 16:26:04] step 2590/3000  total=0.3867 action=0.0071 vision=0.0023 task=0.0000 phase=0.0005 effect=1.5090 (contrast=0.891 var=0.495)  0.38s/step
[2026-09-24 16:26:07] step 2600/3000  total=0.4165 action=0.0072 vision=0.0027 task=0.0000 phase=0.0008 effect=1.6264 (contrast=0.999 var=0.508)  0.38s/step
[2026-09-24 16:26:10] step 2610/3000  total=0.3238 action=0.0042 vision=0.0023 task=0.0000 phase=0.0003 effect=1.2690 (contrast=0.680 var=0.377)  0.38s/step
[2026-09-24 16:26:12] step 2620/3000  total=0.3222 action=0.0063 vision=0.0026 task=0.0000 phase=0.0004 effect=1.2530 (contrast=0.679 var=0.420)  0.38s/step
[2026-09-24 16:26:15] step 2630/3000  total=0.2862 action=0.0064 vision=0.0025 task=0.0000 phase=0.0002 effect=1.1094 (contrast=0.561 var=0.345)  0.38s/step
[2026-09-24 16:26:18] step 2640/3000  total=0.2914 action=0.0057 vision=0.0023 task=0.0000 phase=0.0007 effect=1.1337 (contrast=0.576 var=0.320)  0.38s/step
[2026-09-24 16:26:21] step 2650/3000  total=0.3596 action=0.0050 vision=0.0022 task=0.0000 phase=0.0010 effect=1.4091 (contrast=0.847 var=0.430)  0.38s/step
[2026-09-24 16:26:23] step 2660/3000  total=0.3278 action=0.0040 vision=0.0022 task=0.0000 phase=0.0010 effect=1.2861 (contrast=0.743 var=0.395)  0.38s/step
[2026-09-24 16:26:27] step 2670/3000  total=0.3422 action=0.0056 vision=0.0022 task=0.0000 phase=0.0017 effect=1.3368 (contrast=0.741 var=0.459)  0.38s/step
[2026-09-24 16:26:29] step 2680/3000  total=0.3501 action=0.0055 vision=0.0024 task=0.0000 phase=0.0006 effect=1.3685 (contrast=0.760 var=0.487)  0.38s/step
[2026-09-24 16:26:32] step 2690/3000  total=0.3501 action=0.0041 vision=0.0022 task=0.0000 phase=0.0020 effect=1.3742 (contrast=0.620 var=0.510)  0.38s/step
[2026-09-24 16:26:34] step 2700/3000  total=0.3258 action=0.0048 vision=0.0022 task=0.0000 phase=0.0007 effect=1.2751 (contrast=0.703 var=0.414)  0.38s/step
[2026-09-24 16:26:38] step 2710/3000  total=0.3480 action=0.0060 vision=0.0023 task=0.0000 phase=0.0005 effect=1.3585 (contrast=0.800 var=0.444)  0.38s/step
[2026-09-24 16:26:40] step 2720/3000  total=0.2754 action=0.0034 vision=0.0019 task=0.0000 phase=0.0006 effect=1.0802 (contrast=0.543 var=0.357)  0.38s/step
[2026-09-24 16:26:43] step 2730/3000  total=0.3887 action=0.0045 vision=0.0022 task=0.0000 phase=0.0002 effect=1.5279 (contrast=0.901 var=0.496)  0.37s/step
[2026-09-24 16:26:46] step 2740/3000  total=0.3266 action=0.0054 vision=0.0022 task=0.0000 phase=0.0002 effect=1.2758 (contrast=0.674 var=0.468)  0.37s/step
[2026-09-24 16:26:49] step 2750/3000  total=0.2986 action=0.0054 vision=0.0023 task=0.0000 phase=0.0006 effect=1.1635 (contrast=0.619 var=0.363)  0.37s/step
[2026-09-24 16:26:51] step 2760/3000  total=0.3202 action=0.0062 vision=0.0023 task=0.0000 phase=0.0004 effect=1.2466 (contrast=0.652 var=0.475)  0.37s/step
[2026-09-24 16:26:54] step 2770/3000  total=0.3352 action=0.0057 vision=0.0028 task=0.0000 phase=0.0005 effect=1.3065 (contrast=0.730 var=0.433)  0.37s/step
[2026-09-24 16:26:57] step 2780/3000  total=0.3379 action=0.0054 vision=0.0024 task=0.0000 phase=0.0007 effect=1.3199 (contrast=0.794 var=0.411)  0.37s/step
[2026-09-24 16:27:00] step 2790/3000  total=0.3601 action=0.0059 vision=0.0026 task=0.0000 phase=0.0004 effect=1.4064 (contrast=0.843 var=0.339)  0.37s/step
[2026-09-24 16:27:02] step 2800/3000  total=0.2823 action=0.0046 vision=0.0020 task=0.0000 phase=0.0003 effect=1.1025 (contrast=0.567 var=0.422)  0.37s/step
[2026-09-24 16:27:06] step 2810/3000  total=0.2609 action=0.0053 vision=0.0021 task=0.0000 phase=0.0001 effect=1.0140 (contrast=0.487 var=0.349)  0.37s/step
[2026-09-24 16:27:08] step 2820/3000  total=0.3315 action=0.0052 vision=0.0022 task=0.0000 phase=0.0003 effect=1.2962 (contrast=0.725 var=0.340)  0.37s/step
[2026-09-24 16:27:11] step 2830/3000  total=0.3607 action=0.0066 vision=0.0024 task=0.0000 phase=0.0007 effect=1.4065 (contrast=0.790 var=0.396)  0.37s/step
[2026-09-24 16:27:14] step 2840/3000  total=0.2805 action=0.0050 vision=0.0021 task=0.0000 phase=0.0008 effect=1.0931 (contrast=0.580 var=0.378)  0.37s/step
[2026-09-24 16:27:17] step 2850/3000  total=0.3636 action=0.0064 vision=0.0023 task=0.0000 phase=0.0006 effect=1.4197 (contrast=0.861 var=0.409)  0.37s/step
[2026-09-24 16:27:19] step 2860/3000  total=0.2968 action=0.0055 vision=0.0024 task=0.0000 phase=0.0007 effect=1.1552 (contrast=0.603 var=0.390)  0.37s/step
[2026-09-24 16:27:23] step 2870/3000  total=0.2624 action=0.0051 vision=0.0022 task=0.0000 phase=0.0002 effect=1.0205 (contrast=0.494 var=0.416)  0.37s/step
[2026-09-24 16:27:25] step 2880/3000  total=0.3364 action=0.0035 vision=0.0022 task=0.0000 phase=0.0004 effect=1.3223 (contrast=0.708 var=0.479)  0.37s/step
[2026-09-24 16:27:28] step 2890/3000  total=0.2978 action=0.0079 vision=0.0023 task=0.0000 phase=0.0004 effect=1.1505 (contrast=0.603 var=0.367)  0.37s/step
[2026-09-24 16:27:31] step 2900/3000  total=0.3178 action=0.0073 vision=0.0023 task=0.0000 phase=0.0005 effect=1.2329 (contrast=0.697 var=0.393)  0.37s/step
[2026-09-24 16:27:34] step 2910/3000  total=0.3309 action=0.0050 vision=0.0022 task=0.0000 phase=0.0002 effect=1.2943 (contrast=0.738 var=0.415)  0.37s/step
[2026-09-24 16:27:36] step 2920/3000  total=0.3183 action=0.0078 vision=0.0023 task=0.0000 phase=0.0003 effect=1.2324 (contrast=0.675 var=0.392)  0.37s/step
[2026-09-24 16:27:39] step 2930/3000  total=0.2892 action=0.0060 vision=0.0024 task=0.0000 phase=0.0009 effect=1.1228 (contrast=0.577 var=0.402)  0.37s/step
[2026-09-24 16:27:42] step 2940/3000  total=0.2762 action=0.0053 vision=0.0023 task=0.0000 phase=0.0005 effect=1.0743 (contrast=0.537 var=0.381)  0.37s/step
[2026-09-24 16:27:45] step 2950/3000  total=0.3246 action=0.0051 vision=0.0022 task=0.0000 phase=0.0001 effect=1.2692 (contrast=0.688 var=0.363)  0.37s/step
[2026-09-24 16:27:47] step 2960/3000  total=0.3441 action=0.0070 vision=0.0024 task=0.0000 phase=0.0008 effect=1.3383 (contrast=0.785 var=0.386)  0.37s/step
[2026-09-24 16:27:50] step 2970/3000  total=0.3491 action=0.0085 vision=0.0028 task=0.0000 phase=0.0003 effect=1.3514 (contrast=0.763 var=0.324)  0.37s/step
[2026-09-24 16:27:53] step 2980/3000  total=0.3383 action=0.0048 vision=0.0021 task=0.0000 phase=0.0004 effect=1.3254 (contrast=0.743 var=0.385)  0.37s/step
[2026-09-24 16:27:56] step 2990/3000  total=0.3394 action=0.0049 vision=0.0023 task=0.0000 phase=0.0002 effect=1.3287 (contrast=0.751 var=0.401)  0.37s/step
[2026-09-24 16:27:59] step 3000/3000  total=0.3181 action=0.0064 vision=0.0022 task=0.0000 phase=0.0002 effect=1.2377 (contrast=0.636 var=0.399)  0.37s/step
[2026-09-24 16:29:12]   saved cte_step_003000.pt  val_total=0.6973
[2026-09-24 16:29:12] done. final checkpoint: /workspace/mnt/sqzhang26/zeva-work/runs/zeva_cte/cte-v4-20260924/cte_step_003000.pt
