Using Python 3.13.15 environment at: envs/zeva
Resolved 91 packages in 19.13s
Downloading imageio-ffmpeg (28.1MiB)
Downloading tokenizers (3.1MiB)
Downloading transformers (11.4MiB)
Downloading nvidia-cudnn-frontend (2.1MiB)
Downloading uv (25.9MiB)
Downloading diffusers (5.4MiB)
Downloading hf-xet (4.0MiB)
Downloading obstore (3.6MiB)
 Downloaded nvidia-cudnn-frontend
Downloading pydantic-core (2.0MiB)
 Downloaded pydantic-core
Downloading setuptools (1.0MiB)
 Downloaded setuptools
 Downloaded tokenizers
 Downloaded obstore
 Downloaded hf-xet
   Building antlr4-python3-runtime==4.9.3
 Downloaded diffusers
      Built antlr4-python3-runtime==4.9.3
 Downloaded transformers
 Downloaded uv
 Downloaded imageio-ffmpeg
Prepared 53 packages in 12m 55s
Uninstalled 14 packages in 5.22s
Installed 59 packages in 12.79s
 + absl-py==2.4.0
 + accelerate==1.13.0
 - annotated-types==0.8.0
 + annotated-types==0.7.0
 + antlr4-python3-runtime==4.9.3
 + anyio==4.9.0
 + attrs==25.4.0
 + av==16.1.0
 + cattrs==26.1.0
 + certifi==2026.2.25
 + charset-normalizer==3.4.4
 - cuda-pathfinder==1.6.0
 + cuda-pathfinder==1.4.0
 + diffusers==0.39.0
 + dm-tree==0.1.9
 + docstring-parser==0.17.0
 - filelock==3.32.3
 + filelock==3.29.0
 - fsspec==2026.7.0
 + fsspec==2026.2.0
 + h11==0.16.0
 + hf-xet==1.3.2
 + httpcore==1.0.9
 + httpx==0.27.2
 + huggingface-hub==0.36.2
 + hydra-core==1.3.2
 + idna==3.11
 + imageio==2.37.2
 + imageio-ffmpeg==0.6.0
 - importlib-metadata==9.0.1
 + importlib-metadata==8.7.1
 + loguru==0.7.3
 + msgpack==1.1.2
 - ninja==1.13.2
 + ninja==1.13.0
 + nvidia-cudnn-frontend==1.18.0
 + nvidia-ml-py==13.590.48
 + obstore==0.8.2
 + omegaconf==2.3.0
 + openpi-client==0.1.2
 + openpi-server==0.1.0
 - packaging==26.3
 + packaging==25.0
 - pillow==12.3.0
 + pillow==12.2.0
 + psutil==7.2.2
 - pydantic==2.13.5
 + pydantic==2.12.5
 - pydantic-core==2.46.5
 + pydantic-core==2.41.5
 + regex==2026.2.28
 + requests==2.32.5
 + safetensors==0.8.0
 + scipy==1.17.1
 - setuptools==84.0.0
 + setuptools==80.10.2
 + sniffio==1.3.1
 + termcolor==3.3.0
 + tokenizers==0.22.2
 + tqdm==4.67.3
 + transformers==4.57.6
 + typeguard==4.5.1
 - typing-extensions==4.16.0
 + typing-extensions==4.15.0
 - typing-inspection==0.4.4
 + typing-inspection==0.4.2
 + tyro==1.0.8
 + urllib3==2.6.3
 + uv==0.11.28
 + websockets==16.0
 + wrapt==1.17.3
 - zipp==4.1.0
 + zipp==3.23.0
